Archive member included to satisfy reference by file (symbol)

/home/abhishek/udoo/udoo-neo_custom_linux/m4/gcc-arm-none-eabi-7-2018-q2-update-linux/gcc-arm-none-eabi-7-2018-q2-update/bin/../lib/gcc/arm-none-eabi/7.3.1/../../../../arm-none-eabi/lib/thumb/v7e-m/fpv4-sp/hard/libc_nano.a(lib_a-assert.o)
                              CMakeFiles/rpmsg_str_echo_freertos_example.dir/home/abhishek/udoo/udoo-neo_custom_linux/m4/FreeRTOS_BSP_1.0.1_iMX6SX/examples/imx6sx_sdb_m4/demo_apps/rpmsg/str_echo_freertos/str_echo_freertos.c.obj (__assert_func)
/home/abhishek/udoo/udoo-neo_custom_linux/m4/gcc-arm-none-eabi-7-2018-q2-update-linux/gcc-arm-none-eabi-7-2018-q2-update/bin/../lib/gcc/arm-none-eabi/7.3.1/../../../../arm-none-eabi/lib/thumb/v7e-m/fpv4-sp/hard/libc_nano.a(lib_a-exit.o)
                              /home/abhishek/udoo/udoo-neo_custom_linux/m4/gcc-arm-none-eabi-7-2018-q2-update-linux/gcc-arm-none-eabi-7-2018-q2-update/bin/../lib/gcc/arm-none-eabi/7.3.1/../../../../arm-none-eabi/lib/thumb/v7e-m/fpv4-sp/hard/crt0.o (exit)
/home/abhishek/udoo/udoo-neo_custom_linux/m4/gcc-arm-none-eabi-7-2018-q2-update-linux/gcc-arm-none-eabi-7-2018-q2-update/bin/../lib/gcc/arm-none-eabi/7.3.1/../../../../arm-none-eabi/lib/thumb/v7e-m/fpv4-sp/hard/libc_nano.a(lib_a-fprintf.o)
                              /home/abhishek/udoo/udoo-neo_custom_linux/m4/gcc-arm-none-eabi-7-2018-q2-update-linux/gcc-arm-none-eabi-7-2018-q2-update/bin/../lib/gcc/arm-none-eabi/7.3.1/../../../../arm-none-eabi/lib/thumb/v7e-m/fpv4-sp/hard/libc_nano.a(lib_a-assert.o) (fiprintf)
/home/abhishek/udoo/udoo-neo_custom_linux/m4/gcc-arm-none-eabi-7-2018-q2-update-linux/gcc-arm-none-eabi-7-2018-q2-update/bin/../lib/gcc/arm-none-eabi/7.3.1/../../../../arm-none-eabi/lib/thumb/v7e-m/fpv4-sp/hard/libc_nano.a(lib_a-impure.o)
                              /home/abhishek/udoo/udoo-neo_custom_linux/m4/gcc-arm-none-eabi-7-2018-q2-update-linux/gcc-arm-none-eabi-7-2018-q2-update/bin/../lib/gcc/arm-none-eabi/7.3.1/../../../../arm-none-eabi/lib/thumb/v7e-m/fpv4-sp/hard/libc_nano.a(lib_a-exit.o) (_global_impure_ptr)
/home/abhishek/udoo/udoo-neo_custom_linux/m4/gcc-arm-none-eabi-7-2018-q2-update-linux/gcc-arm-none-eabi-7-2018-q2-update/bin/../lib/gcc/arm-none-eabi/7.3.1/../../../../arm-none-eabi/lib/thumb/v7e-m/fpv4-sp/hard/libc_nano.a(lib_a-init.o)
                              /home/abhishek/udoo/udoo-neo_custom_linux/m4/gcc-arm-none-eabi-7-2018-q2-update-linux/gcc-arm-none-eabi-7-2018-q2-update/bin/../lib/gcc/arm-none-eabi/7.3.1/../../../../arm-none-eabi/lib/thumb/v7e-m/fpv4-sp/hard/crt0.o (__libc_init_array)
/home/abhishek/udoo/udoo-neo_custom_linux/m4/gcc-arm-none-eabi-7-2018-q2-update-linux/gcc-arm-none-eabi-7-2018-q2-update/bin/../lib/gcc/arm-none-eabi/7.3.1/../../../../arm-none-eabi/lib/thumb/v7e-m/fpv4-sp/hard/libc_nano.a(lib_a-memcpy-stub.o)
                              CMakeFiles/rpmsg_str_echo_freertos_example.dir/home/abhishek/udoo/udoo-neo_custom_linux/m4/FreeRTOS_BSP_1.0.1_iMX6SX/examples/imx6sx_sdb_m4/demo_apps/rpmsg/str_echo_freertos/str_echo_freertos.c.obj (memcpy)
/home/abhishek/udoo/udoo-neo_custom_linux/m4/gcc-arm-none-eabi-7-2018-q2-update-linux/gcc-arm-none-eabi-7-2018-q2-update/bin/../lib/gcc/arm-none-eabi/7.3.1/../../../../arm-none-eabi/lib/thumb/v7e-m/fpv4-sp/hard/libc_nano.a(lib_a-memset.o)
                              /home/abhishek/udoo/udoo-neo_custom_linux/m4/gcc-arm-none-eabi-7-2018-q2-update-linux/gcc-arm-none-eabi-7-2018-q2-update/bin/../lib/gcc/arm-none-eabi/7.3.1/../../../../arm-none-eabi/lib/thumb/v7e-m/fpv4-sp/hard/crt0.o (memset)
/home/abhishek/udoo/udoo-neo_custom_linux/m4/gcc-arm-none-eabi-7-2018-q2-update-linux/gcc-arm-none-eabi-7-2018-q2-update/bin/../lib/gcc/arm-none-eabi/7.3.1/../../../../arm-none-eabi/lib/thumb/v7e-m/fpv4-sp/hard/libc_nano.a(lib_a-nano-vfprintf.o)
                              /home/abhishek/udoo/udoo-neo_custom_linux/m4/gcc-arm-none-eabi-7-2018-q2-update-linux/gcc-arm-none-eabi-7-2018-q2-update/bin/../lib/gcc/arm-none-eabi/7.3.1/../../../../arm-none-eabi/lib/thumb/v7e-m/fpv4-sp/hard/libc_nano.a(lib_a-fprintf.o) (_vfprintf_r)
/home/abhishek/udoo/udoo-neo_custom_linux/m4/gcc-arm-none-eabi-7-2018-q2-update-linux/gcc-arm-none-eabi-7-2018-q2-update/bin/../lib/gcc/arm-none-eabi/7.3.1/../../../../arm-none-eabi/lib/thumb/v7e-m/fpv4-sp/hard/libc_nano.a(lib_a-nano-vfprintf_i.o)
                              /home/abhishek/udoo/udoo-neo_custom_linux/m4/gcc-arm-none-eabi-7-2018-q2-update-linux/gcc-arm-none-eabi-7-2018-q2-update/bin/../lib/gcc/arm-none-eabi/7.3.1/../../../../arm-none-eabi/lib/thumb/v7e-m/fpv4-sp/hard/libc_nano.a(lib_a-nano-vfprintf.o) (_printf_i)
/home/abhishek/udoo/udoo-neo_custom_linux/m4/gcc-arm-none-eabi-7-2018-q2-update-linux/gcc-arm-none-eabi-7-2018-q2-update/bin/../lib/gcc/arm-none-eabi/7.3.1/../../../../arm-none-eabi/lib/thumb/v7e-m/fpv4-sp/hard/libc_nano.a(lib_a-strcmp.o)
[...]
Memory Configuration

Name             Origin             Length             Attributes
m_interrupts     0x000000001fff8000 0x0000000000000240 xr
m_text           0x000000001fff8240 0x0000000000007dc0 xr
m_data           0x0000000020000000 0x0000000000008000 rw
*default*        0x0000000000000000 0xffffffffffffffff

Linker script and memory map

LOAD /home/abhishek/udoo/udoo-neo_custom_linux/m4/gcc-arm-none-eabi-7-2018-q2-update-linux/gcc-arm-none-eabi-7-2018-q2-update/bin/../lib/gcc/arm-none-eabi/7.3.1/thumb/v7e-m/fpv4-sp/hard/crti.o
LOAD /home/abhishek/udoo/udoo-neo_custom_linux/m4/gcc-arm-none-eabi-7-2018-q2-update-linux/gcc-arm-none-eabi-7-2018-q2-update/bin/../lib/gcc/arm-none-eabi/7.3.1/thumb/v7e-m/fpv4-sp/hard/crtbegin.o
LOAD /home/abhishek/udoo/udoo-neo_custom_linux/m4/gcc-arm-none-eabi-7-2018-q2-update-linux/gcc-arm-none-eabi-7-2018-q2-update/bin/../lib/gcc/arm-none-eabi/7.3.1/../../../../arm-none-eabi/lib/thumb/v7e-m/fpv4-sp/hard/crt0.o
LOAD /home/abhishek/udoo/udoo-neo_custom_linux/m4/gcc-arm-none-eabi-7-2018-q2-update-linux/gcc-arm-none-eabi-7-2018-q2-update/bin/../lib/gcc/arm-none-eabi/7.3.1/../../../../arm-none-eabi/lib/thumb/v7e-m/fpv4-sp/hard/libm.a
LOAD CMakeFiles/rpmsg_str_echo_freertos_example.dir/home/abhishek/udoo/udoo-neo_custom_linux/m4/FreeRTOS_BSP_1.0.1_iMX6SX/rtos/FreeRTOS/Source/portable/GCC/ARM_CM4F/port.c.obj
LOAD CMakeFiles/rpmsg_str_echo_freertos_example.dir/home/abhishek/udoo/udoo-neo_custom_linux/m4/FreeRTOS_BSP_1.0.1_iMX6SX/platform/devices/MCIMX6X/startup/gcc/startup_MCIMX6X_M4.S.obj
LOAD CMakeFiles/rpmsg_str_echo_freertos_example.dir/home/abhishek/udoo/udoo-neo_custom_linux/m4/FreeRTOS_BSP_1.0.1_iMX6SX/rtos/FreeRTOS/Source/portable/MemMang/heap_2.c.obj
LOAD CMakeFiles/rpmsg_str_echo_freertos_example.dir/home/abhishek/udoo/udoo-neo_custom_linux/m4/FreeRTOS_BSP_1.0.1_iMX6SX/examples/imx6sx_sdb_m4/demo_apps/rpmsg/str_echo_freertos/str_echo_freertos.c.obj
LOAD CMakeFiles/rpmsg_str_echo_freertos_example.dir/home/abhishek/udoo/udoo-neo_custom_linux/m4/FreeRTOS_BSP_1.0.1_iMX6SX/middleware/multicore/open-amp/rpmsg/rpmsg_rtos.c.obj
LOAD CMakeFiles/rpmsg_str_echo_freertos_example.dir/home/abhishek/udoo/udoo-neo_custom_linux/m4/FreeRTOS_BSP_1.0.1_iMX6SX/middleware/multicore/open-amp/porting/imx6sx_m4/platform.c.obj
LOAD CMakeFiles/rpmsg_str_echo_freertos_example.dir/home/abhishek/udoo/udoo-neo_custom_linux/m4/FreeRTOS_BSP_1.0.1_iMX6SX/middleware/multicore/open-amp/porting/imx6sx_m4/platform_info.c.obj
LOAD CMakeFiles/rpmsg_str_echo_freertos_example.dir/home/abhishek/udoo/udoo-neo_custom_linux/m4/FreeRTOS_BSP_1.0.1_iMX6SX/middleware/multicore/open-amp/common/hil/hil.c.obj
LOAD CMakeFiles/rpmsg_str_echo_freertos_example.dir/home/abhishek/udoo/udoo-neo_custom_linux/m4/FreeRTOS_BSP_1.0.1_iMX6SX/middleware/multicore/open-amp/common/llist/llist.c.obj
LOAD CMakeFiles/rpmsg_str_echo_freertos_example.dir/home/abhishek/udoo/udoo-neo_custom_linux/m4/FreeRTOS_BSP_1.0.1_iMX6SX/middleware/multicore/open-amp/common/shm/sh_mem.c.obj
LOAD CMakeFiles/rpmsg_str_echo_freertos_example.dir/home/abhishek/udoo/udoo-neo_custom_linux/m4/FreeRTOS_BSP_1.0.1_iMX6SX/middleware/multicore/open-amp/porting/config/config.c.obj
LOAD CMakeFiles/rpmsg_str_echo_freertos_example.dir/home/abhishek/udoo/udoo-neo_custom_linux/m4/FreeRTOS_BSP_1.0.1_iMX6SX/middleware/multicore/open-amp/rpmsg/remote_device.c.obj
LOAD CMakeFiles/rpmsg_str_echo_freertos_example.dir/home/abhishek/udoo/udoo-neo_custom_linux/m4/FreeRTOS_BSP_1.0.1_iMX6SX/middleware/multicore/open-amp/rpmsg/rpmsg.c.obj
LOAD CMakeFiles/rpmsg_str_echo_freertos_example.dir/home/abhishek/udoo/udoo-neo_custom_linux/m4/FreeRTOS_BSP_1.0.1_iMX6SX/middleware/multicore/open-amp/rpmsg/rpmsg_ext.c.obj
LOAD CMakeFiles/rpmsg_str_echo_freertos_example.dir/home/abhishek/udoo/udoo-neo_custom_linux/m4/FreeRTOS_BSP_1.0.1_iMX6SX/middleware/multicore/open-amp/rpmsg/rpmsg_core.c.obj
LOAD CMakeFiles/rpmsg_str_echo_freertos_example.dir/home/abhishek/udoo/udoo-neo_custom_linux/m4/FreeRTOS_BSP_1.0.1_iMX6SX/middleware/multicore/open-amp/virtio/virtio.c.obj
LOAD CMakeFiles/rpmsg_str_echo_freertos_example.dir/home/abhishek/udoo/udoo-neo_custom_linux/m4/FreeRTOS_BSP_1.0.1_iMX6SX/middleware/multicore/open-amp/virtio/virtqueue.c.obj
LOAD CMakeFiles/rpmsg_str_echo_freertos_example.dir/home/abhishek/udoo/udoo-neo_custom_linux/m4/FreeRTOS_BSP_1.0.1_iMX6SX/middleware/multicore/open-amp/porting/env/freertos/rpmsg_porting.c.obj
LOAD CMakeFiles/rpmsg_str_echo_freertos_example.dir/home/abhishek/udoo/udoo-neo_custom_linux/m4/FreeRTOS_BSP_1.0.1_iMX6SX/rtos/FreeRTOS/Source/croutine.c.obj
LOAD CMakeFiles/rpmsg_str_echo_freertos_example.dir/home/abhishek/udoo/udoo-neo_custom_linux/m4/FreeRTOS_BSP_1.0.1_iMX6SX/rtos/FreeRTOS/Source/event_groups.c.obj
LOAD CMakeFiles/rpmsg_str_echo_freertos_example.dir/home/abhishek/udoo/udoo-neo_custom_linux/m4/FreeRTOS_BSP_1.0.1_iMX6SX/rtos/FreeRTOS/Source/list.c.obj
LOAD CMakeFiles/rpmsg_str_echo_freertos_example.dir/home/abhishek/udoo/udoo-neo_custom_linux/m4/FreeRTOS_BSP_1.0.1_iMX6SX/rtos/FreeRTOS/Source/queue.c.obj
LOAD CMakeFiles/rpmsg_str_echo_freertos_example.dir/home/abhishek/udoo/udoo-neo_custom_linux/m4/FreeRTOS_BSP_1.0.1_iMX6SX/rtos/FreeRTOS/Source/tasks.c.obj
LOAD CMakeFiles/rpmsg_str_echo_freertos_example.dir/home/abhishek/udoo/udoo-neo_custom_linux/m4/FreeRTOS_BSP_1.0.1_iMX6SX/rtos/FreeRTOS/Source/timers.c.obj
LOAD CMakeFiles/rpmsg_str_echo_freertos_example.dir/home/abhishek/udoo/udoo-neo_custom_linux/m4/FreeRTOS_BSP_1.0.1_iMX6SX/platform/drivers/src/ccm_analog_imx6sx.c.obj
LOAD CMakeFiles/rpmsg_str_echo_freertos_example.dir/home/abhishek/udoo/udoo-neo_custom_linux/m4/FreeRTOS_BSP_1.0.1_iMX6SX/platform/drivers/src/ccm_imx6sx.c.obj
LOAD CMakeFiles/rpmsg_str_echo_freertos_example.dir/home/abhishek/udoo/udoo-neo_custom_linux/m4/FreeRTOS_BSP_1.0.1_iMX6SX/platform/drivers/src/lmem.c.obj
LOAD CMakeFiles/rpmsg_str_echo_freertos_example.dir/home/abhishek/udoo/udoo-neo_custom_linux/m4/FreeRTOS_BSP_1.0.1_iMX6SX/platform/drivers/src/rdc.c.obj
LOAD CMakeFiles/rpmsg_str_echo_freertos_example.dir/home/abhishek/udoo/udoo-neo_custom_linux/m4/FreeRTOS_BSP_1.0.1_iMX6SX/platform/drivers/src/wdog_imx.c.obj
LOAD CMakeFiles/rpmsg_str_echo_freertos_example.dir/home/abhishek/udoo/udoo-neo_custom_linux/m4/FreeRTOS_BSP_1.0.1_iMX6SX/platform/utilities/src/debug_console_imx.c.obj
LOAD CMakeFiles/rpmsg_str_echo_freertos_example.dir/home/abhishek/udoo/udoo-neo_custom_linux/m4/FreeRTOS_BSP_1.0.1_iMX6SX/platform/utilities/src/print_scan.c.obj
LOAD CMakeFiles/rpmsg_str_echo_freertos_example.dir/home/abhishek/udoo/udoo-neo_custom_linux/m4/FreeRTOS_BSP_1.0.1_iMX6SX/platform/devices/MCIMX6X/startup/system_MCIMX6X_M4.c.obj
LOAD CMakeFiles/rpmsg_str_echo_freertos_example.dir/home/abhishek/udoo/udoo-neo_custom_linux/m4/FreeRTOS_BSP_1.0.1_iMX6SX/examples/imx6sx_sdb_m4/pin_mux.c.obj
LOAD CMakeFiles/rpmsg_str_echo_freertos_example.dir/home/abhishek/udoo/udoo-neo_custom_linux/m4/FreeRTOS_BSP_1.0.1_iMX6SX/examples/imx6sx_sdb_m4/board.c.obj
LOAD CMakeFiles/rpmsg_str_echo_freertos_example.dir/home/abhishek/udoo/udoo-neo_custom_linux/m4/FreeRTOS_BSP_1.0.1_iMX6SX/examples/imx6sx_sdb_m4/clock_freq.c.obj
LOAD CMakeFiles/rpmsg_str_echo_freertos_example.dir/home/abhishek/udoo/udoo-neo_custom_linux/m4/FreeRTOS_BSP_1.0.1_iMX6SX/examples/imx6sx_sdb_m4/demo_apps/rpmsg/str_echo_freertos/hardware_init.c.obj
LOAD CMakeFiles/rpmsg_str_echo_freertos_example.dir/home/abhishek/udoo/udoo-neo_custom_linux/m4/FreeRTOS_BSP_1.0.1_iMX6SX/platform/drivers/src/uart_imx.c.obj
LOAD CMakeFiles/rpmsg_str_echo_freertos_example.dir/home/abhishek/udoo/udoo-neo_custom_linux/m4/FreeRTOS_BSP_1.0.1_iMX6SX/platform/drivers/src/mu_imx.c.obj
START GROUP
LOAD /home/abhishek/udoo/udoo-neo_custom_linux/m4/gcc-arm-none-eabi-7-2018-q2-update-linux/gcc-arm-none-eabi-7-2018-q2-update/bin/../lib/gcc/arm-none-eabi/7.3.1/../../../../arm-none-eabi/lib/thumb/v7e-m/fpv4-sp/hard/libm.a
LOAD /home/abhishek/udoo/udoo-neo_custom_linux/m4/gcc-arm-none-eabi-7-2018-q2-update-linux/gcc-arm-none-eabi-7-2018-q2-update/bin/../lib/gcc/arm-none-eabi/7.3.1/../../../../arm-none-eabi/lib/thumb/v7e-m/fpv4-sp/hard/libc_nano.a
LOAD /home/abhishek/udoo/udoo-neo_custom_linux/m4/gcc-arm-none-eabi-7-2018-q2-update-linux/gcc-arm-none-eabi-7-2018-q2-update/bin/../lib/gcc/arm-none-eabi/7.3.1/thumb/v7e-m/fpv4-sp/hard/libgcc.a
LOAD /home/abhishek/udoo/udoo-neo_custom_linux/m4/gcc-arm-none-eabi-7-2018-q2-update-linux/gcc-arm-none-eabi-7-2018-q2-update/bin/../lib/gcc/arm-none-eabi/7.3.1/../../../../arm-none-eabi/lib/thumb/v7e-m/fpv4-sp/hard/libnosys.a
END GROUP
START GROUP
LOAD /home/abhishek/udoo/udoo-neo_custom_linux/m4/gcc-arm-none-eabi-7-2018-q2-update-linux/gcc-arm-none-eabi-7-2018-q2-update/bin/../lib/gcc/arm-none-eabi/7.3.1/thumb/v7e-m/fpv4-sp/hard/libgcc.a
LOAD /home/abhishek/udoo/udoo-neo_custom_linux/m4/gcc-arm-none-eabi-7-2018-q2-update-linux/gcc-arm-none-eabi-7-2018-q2-update/bin/../lib/gcc/arm-none-eabi/7.3.1/../../../../arm-none-eabi/lib/thumb/v7e-m/fpv4-sp/hard/libc_nano.a
END GROUP
START GROUP
LOAD /home/abhishek/udoo/udoo-neo_custom_linux/m4/gcc-arm-none-eabi-7-2018-q2-update-linux/gcc-arm-none-eabi-7-2018-q2-update/bin/../lib/gcc/arm-none-eabi/7.3.1/thumb/v7e-m/fpv4-sp/hard/libgcc.a
LOAD /home/abhishek/udoo/udoo-neo_custom_linux/m4/gcc-arm-none-eabi-7-2018-q2-update-linux/gcc-arm-none-eabi-7-2018-q2-update/bin/../lib/gcc/arm-none-eabi/7.3.1/../../../../arm-none-eabi/lib/thumb/v7e-m/fpv4-sp/hard/libc_nano.a
END GROUP
LOAD /home/abhishek/udoo/udoo-neo_custom_linux/m4/gcc-arm-none-eabi-7-2018-q2-update-linux/gcc-arm-none-eabi-7-2018-q2-update/bin/../lib/gcc/arm-none-eabi/7.3.1/thumb/v7e-m/fpv4-sp/hard/crtend.o
LOAD /home/abhishek/udoo/udoo-neo_custom_linux/m4/gcc-arm-none-eabi-7-2018-q2-update-linux/gcc-arm-none-eabi-7-2018-q2-update/bin/../lib/gcc/arm-none-eabi/7.3.1/thumb/v7e-m/fpv4-sp/hard/crtn.o
                0x0000000000000400                HEAP_SIZE = DEFINED (__heap_size__)?__heap_size__:0x400
                0x0000000000000400                STACK_SIZE = DEFINED (__stack_size__)?__stack_size__:0x400

.interrupts     0x000000001fff8000      0x240
                0x000000001fff8000                __VECTOR_TABLE = .
                0x000000001fff8000                . = ALIGN (0x4)
 *(.isr_vector)
 .isr_vector    0x000000001fff8000      0x240 CMakeFiles/rpmsg_str_echo_freertos_example.dir/home/abhishek/udoo/udoo-neo_custom_linux/m4/FreeRTOS_BSP_1.0.1_iMX6SX/platform/devices/MCIMX6X/startup/gcc/startup_MCIMX6X_M4.S.obj
                0x000000001fff8000                __isr_vector
                0x000000001fff8240                . = ALIGN (0x4)

.text           0x000000001fff8240     0x4bb8
                0x000000001fff8240                . = ALIGN (0x4)
 *(.text)
 .text          0x000000001fff8240       0x40 /home/abhishek/udoo/udoo-neo_custom_linux/m4/gcc-arm-none-eabi-7-2018-q2-update-linux/gcc-arm-none-eabi-7-2018-q2-update/bin/../lib/gcc/arm-none-eabi/7.3.1/thumb/v7e-m/fpv4-sp/hard/crtbegin.o
 .text          0x000000001fff8280       0x74 /home/abhishek/udoo/udoo-neo_custom_linux/m4/gcc-arm-none-eabi-7-2018-q2-update-linux/gcc-arm-none-eabi-7-2018-q2-update/bin/../lib/gcc/arm-none-eabi/7.3.1/../../../../arm-none-eabi/lib/thumb/v7e-m/fpv4-sp/hard/crt0.o
                0x000000001fff8280                _mainCRTStartup
                0x000000001fff8280                _start
 .text          0x000000001fff82f4       0x30 CMakeFiles/rpmsg_str_echo_freertos_example.dir/home/abhishek/udoo/udoo-neo_custom_linux/m4/FreeRTOS_BSP_1.0.1_iMX6SX/platform/devices/MCIMX6X/startup/gcc/startup_MCIMX6X_M4.S.obj
                0x000000001fff82f4                Reset_Handler
                0x000000001fff8320                GPIO6_Combined_0_15_Handler
                0x000000001fff8320                DebugMon_Handler
                0x000000001fff8320                eCSPI4_Handler
                0x000000001fff8320                FLEXCAN1_Handler
                0x000000001fff8320                UART3_Handler
                0x000000001fff8320                SNVS_Consolidated_Handler
                0x000000001fff8320                UART2_Handler
                0x000000001fff8320                GPIO1_INT3_Handler
                0x000000001fff8320                HardFault_Handler
                0x000000001fff8320                QSPI1_Handler
                0x000000001fff8320                SRC_Handler
                0x000000001fff8320                CCM2_Handler
                0x000000001fff8320                I2C1_Handler
                0x000000001fff8320                NMI_Handler
                0x000000001fff8320                SAI1_Handler
                0x000000001fff8320                KPP_Handler
                0x000000001fff8320                USB_OTG1_Handler
                0x000000001fff8320                CPU_Perfomance_Handler
                0x000000001fff8320                ENET1_Timer_Handler
                0x000000001fff8320                MLB_Channels_31_0_Handler
                0x000000001fff8320                LCDIF2_Handler
                0x000000001fff8320                PWM2_PWM6_Handler
                0x000000001fff8320                EPIT2_Handler
                0x000000001fff8320                SSI1_Handler
                0x000000001fff8320                Reserved129_Handler
                0x000000001fff8320                uSDHC2_Handler
                0x000000001fff8320                GPIO1_INT6_Handler
                0x000000001fff8320                CORTEX_M4_Handler
                0x000000001fff8320                DCIC1_Handler
                0x000000001fff8320                GPIO2_Combined_0_15_Handler
                0x000000001fff8320                RDC_Handler
                0x000000001fff8320                PXP_Handler
                0x000000001fff8320                GPIO3_Combined_16_31_Handler
                0x000000001fff8320                CCM1_Handler
                0x000000001fff8320                Reserved19_Handler
                0x000000001fff8320                UsageFault_Handler
                0x000000001fff8320                ADC1_Handler
                0x000000001fff8320                CPU_CTI_Trigger_Handler
                0x000000001fff8320                GPIO1_INT0_Handler
                0x000000001fff8320                PCIe4_Handler
                0x000000001fff8320                DefaultISR
                0x000000001fff8320                WDOG3_Handler
                0x000000001fff8320                SAI2_Handler
                0x000000001fff8320                PWM3_PWM7_Handler
                0x000000001fff8320                ENET2_Timer_Handler
                0x000000001fff8320                eCSPI1_Handler
                0x000000001fff8320                CSI1_Handler
                0x000000001fff8320                SJC_Handler
                0x000000001fff8320                GPC_Handler
                0x000000001fff8320                MLB_Error_Handler
                0x000000001fff8320                PWM1_PWM5_Handler
                0x000000001fff8320                Reserved128_Handler
                0x000000001fff8320                SRC_WDOG_Handler
                0x000000001fff8320                UART1_Handler
                0x000000001fff8320                SSI2_Handler
                0x000000001fff8320                eCSPI3_Handler
                0x000000001fff8320                BCH_Handler
                0x000000001fff8320                PMU_BrownOutCore_Handler
                0x000000001fff8320                CAAM0_Handler
                0x000000001fff8320                ASRC_Handler
                0x000000001fff8320                CPU_L2_Handler
                0x000000001fff8320                USB_HISC_Handler
                0x000000001fff8320                LCDIF1_Handler
                0x000000001fff8320                GPIO4_Combined_16_31_Handler
                0x000000001fff8320                GPMI_Handler
                0x000000001fff8320                GPIO5_Combined_0_15_Handler
                0x000000001fff8320                SSI3_Handler
                0x000000001fff8320                I2C4_Handler
                0x000000001fff8320                CANFD1_Handler
                0x000000001fff8320                Reserved25_Handler
                0x000000001fff8320                TZASC_Handler
                0x000000001fff8320                UART4_Handler
                0x000000001fff8320                GPIO1_INT1_Handler
                0x000000001fff8320                uSDHC3_Handler
                0x000000001fff8320                EIM_Handler
                0x000000001fff8320                UART6_Handler
                0x000000001fff8320                PCIe2_Handler
                0x000000001fff8320                GPIO1_INT4_Handler
                0x000000001fff8320                MLB_Channels_63_32_Handler
                0x000000001fff8320                GPIO7_Combined_16_31_Handler
                0x000000001fff8320                GPIO6_Combined_16_31_Handler
                0x000000001fff8320                GPIO2_Combined_16_31_Handler
                0x000000001fff8320                DCIC2_Handler
                0x000000001fff8320                PWM4_PWM8_Handler
                0x000000001fff8320                uSDHC1_Handler
                0x000000001fff8320                QSPI2_Handler
                0x000000001fff8320                CPU_Parity_Handler
                0x000000001fff8320                SDMA_Handler
                0x000000001fff8320                ENET2_Handler
                0x000000001fff8320                MemManage_Handler
                0x000000001fff8320                I2C2_Handler
                0x000000001fff8320                GPIO5_Combined_16_31_Handler
                0x000000001fff8320                MU_A9_Handler
                0x000000001fff8320                DAP_Handler
                0x000000001fff8320                CSI2_Handler
                0x000000001fff8320                eCSPI2_Handler
                0x000000001fff8320                WDOG2_Handler
                0x000000001fff8320                FLEXCAN2_Handler
                0x000000001fff8320                SEMA4_CP0_Handler
                0x000000001fff8320                USB_PHY_UTMI1_Handler
                0x000000001fff8320                GPT_Handler
                0x000000001fff8320                GPIO7_Combined_0_15_Handler
                0x000000001fff8320                APBH_DMA_Handler
                0x000000001fff8320                SEMA4_CP1_Handler
                0x000000001fff8320                PCIe3_Handler
                0x000000001fff8320                GPIO1_INT5_Handler
                0x000000001fff8320                SNVS_Security_Handler
                0x000000001fff8320                GPIO1_Combined_0_15_Handler
                0x000000001fff8320                GPIO1_INT2_Handler
                0x000000001fff8320                UART5_Handler
                0x000000001fff8320                PCIe1_Handler
                0x000000001fff8320                GPIO1_INT7_Handler
                0x000000001fff8320                I2C3_Handler
                0x000000001fff8320                eCSPI5_Handler
                0x000000001fff8320                uSDHC4_Handler
                0x000000001fff8320                CSU_Handler
                0x000000001fff8320                GPU_Handler
                0x000000001fff8320                GPIO4_Combined_0_15_Handler
                0x000000001fff8320                EPIT1_Handler
                0x000000001fff8320                CAAM1_Handler
                0x000000001fff8320                GPIO1_Combined_16_31_Handler
                0x000000001fff8320                CANFD2_Handler
                0x000000001fff8320                USB_OTG2_Handler
                0x000000001fff8320                SPDIF_Handler
                0x000000001fff8320                GPIO3_Combined_0_15_Handler
                0x000000001fff8320                BusFault_Handler
                0x000000001fff8320                SNVS_PMIC_Handler
                0x000000001fff8320                USB_PHY_UTMI0_Handler
                0x000000001fff8320                ESAI_Handler
                0x000000001fff8320                PMU_BrownOut_Handler
                0x000000001fff8320                TEMPMON_Handler
                0x000000001fff8320                WDOG1_Handler
                0x000000001fff8320                ADC2_Handler
                0x000000001fff8320                ENET1_Handler
 .text          0x000000001fff8324       0x10 /home/abhishek/udoo/udoo-neo_custom_linux/m4/gcc-arm-none-eabi-7-2018-q2-update-linux/gcc-arm-none-eabi-7-2018-q2-update/bin/../lib/gcc/arm-none-eabi/7.3.1/../../../../arm-none-eabi/lib/thumb/v7e-m/fpv4-sp/hard/libc_nano.a(lib_a-strlen.o)
                0x000000001fff8324                strlen
 *fill*         0x000000001fff8334        0xc 
 .text          0x000000001fff8340       0xa0 /home/abhishek/udoo/udoo-neo_custom_linux/m4/gcc-arm-none-eabi-7-2018-q2-update-linux/gcc-arm-none-eabi-7-2018-q2-update/bin/../lib/gcc/arm-none-eabi/7.3.1/../../../../arm-none-eabi/lib/thumb/v7e-m/fpv4-sp/hard/libc_nano.a(lib_a-memchr.o)
                0x000000001fff8340                memchr
 *(.text*)
 .text.prvPortStartFirstTask
                0x000000001fff83e0       0x1c CMakeFiles/rpmsg_str_echo_freertos_example.dir/home/abhishek/udoo/udoo-neo_custom_linux/m4/FreeRTOS_BSP_1.0.1_iMX6SX/rtos/FreeRTOS/Source/portable/GCC/ARM_CM4F/port.c.obj
 .text.vPortEnableVFP
                0x000000001fff83fc       0x14 CMakeFiles/rpmsg_str_echo_freertos_example.dir/home/abhishek/udoo/udoo-neo_custom_linux/m4/FreeRTOS_BSP_1.0.1_iMX6SX/rtos/FreeRTOS/Source/portable/GCC/ARM_CM4F/port.c.obj
 .text.pxPortInitialiseStack
                0x000000001fff8410       0x24 CMakeFiles/rpmsg_str_echo_freertos_example.dir/home/abhishek/udoo/udoo-neo_custom_linux/m4/FreeRTOS_BSP_1.0.1_iMX6SX/rtos/FreeRTOS/Source/portable/GCC/ARM_CM4F/port.c.obj
                0x000000001fff8410                pxPortInitialiseStack
 .text.SVC_Handler
                0x000000001fff8434       0x20 CMakeFiles/rpmsg_str_echo_freertos_example.dir/home/abhishek/udoo/udoo-neo_custom_linux/m4/FreeRTOS_BSP_1.0.1_iMX6SX/rtos/FreeRTOS/Source/portable/GCC/ARM_CM4F/port.c.obj
                0x000000001fff8434                SVC_Handler
 .text.vPortYield
                0x000000001fff8454       0x18 CMakeFiles/rpmsg_str_echo_freertos_example.dir/home/abhishek/udoo/udoo-neo_custom_linux/m4/FreeRTOS_BSP_1.0.1_iMX6SX/rtos/FreeRTOS/Source/portable/GCC/ARM_CM4F/port.c.obj
                0x000000001fff8454                vPortYield
 .text.ulPortSetInterruptMask
                0x000000001fff846c       0x10 CMakeFiles/rpmsg_str_echo_freertos_example.dir/home/abhishek/udoo/udoo-neo_custom_linux/m4/FreeRTOS_BSP_1.0.1_iMX6SX/rtos/FreeRTOS/Source/portable/GCC/ARM_CM4F/port.c.obj
                0x000000001fff846c                ulPortSetInterruptMask
 .text.prvTaskExitError
                0x000000001fff847c       0x1c CMakeFiles/rpmsg_str_echo_freertos_example.dir/home/abhishek/udoo/udoo-neo_custom_linux/m4/FreeRTOS_BSP_1.0.1_iMX6SX/rtos/FreeRTOS/Source/portable/GCC/ARM_CM4F/port.c.obj
 .text.vPortEnterCritical
                0x000000001fff8498       0x1c CMakeFiles/rpmsg_str_echo_freertos_example.dir/home/abhishek/udoo/udoo-neo_custom_linux/m4/FreeRTOS_BSP_1.0.1_iMX6SX/rtos/FreeRTOS/Source/portable/GCC/ARM_CM4F/port.c.obj
                0x000000001fff8498                vPortEnterCritical
 .text.vPortClearInterruptMask
                0x000000001fff84b4        0x6 CMakeFiles/rpmsg_str_echo_freertos_example.dir/home/abhishek/udoo/udoo-neo_custom_linux/m4/FreeRTOS_BSP_1.0.1_iMX6SX/rtos/FreeRTOS/Source/portable/GCC/ARM_CM4F/port.c.obj
                0x000000001fff84b4                vPortClearInterruptMask
 *fill*         0x000000001fff84ba        0x2 
 .text.vPortExitCritical
                0x000000001fff84bc       0x24 CMakeFiles/rpmsg_str_echo_freertos_example.dir/home/abhishek/udoo/udoo-neo_custom_linux/m4/FreeRTOS_BSP_1.0.1_iMX6SX/rtos/FreeRTOS/Source/portable/GCC/ARM_CM4F/port.c.obj
                0x000000001fff84bc                vPortExitCritical
 .text.PendSV_Handler
                0x000000001fff84e0       0x58 CMakeFiles/rpmsg_str_echo_freertos_example.dir/home/abhishek/udoo/udoo-neo_custom_linux/m4/FreeRTOS_BSP_1.0.1_iMX6SX/rtos/FreeRTOS/Source/portable/GCC/ARM_CM4F/port.c.obj
                0x000000001fff84e0                PendSV_Handler
 .text.SysTick_Handler
                0x000000001fff8538       0x24 CMakeFiles/rpmsg_str_echo_freertos_example.dir/home/abhishek/udoo/udoo-neo_custom_linux/m4/FreeRTOS_BSP_1.0.1_iMX6SX/rtos/FreeRTOS/Source/portable/GCC/ARM_CM4F/port.c.obj
                0x000000001fff8538                SysTick_Handler
 .text.vPortSetupTimerInterrupt
                0x000000001fff855c       0x18 CMakeFiles/rpmsg_str_echo_freertos_example.dir/home/abhishek/udoo/udoo-neo_custom_linux/m4/FreeRTOS_BSP_1.0.1_iMX6SX/rtos/FreeRTOS/Source/portable/GCC/ARM_CM4F/port.c.obj
                0x000000001fff855c                vPortSetupTimerInterrupt
 .text.xPortStartScheduler
                0x000000001fff8574       0xa8 CMakeFiles/rpmsg_str_echo_freertos_example.dir/home/abhishek/udoo/udoo-neo_custom_linux/m4/FreeRTOS_BSP_1.0.1_iMX6SX/rtos/FreeRTOS/Source/portable/GCC/ARM_CM4F/port.c.obj
                0x000000001fff8574                xPortStartScheduler
 .text.vPortValidateInterruptPriority
                0x000000001fff861c       0x44 CMakeFiles/rpmsg_str_echo_freertos_example.dir/home/abhishek/udoo/udoo-neo_custom_linux/m4/FreeRTOS_BSP_1.0.1_iMX6SX/rtos/FreeRTOS/Source/portable/GCC/ARM_CM4F/port.c.obj
                0x000000001fff861c                vPortValidateInterruptPriority
 .text.pvPortMalloc
                0x000000001fff8660       0xb4 CMakeFiles/rpmsg_str_echo_freertos_example.dir/home/abhishek/udoo/udoo-neo_custom_linux/m4/FreeRTOS_BSP_1.0.1_iMX6SX/rtos/FreeRTOS/Source/portable/MemMang/heap_2.c.obj
                0x000000001fff8660                pvPortMalloc
 .text.vPortFree
                0x000000001fff8714       0x44 CMakeFiles/rpmsg_str_echo_freertos_example.dir/home/abhishek/udoo/udoo-neo_custom_linux/m4/FreeRTOS_BSP_1.0.1_iMX6SX/rtos/FreeRTOS/Source/portable/MemMang/heap_2.c.obj
                0x000000001fff8714                vPortFree
 .text.StrEchoTask
                0x000000001fff8758      0x11c CMakeFiles/rpmsg_str_echo_freertos_example.dir/home/abhishek/udoo/udoo-neo_custom_linux/m4/FreeRTOS_BSP_1.0.1_iMX6SX/examples/imx6sx_sdb_m4/demo_apps/rpmsg/str_echo_freertos/str_echo_freertos.c.obj
 .text.MU_M4_Handler
                0x000000001fff8874        0x4 CMakeFiles/rpmsg_str_echo_freertos_example.dir/home/abhishek/udoo/udoo-neo_custom_linux/m4/FreeRTOS_BSP_1.0.1_iMX6SX/examples/imx6sx_sdb_m4/demo_apps/rpmsg/str_echo_freertos/str_echo_freertos.c.obj
                0x000000001fff8874                MU_M4_Handler
 .text.startup.main
                0x000000001fff8878       0x50 CMakeFiles/rpmsg_str_echo_freertos_example.dir/home/abhishek/udoo/udoo-neo_custom_linux/m4/FreeRTOS_BSP_1.0.1_iMX6SX/examples/imx6sx_sdb_m4/demo_apps/rpmsg/str_echo_freertos/str_echo_freertos.c.obj
                0x000000001fff8878                main
 .text.rpmsg_channel_deleted_rtos
                0x000000001fff88c8       0x28 CMakeFiles/rpmsg_str_echo_freertos_example.dir/home/abhishek/udoo/udoo-neo_custom_linux/m4/FreeRTOS_BSP_1.0.1_iMX6SX/middleware/multicore/open-amp/rpmsg/rpmsg_rtos.c.obj
 .text.rpmsg_read_rtos_cb
                0x000000001fff88f0       0x54 CMakeFiles/rpmsg_str_echo_freertos_example.dir/home/abhishek/udoo/udoo-neo_custom_linux/m4/FreeRTOS_BSP_1.0.1_iMX6SX/middleware/multicore/open-amp/rpmsg/rpmsg_rtos.c.obj
 .text.rpmsg_channel_created_rtos
                0x000000001fff8944       0x50 CMakeFiles/rpmsg_str_echo_freertos_example.dir/home/abhishek/udoo/udoo-neo_custom_linux/m4/FreeRTOS_BSP_1.0.1_iMX6SX/middleware/multicore/open-amp/rpmsg/rpmsg_rtos.c.obj
 .text.rpmsg_rtos_init
                0x000000001fff8994       0xc4 CMakeFiles/rpmsg_str_echo_freertos_example.dir/home/abhishek/udoo/udoo-neo_custom_linux/m4/FreeRTOS_BSP_1.0.1_iMX6SX/middleware/multicore/open-amp/rpmsg/rpmsg_rtos.c.obj
                0x000000001fff8994                rpmsg_rtos_init
 .text.rpmsg_rtos_recv_nocopy
                0x000000001fff8a58       0x48 CMakeFiles/rpmsg_str_echo_freertos_example.dir/home/abhishek/udoo/udoo-neo_custom_linux/m4/FreeRTOS_BSP_1.0.1_iMX6SX/middleware/multicore/open-amp/rpmsg/rpmsg_rtos.c.obj
                0x000000001fff8a58                rpmsg_rtos_recv_nocopy
 .text.rpmsg_rtos_recv_nocopy_free
                0x000000001fff8aa0       0x20 CMakeFiles/rpmsg_str_echo_freertos_example.dir/home/abhishek/udoo/udoo-neo_custom_linux/m4/FreeRTOS_BSP_1.0.1_iMX6SX/middleware/multicore/open-amp/rpmsg/rpmsg_rtos.c.obj
                0x000000001fff8aa0                rpmsg_rtos_recv_nocopy_free
 .text.rpmsg_rtos_alloc_tx_buffer
                0x000000001fff8ac0       0x16 CMakeFiles/rpmsg_str_echo_freertos_example.dir/home/abhishek/udoo/udoo-neo_custom_linux/m4/FreeRTOS_BSP_1.0.1_iMX6SX/middleware/multicore/open-amp/rpmsg/rpmsg_rtos.c.obj
                0x000000001fff8ac0                rpmsg_rtos_alloc_tx_buffer
 *fill*         0x000000001fff8ad6        0x2 
 .text.rpmsg_rtos_send_nocopy
                0x000000001fff8ad8       0x2c CMakeFiles/rpmsg_str_echo_freertos_example.dir/home/abhishek/udoo/udoo-neo_custom_linux/m4/FreeRTOS_BSP_1.0.1_iMX6SX/middleware/multicore/open-amp/rpmsg/rpmsg_rtos.c.obj
                0x000000001fff8ad8                rpmsg_rtos_send_nocopy
 .text._shutdown_cpu
                0x000000001fff8b04       0x1c CMakeFiles/rpmsg_str_echo_freertos_example.dir/home/abhishek/udoo/udoo-neo_custom_linux/m4/FreeRTOS_BSP_1.0.1_iMX6SX/middleware/multicore/open-amp/porting/imx6sx_m4/platform.c.obj
 .text._boot_cpu
                0x000000001fff8b20       0x1c CMakeFiles/rpmsg_str_echo_freertos_example.dir/home/abhishek/udoo/udoo-neo_custom_linux/m4/FreeRTOS_BSP_1.0.1_iMX6SX/middleware/multicore/open-amp/porting/imx6sx_m4/platform.c.obj
 .text._notify  0x000000001fff8b3c       0x10 CMakeFiles/rpmsg_str_echo_freertos_example.dir/home/abhishek/udoo/udoo-neo_custom_linux/m4/FreeRTOS_BSP_1.0.1_iMX6SX/middleware/multicore/open-amp/porting/imx6sx_m4/platform.c.obj
 .text._enable_interrupt
                0x000000001fff8b4c       0x28 CMakeFiles/rpmsg_str_echo_freertos_example.dir/home/abhishek/udoo/udoo-neo_custom_linux/m4/FreeRTOS_BSP_1.0.1_iMX6SX/middleware/multicore/open-amp/porting/imx6sx_m4/platform.c.obj
 .text.platform_isr
                0x000000001fff8b74        0x6 CMakeFiles/rpmsg_str_echo_freertos_example.dir/home/abhishek/udoo/udoo-neo_custom_linux/m4/FreeRTOS_BSP_1.0.1_iMX6SX/middleware/multicore/open-amp/porting/imx6sx_m4/platform.c.obj
                0x000000001fff8b74                platform_isr
 *fill*         0x000000001fff8b7a        0x2 
 .text.rpmsg_handler
                0x000000001fff8b7c       0x20 CMakeFiles/rpmsg_str_echo_freertos_example.dir/home/abhishek/udoo/udoo-neo_custom_linux/m4/FreeRTOS_BSP_1.0.1_iMX6SX/middleware/multicore/open-amp/porting/imx6sx_m4/platform.c.obj
                0x000000001fff8b7c                rpmsg_handler
 .text.platform_in_isr
                0x000000001fff8b9c       0x14 CMakeFiles/rpmsg_str_echo_freertos_example.dir/home/abhishek/udoo/udoo-neo_custom_linux/m4/FreeRTOS_BSP_1.0.1_iMX6SX/middleware/multicore/open-amp/porting/imx6sx_m4/platform.c.obj
                0x000000001fff8b9c                platform_in_isr
 .text.platform_interrupt_enable
                0x000000001fff8bb0       0x54 CMakeFiles/rpmsg_str_echo_freertos_example.dir/home/abhishek/udoo/udoo-neo_custom_linux/m4/FreeRTOS_BSP_1.0.1_iMX6SX/middleware/multicore/open-amp/porting/imx6sx_m4/platform.c.obj
                0x000000001fff8bb0                platform_interrupt_enable
 .text.platform_interrupt_disable
                0x000000001fff8c04       0x58 CMakeFiles/rpmsg_str_echo_freertos_example.dir/home/abhishek/udoo/udoo-neo_custom_linux/m4/FreeRTOS_BSP_1.0.1_iMX6SX/middleware/multicore/open-amp/porting/imx6sx_m4/platform.c.obj
                0x000000001fff8c04                platform_interrupt_disable
 .text.platform_interrupt_enable_all
                0x000000001fff8c5c       0x3c CMakeFiles/rpmsg_str_echo_freertos_example.dir/home/abhishek/udoo/udoo-neo_custom_linux/m4/FreeRTOS_BSP_1.0.1_iMX6SX/middleware/multicore/open-amp/porting/imx6sx_m4/platform.c.obj
                0x000000001fff8c5c                platform_interrupt_enable_all
 .text.platform_interrupt_disable_all
                0x000000001fff8c98       0x34 CMakeFiles/rpmsg_str_echo_freertos_example.dir/home/abhishek/udoo/udoo-neo_custom_linux/m4/FreeRTOS_BSP_1.0.1_iMX6SX/middleware/multicore/open-amp/porting/imx6sx_m4/platform.c.obj
                0x000000001fff8c98                platform_interrupt_disable_all
 .text.platform_map_mem_region
                0x000000001fff8ccc        0x2 CMakeFiles/rpmsg_str_echo_freertos_example.dir/home/abhishek/udoo/udoo-neo_custom_linux/m4/FreeRTOS_BSP_1.0.1_iMX6SX/middleware/multicore/open-amp/porting/imx6sx_m4/platform.c.obj
                0x000000001fff8ccc                platform_map_mem_region
 .text.platform_vatopa
                0x000000001fff8cce        0x2 CMakeFiles/rpmsg_str_echo_freertos_example.dir/home/abhishek/udoo/udoo-neo_custom_linux/m4/FreeRTOS_BSP_1.0.1_iMX6SX/middleware/multicore/open-amp/porting/imx6sx_m4/platform.c.obj
                0x000000001fff8cce                platform_vatopa
 .text.platform_patova
                0x000000001fff8cd0        0x2 CMakeFiles/rpmsg_str_echo_freertos_example.dir/home/abhishek/udoo/udoo-neo_custom_linux/m4/FreeRTOS_BSP_1.0.1_iMX6SX/middleware/multicore/open-amp/porting/imx6sx_m4/platform.c.obj
                0x000000001fff8cd0                platform_patova
 .text.platform_init
                0x000000001fff8cd2        0x4 CMakeFiles/rpmsg_str_echo_freertos_example.dir/home/abhishek/udoo/udoo-neo_custom_linux/m4/FreeRTOS_BSP_1.0.1_iMX6SX/middleware/multicore/open-amp/porting/imx6sx_m4/platform.c.obj
                0x000000001fff8cd2                platform_init
 .text.platform_deinit
                0x000000001fff8cd6        0x4 CMakeFiles/rpmsg_str_echo_freertos_example.dir/home/abhishek/udoo/udoo-neo_custom_linux/m4/FreeRTOS_BSP_1.0.1_iMX6SX/middleware/multicore/open-amp/porting/imx6sx_m4/platform.c.obj
                0x000000001fff8cd6                platform_deinit
 *fill*         0x000000001fff8cda        0x2 
 .text.platform_get_processor_info
                0x000000001fff8cdc       0x34 CMakeFiles/rpmsg_str_echo_freertos_example.dir/home/abhishek/udoo/udoo-neo_custom_linux/m4/FreeRTOS_BSP_1.0.1_iMX6SX/middleware/multicore/open-amp/porting/imx6sx_m4/platform_info.c.obj
                0x000000001fff8cdc                platform_get_processor_info
 .text.hil_create_proc
                0x000000001fff8d10       0x5c CMakeFiles/rpmsg_str_echo_freertos_example.dir/home/abhishek/udoo/udoo-neo_custom_linux/m4/FreeRTOS_BSP_1.0.1_iMX6SX/middleware/multicore/open-amp/common/hil/hil.c.obj
                0x000000001fff8d10                hil_create_proc
 .text.hil_isr  0x000000001fff8d6c        0x6 CMakeFiles/rpmsg_str_echo_freertos_example.dir/home/abhishek/udoo/udoo-neo_custom_linux/m4/FreeRTOS_BSP_1.0.1_iMX6SX/middleware/multicore/open-amp/common/hil/hil.c.obj
                0x000000001fff8d6c                hil_isr
 .text.hil_get_chnl_info
                0x000000001fff8d72        0x8 CMakeFiles/rpmsg_str_echo_freertos_example.dir/home/abhishek/udoo/udoo-neo_custom_linux/m4/FreeRTOS_BSP_1.0.1_iMX6SX/middleware/multicore/open-amp/common/hil/hil.c.obj
                0x000000001fff8d72                hil_get_chnl_info
 .text.hil_get_vring_info
                0x000000001fff8d7a        0x8 CMakeFiles/rpmsg_str_echo_freertos_example.dir/home/abhishek/udoo/udoo-neo_custom_linux/m4/FreeRTOS_BSP_1.0.1_iMX6SX/middleware/multicore/open-amp/common/hil/hil.c.obj
                0x000000001fff8d7a                hil_get_vring_info
 .text.hil_get_shm_info
                0x000000001fff8d82        0x4 CMakeFiles/rpmsg_str_echo_freertos_example.dir/home/abhishek/udoo/udoo-neo_custom_linux/m4/FreeRTOS_BSP_1.0.1_iMX6SX/middleware/multicore/open-amp/common/hil/hil.c.obj
                0x000000001fff8d82                hil_get_shm_info
 .text.hil_enable_vring_notifications
                0x000000001fff8d86       0x20 CMakeFiles/rpmsg_str_echo_freertos_example.dir/home/abhishek/udoo/udoo-neo_custom_linux/m4/FreeRTOS_BSP_1.0.1_iMX6SX/middleware/multicore/open-amp/common/hil/hil.c.obj
                0x000000001fff8d86                hil_enable_vring_notifications
 .text.hil_vring_notify
                0x000000001fff8da6       0x1a CMakeFiles/rpmsg_str_echo_freertos_example.dir/home/abhishek/udoo/udoo-neo_custom_linux/m4/FreeRTOS_BSP_1.0.1_iMX6SX/middleware/multicore/open-amp/common/hil/hil.c.obj
                0x000000001fff8da6                hil_vring_notify
 .text.hil_get_status
                0x000000001fff8dc0        0x4 CMakeFiles/rpmsg_str_echo_freertos_example.dir/home/abhishek/udoo/udoo-neo_custom_linux/m4/FreeRTOS_BSP_1.0.1_iMX6SX/middleware/multicore/open-amp/common/hil/hil.c.obj
                0x000000001fff8dc0                hil_get_status
 .text.hil_set_status
                0x000000001fff8dc4        0x4 CMakeFiles/rpmsg_str_echo_freertos_example.dir/home/abhishek/udoo/udoo-neo_custom_linux/m4/FreeRTOS_BSP_1.0.1_iMX6SX/middleware/multicore/open-amp/common/hil/hil.c.obj
                0x000000001fff8dc4                hil_set_status
 .text.add_to_list
                0x000000001fff8dc8       0x1e CMakeFiles/rpmsg_str_echo_freertos_example.dir/home/abhishek/udoo/udoo-neo_custom_linux/m4/FreeRTOS_BSP_1.0.1_iMX6SX/middleware/multicore/open-amp/common/llist/llist.c.obj
                0x000000001fff8dc8                add_to_list
 .text.remove_from_list
                0x000000001fff8de6       0x20 CMakeFiles/rpmsg_str_echo_freertos_example.dir/home/abhishek/udoo/udoo-neo_custom_linux/m4/FreeRTOS_BSP_1.0.1_iMX6SX/middleware/multicore/open-amp/common/llist/llist.c.obj
                0x000000001fff8de6                remove_from_list
 .text.sh_mem_create_pool
                0x000000001fff8e06       0x7c CMakeFiles/rpmsg_str_echo_freertos_example.dir/home/abhishek/udoo/udoo-neo_custom_linux/m4/FreeRTOS_BSP_1.0.1_iMX6SX/middleware/multicore/open-amp/common/shm/sh_mem.c.obj
                0x000000001fff8e06                sh_mem_create_pool
 .text.sh_mem_free_buffer
                0x000000001fff8e82       0x52 CMakeFiles/rpmsg_str_echo_freertos_example.dir/home/abhishek/udoo/udoo-neo_custom_linux/m4/FreeRTOS_BSP_1.0.1_iMX6SX/middleware/multicore/open-amp/common/shm/sh_mem.c.obj
                0x000000001fff8e82                sh_mem_free_buffer
 .text.sh_mem_delete_pool
                0x000000001fff8ed4       0x18 CMakeFiles/rpmsg_str_echo_freertos_example.dir/home/abhishek/udoo/udoo-neo_custom_linux/m4/FreeRTOS_BSP_1.0.1_iMX6SX/middleware/multicore/open-amp/common/shm/sh_mem.c.obj
                0x000000001fff8ed4                sh_mem_delete_pool
 .text.get_first_zero_bit
                0x000000001fff8eec       0x44 CMakeFiles/rpmsg_str_echo_freertos_example.dir/home/abhishek/udoo/udoo-neo_custom_linux/m4/FreeRTOS_BSP_1.0.1_iMX6SX/middleware/multicore/open-amp/common/shm/sh_mem.c.obj
                0x000000001fff8eec                get_first_zero_bit
 .text.sh_mem_get_buffer
                0x000000001fff8f30       0x70 CMakeFiles/rpmsg_str_echo_freertos_example.dir/home/abhishek/udoo/udoo-neo_custom_linux/m4/FreeRTOS_BSP_1.0.1_iMX6SX/middleware/multicore/open-amp/common/shm/sh_mem.c.obj
                0x000000001fff8f30                sh_mem_get_buffer
 .text.rpmsg_rdev_get_status
                0x000000001fff8fa0        0x4 CMakeFiles/rpmsg_str_echo_freertos_example.dir/home/abhishek/udoo/udoo-neo_custom_linux/m4/FreeRTOS_BSP_1.0.1_iMX6SX/middleware/multicore/open-amp/rpmsg/remote_device.c.obj
                0x000000001fff8fa0                rpmsg_rdev_get_status
 .text.rpmsg_rdev_set_status
                0x000000001fff8fa4        0x2 CMakeFiles/rpmsg_str_echo_freertos_example.dir/home/abhishek/udoo/udoo-neo_custom_linux/m4/FreeRTOS_BSP_1.0.1_iMX6SX/middleware/multicore/open-amp/rpmsg/remote_device.c.obj
                0x000000001fff8fa4                rpmsg_rdev_set_status
 .text.rpmsg_rdev_get_feature
                0x000000001fff8fa6        0x4 CMakeFiles/rpmsg_str_echo_freertos_example.dir/home/abhishek/udoo/udoo-neo_custom_linux/m4/FreeRTOS_BSP_1.0.1_iMX6SX/middleware/multicore/open-amp/rpmsg/remote_device.c.obj
                0x000000001fff8fa6                rpmsg_rdev_get_feature
 .text.rpmsg_rdev_set_feature
                0x000000001fff8faa        0x8 CMakeFiles/rpmsg_str_echo_freertos_example.dir/home/abhishek/udoo/udoo-neo_custom_linux/m4/FreeRTOS_BSP_1.0.1_iMX6SX/middleware/multicore/open-amp/rpmsg/remote_device.c.obj
                0x000000001fff8faa                rpmsg_rdev_set_feature
 .text.rpmsg_rdev_negotiate_feature
                0x000000001fff8fb2        0x4 CMakeFiles/rpmsg_str_echo_freertos_example.dir/home/abhishek/udoo/udoo-neo_custom_linux/m4/FreeRTOS_BSP_1.0.1_iMX6SX/middleware/multicore/open-amp/rpmsg/remote_device.c.obj
                0x000000001fff8fb2                rpmsg_rdev_negotiate_feature
 .text.rpmsg_rdev_read_config
                0x000000001fff8fb6        0x2 CMakeFiles/rpmsg_str_echo_freertos_example.dir/home/abhishek/udoo/udoo-neo_custom_linux/m4/FreeRTOS_BSP_1.0.1_iMX6SX/middleware/multicore/open-amp/rpmsg/remote_device.c.obj
                0x000000001fff8fb6                rpmsg_rdev_read_config
 .text.rpmsg_rdev_reset
                0x000000001fff8fb8        0x2 CMakeFiles/rpmsg_str_echo_freertos_example.dir/home/abhishek/udoo/udoo-neo_custom_linux/m4/FreeRTOS_BSP_1.0.1_iMX6SX/middleware/multicore/open-amp/rpmsg/remote_device.c.obj
                0x000000001fff8fb8                rpmsg_rdev_reset
 *fill*         0x000000001fff8fba        0x2 
 .text.rpmsg_rdev_create_virtqueues
                0x000000001fff8fbc      0x10c CMakeFiles/rpmsg_str_echo_freertos_example.dir/home/abhishek/udoo/udoo-neo_custom_linux/m4/FreeRTOS_BSP_1.0.1_iMX6SX/middleware/multicore/open-amp/rpmsg/remote_device.c.obj
                0x000000001fff8fbc                rpmsg_rdev_create_virtqueues
 .text.rpmsg_rdev_write_config
                0x000000001fff90c8        0x2 CMakeFiles/rpmsg_str_echo_freertos_example.dir/home/abhishek/udoo/udoo-neo_custom_linux/m4/FreeRTOS_BSP_1.0.1_iMX6SX/middleware/multicore/open-amp/rpmsg/remote_device.c.obj
                0x000000001fff90c8                rpmsg_rdev_write_config
 *fill*         0x000000001fff90ca        0x2 
 .text.rpmsg_rdev_init
                0x000000001fff90cc       0xdc CMakeFiles/rpmsg_str_echo_freertos_example.dir/home/abhishek/udoo/udoo-neo_custom_linux/m4/FreeRTOS_BSP_1.0.1_iMX6SX/middleware/multicore/open-amp/rpmsg/remote_device.c.obj
                0x000000001fff90cc                rpmsg_rdev_init
 .text.rpmsg_rdev_get_chnl_node_from_id
                0x000000001fff91a8       0x2a CMakeFiles/rpmsg_str_echo_freertos_example.dir/home/abhishek/udoo/udoo-neo_custom_linux/m4/FreeRTOS_BSP_1.0.1_iMX6SX/middleware/multicore/open-amp/rpmsg/remote_device.c.obj
                0x000000001fff91a8                rpmsg_rdev_get_chnl_node_from_id
 .text.rpmsg_rdev_get_endpoint_from_addr
                0x000000001fff91d2       0x26 CMakeFiles/rpmsg_str_echo_freertos_example.dir/home/abhishek/udoo/udoo-neo_custom_linux/m4/FreeRTOS_BSP_1.0.1_iMX6SX/middleware/multicore/open-amp/rpmsg/remote_device.c.obj
                0x000000001fff91d2                rpmsg_rdev_get_endpoint_from_addr
 .text.rpmsg_rdev_deinit
                0x000000001fff91f8       0x74 CMakeFiles/rpmsg_str_echo_freertos_example.dir/home/abhishek/udoo/udoo-neo_custom_linux/m4/FreeRTOS_BSP_1.0.1_iMX6SX/middleware/multicore/open-amp/rpmsg/remote_device.c.obj
                0x000000001fff91f8                rpmsg_rdev_deinit
 .text.rpmsg_rdev_notify
                0x000000001fff926c       0x28 CMakeFiles/rpmsg_str_echo_freertos_example.dir/home/abhishek/udoo/udoo-neo_custom_linux/m4/FreeRTOS_BSP_1.0.1_iMX6SX/middleware/multicore/open-amp/rpmsg/remote_device.c.obj
                0x000000001fff926c                rpmsg_rdev_notify
 .text.rpmsg_deinit
                0x000000001fff9294       0x12 CMakeFiles/rpmsg_str_echo_freertos_example.dir/home/abhishek/udoo/udoo-neo_custom_linux/m4/FreeRTOS_BSP_1.0.1_iMX6SX/middleware/multicore/open-amp/rpmsg/rpmsg.c.obj
                0x000000001fff9294                rpmsg_deinit
 .text.rpmsg_init
                0x000000001fff92a6       0x42 CMakeFiles/rpmsg_str_echo_freertos_example.dir/home/abhishek/udoo/udoo-neo_custom_linux/m4/FreeRTOS_BSP_1.0.1_iMX6SX/middleware/multicore/open-amp/rpmsg/rpmsg.c.obj
                0x000000001fff92a6                rpmsg_init
 .text.rpmsg_send_offchannel_raw
                0x000000001fff92e8      0x12c CMakeFiles/rpmsg_str_echo_freertos_example.dir/home/abhishek/udoo/udoo-neo_custom_linux/m4/FreeRTOS_BSP_1.0.1_iMX6SX/middleware/multicore/open-amp/rpmsg/rpmsg.c.obj
                0x000000001fff92e8                rpmsg_send_offchannel_raw
 .text.rpmsg_create_ept
                0x000000001fff9414       0x18 CMakeFiles/rpmsg_str_echo_freertos_example.dir/home/abhishek/udoo/udoo-neo_custom_linux/m4/FreeRTOS_BSP_1.0.1_iMX6SX/middleware/multicore/open-amp/rpmsg/rpmsg.c.obj
                0x000000001fff9414                rpmsg_create_ept
 .text.rpmsg_destroy_ept
                0x000000001fff942c        0xe CMakeFiles/rpmsg_str_echo_freertos_example.dir/home/abhishek/udoo/udoo-neo_custom_linux/m4/FreeRTOS_BSP_1.0.1_iMX6SX/middleware/multicore/open-amp/rpmsg/rpmsg.c.obj
                0x000000001fff942c                rpmsg_destroy_ept
 .text.rpmsg_hold_rx_buffer
                0x000000001fff943a       0x12 CMakeFiles/rpmsg_str_echo_freertos_example.dir/home/abhishek/udoo/udoo-neo_custom_linux/m4/FreeRTOS_BSP_1.0.1_iMX6SX/middleware/multicore/open-amp/rpmsg/rpmsg_ext.c.obj
                0x000000001fff943a                rpmsg_hold_rx_buffer
 .text.rpmsg_release_rx_buffer
                0x000000001fff944c       0x2e CMakeFiles/rpmsg_str_echo_freertos_example.dir/home/abhishek/udoo/udoo-neo_custom_linux/m4/FreeRTOS_BSP_1.0.1_iMX6SX/middleware/multicore/open-amp/rpmsg/rpmsg_ext.c.obj
                0x000000001fff944c                rpmsg_release_rx_buffer
 .text.rpmsg_alloc_tx_buffer
                0x000000001fff947a       0x74 CMakeFiles/rpmsg_str_echo_freertos_example.dir/home/abhishek/udoo/udoo-neo_custom_linux/m4/FreeRTOS_BSP_1.0.1_iMX6SX/middleware/multicore/open-amp/rpmsg/rpmsg_ext.c.obj
                0x000000001fff947a                rpmsg_alloc_tx_buffer
 *fill*         0x000000001fff94ee        0x2 
 .text.rpmsg_send_offchannel_nocopy
                0x000000001fff94f0       0x58 CMakeFiles/rpmsg_str_echo_freertos_example.dir/home/abhishek/udoo/udoo-neo_custom_linux/m4/FreeRTOS_BSP_1.0.1_iMX6SX/middleware/multicore/open-amp/rpmsg/rpmsg_ext.c.obj
                0x000000001fff94f0                rpmsg_send_offchannel_nocopy
 .text._rpmsg_create_channel
                0x000000001fff9548       0x60 CMakeFiles/rpmsg_str_echo_freertos_example.dir/home/abhishek/udoo/udoo-neo_custom_linux/m4/FreeRTOS_BSP_1.0.1_iMX6SX/middleware/multicore/open-amp/rpmsg/rpmsg_core.c.obj
                0x000000001fff9548                _rpmsg_create_channel
 .text._rpmsg_delete_channel
                0x000000001fff95a8       0x3e CMakeFiles/rpmsg_str_echo_freertos_example.dir/home/abhishek/udoo/udoo-neo_custom_linux/m4/FreeRTOS_BSP_1.0.1_iMX6SX/middleware/multicore/open-amp/rpmsg/rpmsg_core.c.obj
                0x000000001fff95a8                _rpmsg_delete_channel
 .text.rpmsg_ns_callback
                0x000000001fff95e6       0x82 CMakeFiles/rpmsg_str_echo_freertos_example.dir/home/abhishek/udoo/udoo-neo_custom_linux/m4/FreeRTOS_BSP_1.0.1_iMX6SX/middleware/multicore/open-amp/rpmsg/rpmsg_core.c.obj
                0x000000001fff95e6                rpmsg_ns_callback
 .text.rpmsg_enqueue_buffer
                0x000000001fff9668       0x2e CMakeFiles/rpmsg_str_echo_freertos_example.dir/home/abhishek/udoo/udoo-neo_custom_linux/m4/FreeRTOS_BSP_1.0.1_iMX6SX/middleware/multicore/open-amp/rpmsg/rpmsg_core.c.obj
                0x000000001fff9668                rpmsg_enqueue_buffer
 .text.rpmsg_return_buffer
                0x000000001fff9696       0x2e CMakeFiles/rpmsg_str_echo_freertos_example.dir/home/abhishek/udoo/udoo-neo_custom_linux/m4/FreeRTOS_BSP_1.0.1_iMX6SX/middleware/multicore/open-amp/rpmsg/rpmsg_core.c.obj
                0x000000001fff9696                rpmsg_return_buffer
 .text.rpmsg_get_tx_buffer
                0x000000001fff96c4       0x32 CMakeFiles/rpmsg_str_echo_freertos_example.dir/home/abhishek/udoo/udoo-neo_custom_linux/m4/FreeRTOS_BSP_1.0.1_iMX6SX/middleware/multicore/open-amp/rpmsg/rpmsg_core.c.obj
                0x000000001fff96c4                rpmsg_get_tx_buffer
 .text.rpmsg_send_ns_message
                0x000000001fff96f6       0x60 CMakeFiles/rpmsg_str_echo_freertos_example.dir/home/abhishek/udoo/udoo-neo_custom_linux/m4/FreeRTOS_BSP_1.0.1_iMX6SX/middleware/multicore/open-amp/rpmsg/rpmsg_core.c.obj
                0x000000001fff96f6                rpmsg_send_ns_message
 .text.rpmsg_tx_callback
                0x000000001fff9756       0x34 CMakeFiles/rpmsg_str_echo_freertos_example.dir/home/abhishek/udoo/udoo-neo_custom_linux/m4/FreeRTOS_BSP_1.0.1_iMX6SX/middleware/multicore/open-amp/rpmsg/rpmsg_core.c.obj
 .text.rpmsg_get_rx_buffer
                0x000000001fff978a       0x22 CMakeFiles/rpmsg_str_echo_freertos_example.dir/home/abhishek/udoo/udoo-neo_custom_linux/m4/FreeRTOS_BSP_1.0.1_iMX6SX/middleware/multicore/open-amp/rpmsg/rpmsg_core.c.obj
                0x000000001fff978a                rpmsg_get_rx_buffer
 .text.rpmsg_rx_callback
                0x000000001fff97ac       0xd6 CMakeFiles/rpmsg_str_echo_freertos_example.dir/home/abhishek/udoo/udoo-neo_custom_linux/m4/FreeRTOS_BSP_1.0.1_iMX6SX/middleware/multicore/open-amp/rpmsg/rpmsg_core.c.obj
 .text.rpmsg_free_buffer
                0x000000001fff9882       0x10 CMakeFiles/rpmsg_str_echo_freertos_example.dir/home/abhishek/udoo/udoo-neo_custom_linux/m4/FreeRTOS_BSP_1.0.1_iMX6SX/middleware/multicore/open-amp/rpmsg/rpmsg_core.c.obj
                0x000000001fff9882                rpmsg_free_buffer
 .text.rpmsg_get_address
                0x000000001fff9892       0x38 CMakeFiles/rpmsg_str_echo_freertos_example.dir/home/abhishek/udoo/udoo-neo_custom_linux/m4/FreeRTOS_BSP_1.0.1_iMX6SX/middleware/multicore/open-amp/rpmsg/rpmsg_core.c.obj
                0x000000001fff9892                rpmsg_get_address
 .text.rpmsg_release_address
                0x000000001fff98ca       0x38 CMakeFiles/rpmsg_str_echo_freertos_example.dir/home/abhishek/udoo/udoo-neo_custom_linux/m4/FreeRTOS_BSP_1.0.1_iMX6SX/middleware/multicore/open-amp/rpmsg/rpmsg_core.c.obj
                0x000000001fff98ca                rpmsg_release_address
 .text._destroy_endpoint
                0x000000001fff9902       0x42 CMakeFiles/rpmsg_str_echo_freertos_example.dir/home/abhishek/udoo/udoo-neo_custom_linux/m4/FreeRTOS_BSP_1.0.1_iMX6SX/middleware/multicore/open-amp/rpmsg/rpmsg_core.c.obj
                0x000000001fff9902                _destroy_endpoint
 .text.rpmsg_is_address_set
                0x000000001fff9944       0x30 CMakeFiles/rpmsg_str_echo_freertos_example.dir/home/abhishek/udoo/udoo-neo_custom_linux/m4/FreeRTOS_BSP_1.0.1_iMX6SX/middleware/multicore/open-amp/rpmsg/rpmsg_core.c.obj
                0x000000001fff9944                rpmsg_is_address_set
 .text.rpmsg_set_address
                0x000000001fff9974       0x36 CMakeFiles/rpmsg_str_echo_freertos_example.dir/home/abhishek/udoo/udoo-neo_custom_linux/m4/FreeRTOS_BSP_1.0.1_iMX6SX/middleware/multicore/open-amp/rpmsg/rpmsg_core.c.obj
                0x000000001fff9974                rpmsg_set_address
 .text._create_endpoint
                0x000000001fff99aa       0x96 CMakeFiles/rpmsg_str_echo_freertos_example.dir/home/abhishek/udoo/udoo-neo_custom_linux/m4/FreeRTOS_BSP_1.0.1_iMX6SX/middleware/multicore/open-amp/rpmsg/rpmsg_core.c.obj
                0x000000001fff99aa                _create_endpoint
 .text.rpmsg_start_ipc
                0x000000001fff9a40       0xa4 CMakeFiles/rpmsg_str_echo_freertos_example.dir/home/abhishek/udoo/udoo-neo_custom_linux/m4/FreeRTOS_BSP_1.0.1_iMX6SX/middleware/multicore/open-amp/rpmsg/rpmsg_core.c.obj
                0x000000001fff9a40                rpmsg_start_ipc
 .text.vq_ring_update_avail
                0x000000001fff9ae4       0x2c CMakeFiles/rpmsg_str_echo_freertos_example.dir/home/abhishek/udoo/udoo-neo_custom_linux/m4/FreeRTOS_BSP_1.0.1_iMX6SX/middleware/multicore/open-amp/virtio/virtqueue.c.obj
 .text.virtqueue_add_buffer
                0x000000001fff9b10       0xa0 CMakeFiles/rpmsg_str_echo_freertos_example.dir/home/abhishek/udoo/udoo-neo_custom_linux/m4/FreeRTOS_BSP_1.0.1_iMX6SX/middleware/multicore/open-amp/virtio/virtqueue.c.obj
                0x000000001fff9b10                virtqueue_add_buffer
 .text.virtqueue_get_buffer
                0x000000001fff9bb0       0x88 CMakeFiles/rpmsg_str_echo_freertos_example.dir/home/abhishek/udoo/udoo-neo_custom_linux/m4/FreeRTOS_BSP_1.0.1_iMX6SX/middleware/multicore/open-amp/virtio/virtqueue.c.obj
                0x000000001fff9bb0                virtqueue_get_buffer
 .text.virtqueue_free
                0x000000001fff9c38       0x12 CMakeFiles/rpmsg_str_echo_freertos_example.dir/home/abhishek/udoo/udoo-neo_custom_linux/m4/FreeRTOS_BSP_1.0.1_iMX6SX/middleware/multicore/open-amp/virtio/virtqueue.c.obj
                0x000000001fff9c38                virtqueue_free
 .text.virtqueue_get_available_buffer
                0x000000001fff9c4a       0x4a CMakeFiles/rpmsg_str_echo_freertos_example.dir/home/abhishek/udoo/udoo-neo_custom_linux/m4/FreeRTOS_BSP_1.0.1_iMX6SX/middleware/multicore/open-amp/virtio/virtqueue.c.obj
                0x000000001fff9c4a                virtqueue_get_available_buffer
 .text.virtqueue_add_consumed_buffer
                0x000000001fff9c94       0x34 CMakeFiles/rpmsg_str_echo_freertos_example.dir/home/abhishek/udoo/udoo-neo_custom_linux/m4/FreeRTOS_BSP_1.0.1_iMX6SX/middleware/multicore/open-amp/virtio/virtqueue.c.obj
                0x000000001fff9c94                virtqueue_add_consumed_buffer
 .text.virtqueue_disable_cb
                0x000000001fff9cc8       0x26 CMakeFiles/rpmsg_str_echo_freertos_example.dir/home/abhishek/udoo/udoo-neo_custom_linux/m4/FreeRTOS_BSP_1.0.1_iMX6SX/middleware/multicore/open-amp/virtio/virtqueue.c.obj
                0x000000001fff9cc8                virtqueue_disable_cb
 *fill*         0x000000001fff9cee        0x2 
 .text.virtqueue_create
                0x000000001fff9cf0       0xb8 CMakeFiles/rpmsg_str_echo_freertos_example.dir/home/abhishek/udoo/udoo-neo_custom_linux/m4/FreeRTOS_BSP_1.0.1_iMX6SX/middleware/multicore/open-amp/virtio/virtqueue.c.obj
                0x000000001fff9cf0                virtqueue_create
 .text.virtqueue_kick
                0x000000001fff9da8       0x4c CMakeFiles/rpmsg_str_echo_freertos_example.dir/home/abhishek/udoo/udoo-neo_custom_linux/m4/FreeRTOS_BSP_1.0.1_iMX6SX/middleware/multicore/open-amp/virtio/virtqueue.c.obj
                0x000000001fff9da8                virtqueue_kick
 .text.virtqueue_notification
                0x000000001fff9df4        0x8 CMakeFiles/rpmsg_str_echo_freertos_example.dir/home/abhishek/udoo/udoo-neo_custom_linux/m4/FreeRTOS_BSP_1.0.1_iMX6SX/middleware/multicore/open-amp/virtio/virtqueue.c.obj
                0x000000001fff9df4                virtqueue_notification
 .text.env_init
                0x000000001fff9dfc       0x48 CMakeFiles/rpmsg_str_echo_freertos_example.dir/home/abhishek/udoo/udoo-neo_custom_linux/m4/FreeRTOS_BSP_1.0.1_iMX6SX/middleware/multicore/open-amp/porting/env/freertos/rpmsg_porting.c.obj
                0x000000001fff9dfc                env_init
 .text.env_deinit
                0x000000001fff9e44       0x44 CMakeFiles/rpmsg_str_echo_freertos_example.dir/home/abhishek/udoo/udoo-neo_custom_linux/m4/FreeRTOS_BSP_1.0.1_iMX6SX/middleware/multicore/open-amp/porting/env/freertos/rpmsg_porting.c.obj
                0x000000001fff9e44                env_deinit
 .text.env_allocate_memory
                0x000000001fff9e88        0x4 CMakeFiles/rpmsg_str_echo_freertos_example.dir/home/abhishek/udoo/udoo-neo_custom_linux/m4/FreeRTOS_BSP_1.0.1_iMX6SX/middleware/multicore/open-amp/porting/env/freertos/rpmsg_porting.c.obj
                0x000000001fff9e88                env_allocate_memory
 .text.env_free_memory
                0x000000001fff9e8c        0x4 CMakeFiles/rpmsg_str_echo_freertos_example.dir/home/abhishek/udoo/udoo-neo_custom_linux/m4/FreeRTOS_BSP_1.0.1_iMX6SX/middleware/multicore/open-amp/porting/env/freertos/rpmsg_porting.c.obj
                0x000000001fff9e8c                env_free_memory
 .text.env_memset
                0x000000001fff9e90        0x4 CMakeFiles/rpmsg_str_echo_freertos_example.dir/home/abhishek/udoo/udoo-neo_custom_linux/m4/FreeRTOS_BSP_1.0.1_iMX6SX/middleware/multicore/open-amp/porting/env/freertos/rpmsg_porting.c.obj
                0x000000001fff9e90                env_memset
 .text.env_memcpy
                0x000000001fff9e94        0x4 CMakeFiles/rpmsg_str_echo_freertos_example.dir/home/abhishek/udoo/udoo-neo_custom_linux/m4/FreeRTOS_BSP_1.0.1_iMX6SX/middleware/multicore/open-amp/porting/env/freertos/rpmsg_porting.c.obj
                0x000000001fff9e94                env_memcpy
 .text.env_strncpy
                0x000000001fff9e98        0x4 CMakeFiles/rpmsg_str_echo_freertos_example.dir/home/abhishek/udoo/udoo-neo_custom_linux/m4/FreeRTOS_BSP_1.0.1_iMX6SX/middleware/multicore/open-amp/porting/env/freertos/rpmsg_porting.c.obj
                0x000000001fff9e98                env_strncpy
 .text.env_strncmp
                0x000000001fff9e9c        0x4 CMakeFiles/rpmsg_str_echo_freertos_example.dir/home/abhishek/udoo/udoo-neo_custom_linux/m4/FreeRTOS_BSP_1.0.1_iMX6SX/middleware/multicore/open-amp/porting/env/freertos/rpmsg_porting.c.obj
                0x000000001fff9e9c                env_strncmp
 .text.env_mb   0x000000001fff9ea0        0x2 CMakeFiles/rpmsg_str_echo_freertos_example.dir/home/abhishek/udoo/udoo-neo_custom_linux/m4/FreeRTOS_BSP_1.0.1_iMX6SX/middleware/multicore/open-amp/porting/env/freertos/rpmsg_porting.c.obj
                0x000000001fff9ea0                env_mb
 .text.env_rmb  0x000000001fff9ea2        0x2 CMakeFiles/rpmsg_str_echo_freertos_example.dir/home/abhishek/udoo/udoo-neo_custom_linux/m4/FreeRTOS_BSP_1.0.1_iMX6SX/middleware/multicore/open-amp/porting/env/freertos/rpmsg_porting.c.obj
                0x000000001fff9ea2                env_rmb
 .text.env_wmb  0x000000001fff9ea4        0x2 CMakeFiles/rpmsg_str_echo_freertos_example.dir/home/abhishek/udoo/udoo-neo_custom_linux/m4/FreeRTOS_BSP_1.0.1_iMX6SX/middleware/multicore/open-amp/porting/env/freertos/rpmsg_porting.c.obj
                0x000000001fff9ea4                env_wmb
 .text.env_map_vatopa
                0x000000001fff9ea6        0x4 CMakeFiles/rpmsg_str_echo_freertos_example.dir/home/abhishek/udoo/udoo-neo_custom_linux/m4/FreeRTOS_BSP_1.0.1_iMX6SX/middleware/multicore/open-amp/porting/env/freertos/rpmsg_porting.c.obj
                0x000000001fff9ea6                env_map_vatopa
 .text.env_map_patova
                0x000000001fff9eaa        0x4 CMakeFiles/rpmsg_str_echo_freertos_example.dir/home/abhishek/udoo/udoo-neo_custom_linux/m4/FreeRTOS_BSP_1.0.1_iMX6SX/middleware/multicore/open-amp/porting/env/freertos/rpmsg_porting.c.obj
                0x000000001fff9eaa                env_map_patova
 .text.env_create_mutex
                0x000000001fff9eae       0x16 CMakeFiles/rpmsg_str_echo_freertos_example.dir/home/abhishek/udoo/udoo-neo_custom_linux/m4/FreeRTOS_BSP_1.0.1_iMX6SX/middleware/multicore/open-amp/porting/env/freertos/rpmsg_porting.c.obj
                0x000000001fff9eae                env_create_mutex
 .text.env_delete_mutex
                0x000000001fff9ec4        0x4 CMakeFiles/rpmsg_str_echo_freertos_example.dir/home/abhishek/udoo/udoo-neo_custom_linux/m4/FreeRTOS_BSP_1.0.1_iMX6SX/middleware/multicore/open-amp/porting/env/freertos/rpmsg_porting.c.obj
                0x000000001fff9ec4                env_delete_mutex
 .text.env_lock_mutex
                0x000000001fff9ec8       0x22 CMakeFiles/rpmsg_str_echo_freertos_example.dir/home/abhishek/udoo/udoo-neo_custom_linux/m4/FreeRTOS_BSP_1.0.1_iMX6SX/middleware/multicore/open-amp/porting/env/freertos/rpmsg_porting.c.obj
                0x000000001fff9ec8                env_lock_mutex
 .text.env_unlock_mutex
                0x000000001fff9eea       0x22 CMakeFiles/rpmsg_str_echo_freertos_example.dir/home/abhishek/udoo/udoo-neo_custom_linux/m4/FreeRTOS_BSP_1.0.1_iMX6SX/middleware/multicore/open-amp/porting/env/freertos/rpmsg_porting.c.obj
                0x000000001fff9eea                env_unlock_mutex
 .text.env_create_sync_lock
                0x000000001fff9f0c        0x4 CMakeFiles/rpmsg_str_echo_freertos_example.dir/home/abhishek/udoo/udoo-neo_custom_linux/m4/FreeRTOS_BSP_1.0.1_iMX6SX/middleware/multicore/open-amp/porting/env/freertos/rpmsg_porting.c.obj
                0x000000001fff9f0c                env_create_sync_lock
 .text.env_delete_sync_lock
                0x000000001fff9f10        0x8 CMakeFiles/rpmsg_str_echo_freertos_example.dir/home/abhishek/udoo/udoo-neo_custom_linux/m4/FreeRTOS_BSP_1.0.1_iMX6SX/middleware/multicore/open-amp/porting/env/freertos/rpmsg_porting.c.obj
                0x000000001fff9f10                env_delete_sync_lock
 .text.env_acquire_sync_lock
                0x000000001fff9f18       0x3c CMakeFiles/rpmsg_str_echo_freertos_example.dir/home/abhishek/udoo/udoo-neo_custom_linux/m4/FreeRTOS_BSP_1.0.1_iMX6SX/middleware/multicore/open-amp/porting/env/freertos/rpmsg_porting.c.obj
                0x000000001fff9f18                env_acquire_sync_lock
 .text.env_release_sync_lock
                0x000000001fff9f54       0x3c CMakeFiles/rpmsg_str_echo_freertos_example.dir/home/abhishek/udoo/udoo-neo_custom_linux/m4/FreeRTOS_BSP_1.0.1_iMX6SX/middleware/multicore/open-amp/porting/env/freertos/rpmsg_porting.c.obj
                0x000000001fff9f54                env_release_sync_lock
 .text.env_sleep_msec
                0x000000001fff9f90        0x4 CMakeFiles/rpmsg_str_echo_freertos_example.dir/home/abhishek/udoo/udoo-neo_custom_linux/m4/FreeRTOS_BSP_1.0.1_iMX6SX/middleware/multicore/open-amp/porting/env/freertos/rpmsg_porting.c.obj
                0x000000001fff9f90                env_sleep_msec
 .text.env_register_isr
                0x000000001fff9f94       0x34 CMakeFiles/rpmsg_str_echo_freertos_example.dir/home/abhishek/udoo/udoo-neo_custom_linux/m4/FreeRTOS_BSP_1.0.1_iMX6SX/middleware/multicore/open-amp/porting/env/freertos/rpmsg_porting.c.obj
                0x000000001fff9f94                env_register_isr
 .text.env_enable_interrupt
                0x000000001fff9fc8       0x40 CMakeFiles/rpmsg_str_echo_freertos_example.dir/home/abhishek/udoo/udoo-neo_custom_linux/m4/FreeRTOS_BSP_1.0.1_iMX6SX/middleware/multicore/open-amp/porting/env/freertos/rpmsg_porting.c.obj
                0x000000001fff9fc8                env_enable_interrupt
 .text.env_map_memory
                0x000000001fffa008       0x10 CMakeFiles/rpmsg_str_echo_freertos_example.dir/home/abhishek/udoo/udoo-neo_custom_linux/m4/FreeRTOS_BSP_1.0.1_iMX6SX/middleware/multicore/open-amp/porting/env/freertos/rpmsg_porting.c.obj
                0x000000001fffa008                env_map_memory
 .text.env_isr  0x000000001fffa018       0x5c CMakeFiles/rpmsg_str_echo_freertos_example.dir/home/abhishek/udoo/udoo-neo_custom_linux/m4/FreeRTOS_BSP_1.0.1_iMX6SX/middleware/multicore/open-amp/porting/env/freertos/rpmsg_porting.c.obj
                0x000000001fffa018                env_isr
 .text.env_create_queue
                0x000000001fffa074       0x1a CMakeFiles/rpmsg_str_echo_freertos_example.dir/home/abhishek/udoo/udoo-neo_custom_linux/m4/FreeRTOS_BSP_1.0.1_iMX6SX/middleware/multicore/open-amp/porting/env/freertos/rpmsg_porting.c.obj
                0x000000001fffa074                env_create_queue
 *fill*         0x000000001fffa08e        0x2 
 .text.env_put_queue
                0x000000001fffa090       0x4c CMakeFiles/rpmsg_str_echo_freertos_example.dir/home/abhishek/udoo/udoo-neo_custom_linux/m4/FreeRTOS_BSP_1.0.1_iMX6SX/middleware/multicore/open-amp/porting/env/freertos/rpmsg_porting.c.obj
                0x000000001fffa090                env_put_queue
 .text.env_get_queue
                0x000000001fffa0dc       0x48 CMakeFiles/rpmsg_str_echo_freertos_example.dir/home/abhishek/udoo/udoo-neo_custom_linux/m4/FreeRTOS_BSP_1.0.1_iMX6SX/middleware/multicore/open-amp/porting/env/freertos/rpmsg_porting.c.obj
                0x000000001fffa0dc                env_get_queue
 .text.vListInitialise
                0x000000001fffa124       0x16 CMakeFiles/rpmsg_str_echo_freertos_example.dir/home/abhishek/udoo/udoo-neo_custom_linux/m4/FreeRTOS_BSP_1.0.1_iMX6SX/rtos/FreeRTOS/Source/list.c.obj
                0x000000001fffa124                vListInitialise
 .text.vListInitialiseItem
                0x000000001fffa13a        0x6 CMakeFiles/rpmsg_str_echo_freertos_example.dir/home/abhishek/udoo/udoo-neo_custom_linux/m4/FreeRTOS_BSP_1.0.1_iMX6SX/rtos/FreeRTOS/Source/list.c.obj
                0x000000001fffa13a                vListInitialiseItem
 .text.vListInsertEnd
                0x000000001fffa140       0x18 CMakeFiles/rpmsg_str_echo_freertos_example.dir/home/abhishek/udoo/udoo-neo_custom_linux/m4/FreeRTOS_BSP_1.0.1_iMX6SX/rtos/FreeRTOS/Source/list.c.obj
                0x000000001fffa140                vListInsertEnd
 .text.vListInsert
                0x000000001fffa158       0x2e CMakeFiles/rpmsg_str_echo_freertos_example.dir/home/abhishek/udoo/udoo-neo_custom_linux/m4/FreeRTOS_BSP_1.0.1_iMX6SX/rtos/FreeRTOS/Source/list.c.obj
                0x000000001fffa158                vListInsert
 .text.uxListRemove
                0x000000001fffa186       0x24 CMakeFiles/rpmsg_str_echo_freertos_example.dir/home/abhishek/udoo/udoo-neo_custom_linux/m4/FreeRTOS_BSP_1.0.1_iMX6SX/rtos/FreeRTOS/Source/list.c.obj
                0x000000001fffa186                uxListRemove
 .text.prvCopyDataToQueue
                0x000000001fffa1aa       0x5a CMakeFiles/rpmsg_str_echo_freertos_example.dir/home/abhishek/udoo/udoo-neo_custom_linux/m4/FreeRTOS_BSP_1.0.1_iMX6SX/rtos/FreeRTOS/Source/queue.c.obj
 .text.prvCopyDataFromQueue
                0x000000001fffa204       0x26 CMakeFiles/rpmsg_str_echo_freertos_example.dir/home/abhishek/udoo/udoo-neo_custom_linux/m4/FreeRTOS_BSP_1.0.1_iMX6SX/rtos/FreeRTOS/Source/queue.c.obj
 .text.prvUnlockQueue
                0x000000001fffa22a       0x6c CMakeFiles/rpmsg_str_echo_freertos_example.dir/home/abhishek/udoo/udoo-neo_custom_linux/m4/FreeRTOS_BSP_1.0.1_iMX6SX/rtos/FreeRTOS/Source/queue.c.obj
 .text.xQueueGenericReset
                0x000000001fffa296       0x62 CMakeFiles/rpmsg_str_echo_freertos_example.dir/home/abhishek/udoo/udoo-neo_custom_linux/m4/FreeRTOS_BSP_1.0.1_iMX6SX/rtos/FreeRTOS/Source/queue.c.obj
                0x000000001fffa296                xQueueGenericReset
 .text.xQueueGenericCreate
                0x000000001fffa2f8       0x3c CMakeFiles/rpmsg_str_echo_freertos_example.dir/home/abhishek/udoo/udoo-neo_custom_linux/m4/FreeRTOS_BSP_1.0.1_iMX6SX/rtos/FreeRTOS/Source/queue.c.obj
                0x000000001fffa2f8                xQueueGenericCreate
 .text.xQueueCreateCountingSemaphore
                0x000000001fffa334       0x2a CMakeFiles/rpmsg_str_echo_freertos_example.dir/home/abhishek/udoo/udoo-neo_custom_linux/m4/FreeRTOS_BSP_1.0.1_iMX6SX/rtos/FreeRTOS/Source/queue.c.obj
                0x000000001fffa334                xQueueCreateCountingSemaphore
 .text.xQueueGenericSend
                0x000000001fffa35e      0x100 CMakeFiles/rpmsg_str_echo_freertos_example.dir/home/abhishek/udoo/udoo-neo_custom_linux/m4/FreeRTOS_BSP_1.0.1_iMX6SX/rtos/FreeRTOS/Source/queue.c.obj
                0x000000001fffa35e                xQueueGenericSend
 .text.xQueueGenericSendFromISR
                0x000000001fffa45e       0x8a CMakeFiles/rpmsg_str_echo_freertos_example.dir/home/abhishek/udoo/udoo-neo_custom_linux/m4/FreeRTOS_BSP_1.0.1_iMX6SX/rtos/FreeRTOS/Source/queue.c.obj
                0x000000001fffa45e                xQueueGenericSendFromISR
 .text.xQueueGenericReceive
                0x000000001fffa4e8      0x10c CMakeFiles/rpmsg_str_echo_freertos_example.dir/home/abhishek/udoo/udoo-neo_custom_linux/m4/FreeRTOS_BSP_1.0.1_iMX6SX/rtos/FreeRTOS/Source/queue.c.obj
                0x000000001fffa4e8                xQueueGenericReceive
 .text.xQueueReceiveFromISR
                0x000000001fffa5f4       0x70 CMakeFiles/rpmsg_str_echo_freertos_example.dir/home/abhishek/udoo/udoo-neo_custom_linux/m4/FreeRTOS_BSP_1.0.1_iMX6SX/rtos/FreeRTOS/Source/queue.c.obj
                0x000000001fffa5f4                xQueueReceiveFromISR
 .text.vQueueUnregisterQueue
                0x000000001fffa664       0x24 CMakeFiles/rpmsg_str_echo_freertos_example.dir/home/abhishek/udoo/udoo-neo_custom_linux/m4/FreeRTOS_BSP_1.0.1_iMX6SX/rtos/FreeRTOS/Source/queue.c.obj
                0x000000001fffa664                vQueueUnregisterQueue
 .text.vQueueDelete
                0x000000001fffa688       0x22 CMakeFiles/rpmsg_str_echo_freertos_example.dir/home/abhishek/udoo/udoo-neo_custom_linux/m4/FreeRTOS_BSP_1.0.1_iMX6SX/rtos/FreeRTOS/Source/queue.c.obj
                0x000000001fffa688                vQueueDelete
 .text.prvIdleTask
                0x000000001fffa6aa        0x2 CMakeFiles/rpmsg_str_echo_freertos_example.dir/home/abhishek/udoo/udoo-neo_custom_linux/m4/FreeRTOS_BSP_1.0.1_iMX6SX/rtos/FreeRTOS/Source/tasks.c.obj
 .text.prvResetNextTaskUnblockTime
                0x000000001fffa6ac       0x24 CMakeFiles/rpmsg_str_echo_freertos_example.dir/home/abhishek/udoo/udoo-neo_custom_linux/m4/FreeRTOS_BSP_1.0.1_iMX6SX/rtos/FreeRTOS/Source/tasks.c.obj
 .text.prvAddCurrentTaskToDelayedList
                0x000000001fffa6d0       0x50 CMakeFiles/rpmsg_str_echo_freertos_example.dir/home/abhishek/udoo/udoo-neo_custom_linux/m4/FreeRTOS_BSP_1.0.1_iMX6SX/rtos/FreeRTOS/Source/tasks.c.obj
 .text.xTaskGenericCreate
                0x000000001fffa720      0x1a4 CMakeFiles/rpmsg_str_echo_freertos_example.dir/home/abhishek/udoo/udoo-neo_custom_linux/m4/FreeRTOS_BSP_1.0.1_iMX6SX/rtos/FreeRTOS/Source/tasks.c.obj
                0x000000001fffa720                xTaskGenericCreate
 .text.vTaskStartScheduler
                0x000000001fffa8c4       0x54 CMakeFiles/rpmsg_str_echo_freertos_example.dir/home/abhishek/udoo/udoo-neo_custom_linux/m4/FreeRTOS_BSP_1.0.1_iMX6SX/rtos/FreeRTOS/Source/tasks.c.obj
                0x000000001fffa8c4                vTaskStartScheduler
 .text.vTaskSuspendAll
                0x000000001fffa918       0x10 CMakeFiles/rpmsg_str_echo_freertos_example.dir/home/abhishek/udoo/udoo-neo_custom_linux/m4/FreeRTOS_BSP_1.0.1_iMX6SX/rtos/FreeRTOS/Source/tasks.c.obj
                0x000000001fffa918                vTaskSuspendAll
 .text.xTaskIncrementTick
                0x000000001fffa928      0x118 CMakeFiles/rpmsg_str_echo_freertos_example.dir/home/abhishek/udoo/udoo-neo_custom_linux/m4/FreeRTOS_BSP_1.0.1_iMX6SX/rtos/FreeRTOS/Source/tasks.c.obj
                0x000000001fffa928                xTaskIncrementTick
 .text.xTaskResumeAll
                0x000000001fffaa40       0xc8 CMakeFiles/rpmsg_str_echo_freertos_example.dir/home/abhishek/udoo/udoo-neo_custom_linux/m4/FreeRTOS_BSP_1.0.1_iMX6SX/rtos/FreeRTOS/Source/tasks.c.obj
                0x000000001fffaa40                xTaskResumeAll
 .text.vTaskDelay
                0x000000001fffab08       0x48 CMakeFiles/rpmsg_str_echo_freertos_example.dir/home/abhishek/udoo/udoo-neo_custom_linux/m4/FreeRTOS_BSP_1.0.1_iMX6SX/rtos/FreeRTOS/Source/tasks.c.obj
                0x000000001fffab08                vTaskDelay
 .text.vTaskSwitchContext
                0x000000001fffab50       0x70 CMakeFiles/rpmsg_str_echo_freertos_example.dir/home/abhishek/udoo/udoo-neo_custom_linux/m4/FreeRTOS_BSP_1.0.1_iMX6SX/rtos/FreeRTOS/Source/tasks.c.obj
                0x000000001fffab50                vTaskSwitchContext
 .text.vTaskPlaceOnEventList
                0x000000001fffabc0       0x4c CMakeFiles/rpmsg_str_echo_freertos_example.dir/home/abhishek/udoo/udoo-neo_custom_linux/m4/FreeRTOS_BSP_1.0.1_iMX6SX/rtos/FreeRTOS/Source/tasks.c.obj
                0x000000001fffabc0                vTaskPlaceOnEventList
 .text.xTaskRemoveFromEventList
                0x000000001fffac0c       0x74 CMakeFiles/rpmsg_str_echo_freertos_example.dir/home/abhishek/udoo/udoo-neo_custom_linux/m4/FreeRTOS_BSP_1.0.1_iMX6SX/rtos/FreeRTOS/Source/tasks.c.obj
                0x000000001fffac0c                xTaskRemoveFromEventList
 .text.vTaskSetTimeOutState
                0x000000001fffac80       0x20 CMakeFiles/rpmsg_str_echo_freertos_example.dir/home/abhishek/udoo/udoo-neo_custom_linux/m4/FreeRTOS_BSP_1.0.1_iMX6SX/rtos/FreeRTOS/Source/tasks.c.obj
                0x000000001fffac80                vTaskSetTimeOutState
 .text.xTaskCheckForTimeOut
                0x000000001fffaca0       0x5c CMakeFiles/rpmsg_str_echo_freertos_example.dir/home/abhishek/udoo/udoo-neo_custom_linux/m4/FreeRTOS_BSP_1.0.1_iMX6SX/rtos/FreeRTOS/Source/tasks.c.obj
                0x000000001fffaca0                xTaskCheckForTimeOut
 .text.vTaskMissedYield
                0x000000001fffacfc        0xc CMakeFiles/rpmsg_str_echo_freertos_example.dir/home/abhishek/udoo/udoo-neo_custom_linux/m4/FreeRTOS_BSP_1.0.1_iMX6SX/rtos/FreeRTOS/Source/tasks.c.obj
                0x000000001fffacfc                vTaskMissedYield
 .text.debug_putc
                0x000000001fffad08       0x28 CMakeFiles/rpmsg_str_echo_freertos_example.dir/home/abhishek/udoo/udoo-neo_custom_linux/m4/FreeRTOS_BSP_1.0.1_iMX6SX/platform/utilities/src/debug_console_imx.c.obj
 .text.UART_ReceiveDataPolling
                0x000000001fffad30       0x24 CMakeFiles/rpmsg_str_echo_freertos_example.dir/home/abhishek/udoo/udoo-neo_custom_linux/m4/FreeRTOS_BSP_1.0.1_iMX6SX/platform/utilities/src/debug_console_imx.c.obj
 .text.UART_SendDataPolling
                0x000000001fffad54       0x40 CMakeFiles/rpmsg_str_echo_freertos_example.dir/home/abhishek/udoo/udoo-neo_custom_linux/m4/FreeRTOS_BSP_1.0.1_iMX6SX/platform/utilities/src/debug_console_imx.c.obj
 .text.DbgConsole_Init
                0x000000001fffad94       0x54 CMakeFiles/rpmsg_str_echo_freertos_example.dir/home/abhishek/udoo/udoo-neo_custom_linux/m4/FreeRTOS_BSP_1.0.1_iMX6SX/platform/utilities/src/debug_console_imx.c.obj
                0x000000001fffad94                DbgConsole_Init
 .text._write   0x000000001fffade8       0x28 CMakeFiles/rpmsg_str_echo_freertos_example.dir/home/abhishek/udoo/udoo-neo_custom_linux/m4/FreeRTOS_BSP_1.0.1_iMX6SX/platform/utilities/src/debug_console_imx.c.obj
                0x000000001fffade8                _write
 .text._read    0x000000001fffae10       0x20 CMakeFiles/rpmsg_str_echo_freertos_example.dir/home/abhishek/udoo/udoo-neo_custom_linux/m4/FreeRTOS_BSP_1.0.1_iMX6SX/platform/utilities/src/debug_console_imx.c.obj
                0x000000001fffae10                _read
 .text.debug_printf
                0x000000001fffae30       0x38 CMakeFiles/rpmsg_str_echo_freertos_example.dir/home/abhishek/udoo/udoo-neo_custom_linux/m4/FreeRTOS_BSP_1.0.1_iMX6SX/platform/utilities/src/debug_console_imx.c.obj
                0x000000001fffae30                debug_printf
 .text.mknumstr
                0x000000001fffae68       0x6a CMakeFiles/rpmsg_str_echo_freertos_example.dir/home/abhishek/udoo/udoo-neo_custom_linux/m4/FreeRTOS_BSP_1.0.1_iMX6SX/platform/utilities/src/print_scan.c.obj
 .text.fput_pad.isra.0
                0x000000001fffaed2       0x26 CMakeFiles/rpmsg_str_echo_freertos_example.dir/home/abhishek/udoo/udoo-neo_custom_linux/m4/FreeRTOS_BSP_1.0.1_iMX6SX/platform/utilities/src/print_scan.c.obj
 .text._doprint
                0x000000001fffaef8      0x41c CMakeFiles/rpmsg_str_echo_freertos_example.dir/home/abhishek/udoo/udoo-neo_custom_linux/m4/FreeRTOS_BSP_1.0.1_iMX6SX/platform/utilities/src/print_scan.c.obj
                0x000000001fffaef8                _doprint
 .text.SystemInit
                0x000000001fffb314       0x6c CMakeFiles/rpmsg_str_echo_freertos_example.dir/home/abhishek/udoo/udoo-neo_custom_linux/m4/FreeRTOS_BSP_1.0.1_iMX6SX/platform/devices/MCIMX6X/startup/system_MCIMX6X_M4.c.obj
                0x000000001fffb314                SystemInit
 .text.configure_uart_pins
                0x000000001fffb380       0x2c CMakeFiles/rpmsg_str_echo_freertos_example.dir/home/abhishek/udoo/udoo-neo_custom_linux/m4/FreeRTOS_BSP_1.0.1_iMX6SX/examples/imx6sx_sdb_m4/pin_mux.c.obj
                0x000000001fffb380                configure_uart_pins
 .text.BOARD_ClockInit
                0x000000001fffb3ac       0x3c CMakeFiles/rpmsg_str_echo_freertos_example.dir/home/abhishek/udoo/udoo-neo_custom_linux/m4/FreeRTOS_BSP_1.0.1_iMX6SX/examples/imx6sx_sdb_m4/board.c.obj
                0x000000001fffb3ac                BOARD_ClockInit
 .text.dbg_uart_init
                0x000000001fffb3e8       0x48 CMakeFiles/rpmsg_str_echo_freertos_example.dir/home/abhishek/udoo/udoo-neo_custom_linux/m4/FreeRTOS_BSP_1.0.1_iMX6SX/examples/imx6sx_sdb_m4/board.c.obj
                0x000000001fffb3e8                dbg_uart_init
 .text.BOARD_RdcInit
                0x000000001fffb430       0x10 CMakeFiles/rpmsg_str_echo_freertos_example.dir/home/abhishek/udoo/udoo-neo_custom_linux/m4/FreeRTOS_BSP_1.0.1_iMX6SX/examples/imx6sx_sdb_m4/board.c.obj
                0x000000001fffb430                BOARD_RdcInit
 .text.hardware_init
                0x000000001fffb440       0x1c CMakeFiles/rpmsg_str_echo_freertos_example.dir/home/abhishek/udoo/udoo-neo_custom_linux/m4/FreeRTOS_BSP_1.0.1_iMX6SX/examples/imx6sx_sdb_m4/demo_apps/rpmsg/str_echo_freertos/hardware_init.c.obj
                0x000000001fffb440                hardware_init
 .text.UART_Deinit
                0x000000001fffb45c       0x5e CMakeFiles/rpmsg_str_echo_freertos_example.dir/home/abhishek/udoo/udoo-neo_custom_linux/m4/FreeRTOS_BSP_1.0.1_iMX6SX/platform/drivers/src/uart_imx.c.obj
                0x000000001fffb45c                UART_Deinit
 *fill*         0x000000001fffb4ba        0x2 
 .text.UART_SetBaudRate
                0x000000001fffb4bc       0xcc CMakeFiles/rpmsg_str_echo_freertos_example.dir/home/abhishek/udoo/udoo-neo_custom_linux/m4/FreeRTOS_BSP_1.0.1_iMX6SX/platform/drivers/src/uart_imx.c.obj
                0x000000001fffb4bc                UART_SetBaudRate
 .text.UART_Init
                0x000000001fffb588       0x60 CMakeFiles/rpmsg_str_echo_freertos_example.dir/home/abhishek/udoo/udoo-neo_custom_linux/m4/FreeRTOS_BSP_1.0.1_iMX6SX/platform/drivers/src/uart_imx.c.obj
                0x000000001fffb588                UART_Init
 .text.UART_GetStatusFlag
                0x000000001fffb5e8        0xe CMakeFiles/rpmsg_str_echo_freertos_example.dir/home/abhishek/udoo/udoo-neo_custom_linux/m4/FreeRTOS_BSP_1.0.1_iMX6SX/platform/drivers/src/uart_imx.c.obj
                0x000000001fffb5e8                UART_GetStatusFlag
 *fill*         0x000000001fffb5f6        0x2 
 .text.MU_SendMsg
                0x000000001fffb5f8       0x30 CMakeFiles/rpmsg_str_echo_freertos_example.dir/home/abhishek/udoo/udoo-neo_custom_linux/m4/FreeRTOS_BSP_1.0.1_iMX6SX/platform/drivers/src/mu_imx.c.obj
                0x000000001fffb5f8                MU_SendMsg
 .text.MU_TryReceiveMsg
                0x000000001fffb628       0x3c CMakeFiles/rpmsg_str_echo_freertos_example.dir/home/abhishek/udoo/udoo-neo_custom_linux/m4/FreeRTOS_BSP_1.0.1_iMX6SX/platform/drivers/src/mu_imx.c.obj
                0x000000001fffb628                MU_TryReceiveMsg
 .text.__assert_func
                0x000000001fffb664       0x3c /home/abhishek/udoo/udoo-neo_custom_linux/m4/gcc-arm-none-eabi-7-2018-q2-update-linux/gcc-arm-none-eabi-7-2018-q2-update/bin/../lib/gcc/arm-none-eabi/7.3.1/../../../../arm-none-eabi/lib/thumb/v7e-m/fpv4-sp/hard/libc_nano.a(lib_a-assert.o)
                0x000000001fffb664                __assert_func
 .text.exit     0x000000001fffb6a0       0x28 /home/abhishek/udoo/udoo-neo_custom_linux/m4/gcc-arm-none-eabi-7-2018-q2-update-linux/gcc-arm-none-eabi-7-2018-q2-update/bin/../lib/gcc/arm-none-eabi/7.3.1/../../../../arm-none-eabi/lib/thumb/v7e-m/fpv4-sp/hard/libc_nano.a(lib_a-exit.o)
                0x000000001fffb6a0                exit
 .text.fprintf  0x000000001fffb6c8       0x24 /home/abhishek/udoo/udoo-neo_custom_linux/m4/gcc-arm-none-eabi-7-2018-q2-update-linux/gcc-arm-none-eabi-7-2018-q2-update/bin/../lib/gcc/arm-none-eabi/7.3.1/../../../../arm-none-eabi/lib/thumb/v7e-m/fpv4-sp/hard/libc_nano.a(lib_a-fprintf.o)
                0x000000001fffb6c8                fprintf
                0x000000001fffb6c8                fiprintf
 .text.__libc_init_array
                0x000000001fffb6ec       0x48 /home/abhishek/udoo/udoo-neo_custom_linux/m4/gcc-arm-none-eabi-7-2018-q2-update-linux/gcc-arm-none-eabi-7-2018-q2-update/bin/../lib/gcc/arm-none-eabi/7.3.1/../../../../arm-none-eabi/lib/thumb/v7e-m/fpv4-sp/hard/libc_nano.a(lib_a-init.o)
                0x000000001fffb6ec                __libc_init_array
 .text.memcpy   0x000000001fffb734       0x16 /home/abhishek/udoo/udoo-neo_custom_linux/m4/gcc-arm-none-eabi-7-2018-q2-update-linux/gcc-arm-none-eabi-7-2018-q2-update/bin/../lib/gcc/arm-none-eabi/7.3.1/../../../../arm-none-eabi/lib/thumb/v7e-m/fpv4-sp/hard/libc_nano.a(lib_a-memcpy-stub.o)
                0x000000001fffb734                memcpy
 .text.memset   0x000000001fffb74a       0x10 /home/abhishek/udoo/udoo-neo_custom_linux/m4/gcc-arm-none-eabi-7-2018-q2-update-linux/gcc-arm-none-eabi-7-2018-q2-update/bin/../lib/gcc/arm-none-eabi/7.3.1/../../../../arm-none-eabi/lib/thumb/v7e-m/fpv4-sp/hard/libc_nano.a(lib_a-memset.o)
                0x000000001fffb74a                memset
 .text.__sfputc_r
                0x000000001fffb75a       0x2e /home/abhishek/udoo/udoo-neo_custom_linux/m4/gcc-arm-none-eabi-7-2018-q2-update-linux/gcc-arm-none-eabi-7-2018-q2-update/bin/../lib/gcc/arm-none-eabi/7.3.1/../../../../arm-none-eabi/lib/thumb/v7e-m/fpv4-sp/hard/libc_nano.a(lib_a-nano-vfprintf.o)
 .text.__sfputs_r
                0x000000001fffb788       0x24 /home/abhishek/udoo/udoo-neo_custom_linux/m4/gcc-arm-none-eabi-7-2018-q2-update-linux/gcc-arm-none-eabi-7-2018-q2-update/bin/../lib/gcc/arm-none-eabi/7.3.1/../../../../arm-none-eabi/lib/thumb/v7e-m/fpv4-sp/hard/libc_nano.a(lib_a-nano-vfprintf.o)
                0x000000001fffb788                __sfputs_r
 .text._vfprintf_r
                0x000000001fffb7ac      0x22c /home/abhishek/udoo/udoo-neo_custom_linux/m4/gcc-arm-none-eabi-7-2018-q2-update-linux/gcc-arm-none-eabi-7-2018-q2-update/bin/../lib/gcc/arm-none-eabi/7.3.1/../../../../arm-none-eabi/lib/thumb/v7e-m/fpv4-sp/hard/libc_nano.a(lib_a-nano-vfprintf.o)
                0x000000001fffb7ac                _vfiprintf_r
                0x000000001fffb7ac                _vfprintf_r
 .text._printf_common
                0x000000001fffb9d8       0xea /home/abhishek/udoo/udoo-neo_custom_linux/m4/gcc-arm-none-eabi-7-2018-q2-update-linux/gcc-arm-none-eabi-7-2018-q2-update/bin/../lib/gcc/arm-none-eabi/7.3.1/../../../../arm-none-eabi/lib/thumb/v7e-m/fpv4-sp/hard/libc_nano.a(lib_a-nano-vfprintf_i.o)
                0x000000001fffb9d8                _printf_common
 *fill*         0x000000001fffbac2        0x2 
 .text._printf_i
                0x000000001fffbac4      0x224 /home/abhishek/udoo/udoo-neo_custom_linux/m4/gcc-arm-none-eabi-7-2018-q2-update-linux/gcc-arm-none-eabi-7-2018-q2-update/bin/../lib/gcc/arm-none-eabi/7.3.1/../../../../arm-none-eabi/lib/thumb/v7e-m/fpv4-sp/hard/libc_nano.a(lib_a-nano-vfprintf_i.o)
                0x000000001fffbac4                _printf_i
 .text.strncmp  0x000000001fffbce8       0x24 /home/abhishek/udoo/udoo-neo_custom_linux/m4/gcc-arm-none-eabi-7-2018-q2-update-linux/gcc-arm-none-eabi-7-2018-q2-update/bin/../lib/gcc/arm-none-eabi/7.3.1/../../../../arm-none-eabi/lib/thumb/v7e-m/fpv4-sp/hard/libc_nano.a(lib_a-strncmp.o)
                0x000000001fffbce8                strncmp
 .text.strncpy  0x000000001fffbd0c       0x2a /home/abhishek/udoo/udoo-neo_custom_linux/m4/gcc-arm-none-eabi-7-2018-q2-update-linux/gcc-arm-none-eabi-7-2018-q2-update/bin/../lib/gcc/arm-none-eabi/7.3.1/../../../../arm-none-eabi/lib/thumb/v7e-m/fpv4-sp/hard/libc_nano.a(lib_a-strncpy.o)
                0x000000001fffbd0c                strncpy
 *fill*         0x000000001fffbd36        0x2 
 .text.__swbuf_r
                0x000000001fffbd38       0xa4 /home/abhishek/udoo/udoo-neo_custom_linux/m4/gcc-arm-none-eabi-7-2018-q2-update-linux/gcc-arm-none-eabi-7-2018-q2-update/bin/../lib/gcc/arm-none-eabi/7.3.1/../../../../arm-none-eabi/lib/thumb/v7e-m/fpv4-sp/hard/libc_nano.a(lib_a-wbuf.o)
                0x000000001fffbd38                __swbuf_r
 .text.__swsetup_r
                0x000000001fffbddc       0xdc /home/abhishek/udoo/udoo-neo_custom_linux/m4/gcc-arm-none-eabi-7-2018-q2-update-linux/gcc-arm-none-eabi-7-2018-q2-update/bin/../lib/gcc/arm-none-eabi/7.3.1/../../../../arm-none-eabi/lib/thumb/v7e-m/fpv4-sp/hard/libc_nano.a(lib_a-wsetup.o)
                0x000000001fffbddc                __swsetup_r
 .text.abort    0x000000001fffbeb8        0xe /home/abhishek/udoo/udoo-neo_custom_linux/m4/gcc-arm-none-eabi-7-2018-q2-update-linux/gcc-arm-none-eabi-7-2018-q2-update/bin/../lib/gcc/arm-none-eabi/7.3.1/../../../../arm-none-eabi/lib/thumb/v7e-m/fpv4-sp/hard/libc_nano.a(lib_a-abort.o)
                0x000000001fffbeb8                abort
 *fill*         0x000000001fffbec6        0x2 
 .text.__sflush_r
                0x000000001fffbec8      0x10c /home/abhishek/udoo/udoo-neo_custom_linux/m4/gcc-arm-none-eabi-7-2018-q2-update-linux/gcc-arm-none-eabi-7-2018-q2-update/bin/../lib/gcc/arm-none-eabi/7.3.1/../../../../arm-none-eabi/lib/thumb/v7e-m/fpv4-sp/hard/libc_nano.a(lib_a-fflush.o)
                0x000000001fffbec8                __sflush_r
 .text._fflush_r
                0x000000001fffbfd4       0x54 /home/abhishek/udoo/udoo-neo_custom_linux/m4/gcc-arm-none-eabi-7-2018-q2-update-linux/gcc-arm-none-eabi-7-2018-q2-update/bin/../lib/gcc/arm-none-eabi/7.3.1/../../../../arm-none-eabi/lib/thumb/v7e-m/fpv4-sp/hard/libc_nano.a(lib_a-fflush.o)
                0x000000001fffbfd4                _fflush_r
 .text.std      0x000000001fffc028       0x48 /home/abhishek/udoo/udoo-neo_custom_linux/m4/gcc-arm-none-eabi-7-2018-q2-update-linux/gcc-arm-none-eabi-7-2018-q2-update/bin/../lib/gcc/arm-none-eabi/7.3.1/../../../../arm-none-eabi/lib/thumb/v7e-m/fpv4-sp/hard/libc_nano.a(lib_a-findfp.o)
 .text._cleanup_r
                0x000000001fffc070        0xc /home/abhishek/udoo/udoo-neo_custom_linux/m4/gcc-arm-none-eabi-7-2018-q2-update-linux/gcc-arm-none-eabi-7-2018-q2-update/bin/../lib/gcc/arm-none-eabi/7.3.1/../../../../arm-none-eabi/lib/thumb/v7e-m/fpv4-sp/hard/libc_nano.a(lib_a-findfp.o)
                0x000000001fffc070                _cleanup_r
 .text.__sfmoreglue
                0x000000001fffc07c       0x2c /home/abhishek/udoo/udoo-neo_custom_linux/m4/gcc-arm-none-eabi-7-2018-q2-update-linux/gcc-arm-none-eabi-7-2018-q2-update/bin/../lib/gcc/arm-none-eabi/7.3.1/../../../../arm-none-eabi/lib/thumb/v7e-m/fpv4-sp/hard/libc_nano.a(lib_a-findfp.o)
                0x000000001fffc07c                __sfmoreglue
 .text.__sinit  0x000000001fffc0a8       0x60 /home/abhishek/udoo/udoo-neo_custom_linux/m4/gcc-arm-none-eabi-7-2018-q2-update-linux/gcc-arm-none-eabi-7-2018-q2-update/bin/../lib/gcc/arm-none-eabi/7.3.1/../../../../arm-none-eabi/lib/thumb/v7e-m/fpv4-sp/hard/libc_nano.a(lib_a-findfp.o)
                0x000000001fffc0a8                __sinit
 .text.__sfp    0x000000001fffc108       0x78 /home/abhishek/udoo/udoo-neo_custom_linux/m4/gcc-arm-none-eabi-7-2018-q2-update-linux/gcc-arm-none-eabi-7-2018-q2-update/bin/../lib/gcc/arm-none-eabi/7.3.1/../../../../arm-none-eabi/lib/thumb/v7e-m/fpv4-sp/hard/libc_nano.a(lib_a-findfp.o)
                0x000000001fffc108                __sfp
 .text._fwalk_reent
                0x000000001fffc180       0x3c /home/abhishek/udoo/udoo-neo_custom_linux/m4/gcc-arm-none-eabi-7-2018-q2-update-linux/gcc-arm-none-eabi-7-2018-q2-update/bin/../lib/gcc/arm-none-eabi/7.3.1/../../../../arm-none-eabi/lib/thumb/v7e-m/fpv4-sp/hard/libc_nano.a(lib_a-fwalk.o)
                0x000000001fffc180                _fwalk_reent
 .text.__swhatbuf_r
                0x000000001fffc1bc       0x48 /home/abhishek/udoo/udoo-neo_custom_linux/m4/gcc-arm-none-eabi-7-2018-q2-update-linux/gcc-arm-none-eabi-7-2018-q2-update/bin/../lib/gcc/arm-none-eabi/7.3.1/../../../../arm-none-eabi/lib/thumb/v7e-m/fpv4-sp/hard/libc_nano.a(lib_a-makebuf.o)
                0x000000001fffc1bc                __swhatbuf_r
 .text.__smakebuf_r
                0x000000001fffc204       0x80 /home/abhishek/udoo/udoo-neo_custom_linux/m4/gcc-arm-none-eabi-7-2018-q2-update-linux/gcc-arm-none-eabi-7-2018-q2-update/bin/../lib/gcc/arm-none-eabi/7.3.1/../../../../arm-none-eabi/lib/thumb/v7e-m/fpv4-sp/hard/libc_nano.a(lib_a-makebuf.o)
                0x000000001fffc204                __smakebuf_r
 .text._free_r  0x000000001fffc284       0x9c /home/abhishek/udoo/udoo-neo_custom_linux/m4/gcc-arm-none-eabi-7-2018-q2-update-linux/gcc-arm-none-eabi-7-2018-q2-update/bin/../lib/gcc/arm-none-eabi/7.3.1/../../../../arm-none-eabi/lib/thumb/v7e-m/fpv4-sp/hard/libc_nano.a(lib_a-nano-freer.o)
                0x000000001fffc284                _free_r
 .text._malloc_r
                0x000000001fffc320       0xb4 /home/abhishek/udoo/udoo-neo_custom_linux/m4/gcc-arm-none-eabi-7-2018-q2-update-linux/gcc-arm-none-eabi-7-2018-q2-update/bin/../lib/gcc/arm-none-eabi/7.3.1/../../../../arm-none-eabi/lib/thumb/v7e-m/fpv4-sp/hard/libc_nano.a(lib_a-nano-mallocr.o)
                0x000000001fffc320                _malloc_r
 .text._sbrk_r  0x000000001fffc3d4       0x20 /home/abhishek/udoo/udoo-neo_custom_linux/m4/gcc-arm-none-eabi-7-2018-q2-update-linux/gcc-arm-none-eabi-7-2018-q2-update/bin/../lib/gcc/arm-none-eabi/7.3.1/../../../../arm-none-eabi/lib/thumb/v7e-m/fpv4-sp/hard/libc_nano.a(lib_a-sbrkr.o)
                0x000000001fffc3d4                _sbrk_r
 .text._raise_r
                0x000000001fffc3f4       0x50 /home/abhishek/udoo/udoo-neo_custom_linux/m4/gcc-arm-none-eabi-7-2018-q2-update-linux/gcc-arm-none-eabi-7-2018-q2-update/bin/../lib/gcc/arm-none-eabi/7.3.1/../../../../arm-none-eabi/lib/thumb/v7e-m/fpv4-sp/hard/libc_nano.a(lib_a-signal.o)
                0x000000001fffc3f4                _raise_r
 .text.raise    0x000000001fffc444       0x10 /home/abhishek/udoo/udoo-neo_custom_linux/m4/gcc-arm-none-eabi-7-2018-q2-update-linux/gcc-arm-none-eabi-7-2018-q2-update/bin/../lib/gcc/arm-none-eabi/7.3.1/../../../../arm-none-eabi/lib/thumb/v7e-m/fpv4-sp/hard/libc_nano.a(lib_a-signal.o)
                0x000000001fffc444                raise
 .text._kill_r  0x000000001fffc454       0x24 /home/abhishek/udoo/udoo-neo_custom_linux/m4/gcc-arm-none-eabi-7-2018-q2-update-linux/gcc-arm-none-eabi-7-2018-q2-update/bin/../lib/gcc/arm-none-eabi/7.3.1/../../../../arm-none-eabi/lib/thumb/v7e-m/fpv4-sp/hard/libc_nano.a(lib_a-signalr.o)
                0x000000001fffc454                _kill_r
 .text._getpid_r
                0x000000001fffc478        0x4 /home/abhishek/udoo/udoo-neo_custom_linux/m4/gcc-arm-none-eabi-7-2018-q2-update-linux/gcc-arm-none-eabi-7-2018-q2-update/bin/../lib/gcc/arm-none-eabi/7.3.1/../../../../arm-none-eabi/lib/thumb/v7e-m/fpv4-sp/hard/libc_nano.a(lib_a-signalr.o)
                0x000000001fffc478                _getpid_r
 .text.__sread  0x000000001fffc47c       0x22 /home/abhishek/udoo/udoo-neo_custom_linux/m4/gcc-arm-none-eabi-7-2018-q2-update-linux/gcc-arm-none-eabi-7-2018-q2-update/bin/../lib/gcc/arm-none-eabi/7.3.1/../../../../arm-none-eabi/lib/thumb/v7e-m/fpv4-sp/hard/libc_nano.a(lib_a-stdio.o)
                0x000000001fffc47c                __sread
 .text.__swrite
                0x000000001fffc49e       0x38 /home/abhishek/udoo/udoo-neo_custom_linux/m4/gcc-arm-none-eabi-7-2018-q2-update-linux/gcc-arm-none-eabi-7-2018-q2-update/bin/../lib/gcc/arm-none-eabi/7.3.1/../../../../arm-none-eabi/lib/thumb/v7e-m/fpv4-sp/hard/libc_nano.a(lib_a-stdio.o)
                0x000000001fffc49e                __swrite
 .text.__sseek  0x000000001fffc4d6       0x24 /home/abhishek/udoo/udoo-neo_custom_linux/m4/gcc-arm-none-eabi-7-2018-q2-update-linux/gcc-arm-none-eabi-7-2018-q2-update/bin/../lib/gcc/arm-none-eabi/7.3.1/../../../../arm-none-eabi/lib/thumb/v7e-m/fpv4-sp/hard/libc_nano.a(lib_a-stdio.o)
                0x000000001fffc4d6                __sseek
 .text.__sclose
                0x000000001fffc4fa        0x8 /home/abhishek/udoo/udoo-neo_custom_linux/m4/gcc-arm-none-eabi-7-2018-q2-update-linux/gcc-arm-none-eabi-7-2018-q2-update/bin/../lib/gcc/arm-none-eabi/7.3.1/../../../../arm-none-eabi/lib/thumb/v7e-m/fpv4-sp/hard/libc_nano.a(lib_a-stdio.o)
                0x000000001fffc4fa                __sclose
 *fill*         0x000000001fffc502        0x2 
 .text._write_r
                0x000000001fffc504       0x24 /home/abhishek/udoo/udoo-neo_custom_linux/m4/gcc-arm-none-eabi-7-2018-q2-update-linux/gcc-arm-none-eabi-7-2018-q2-update/bin/../lib/gcc/arm-none-eabi/7.3.1/../../../../arm-none-eabi/lib/thumb/v7e-m/fpv4-sp/hard/libc_nano.a(lib_a-writer.o)
                0x000000001fffc504                _write_r
 .text._close_r
                0x000000001fffc528       0x20 /home/abhishek/udoo/udoo-neo_custom_linux/m4/gcc-arm-none-eabi-7-2018-q2-update-linux/gcc-arm-none-eabi-7-2018-q2-update/bin/../lib/gcc/arm-none-eabi/7.3.1/../../../../arm-none-eabi/lib/thumb/v7e-m/fpv4-sp/hard/libc_nano.a(lib_a-closer.o)
                0x000000001fffc528                _close_r
 .text._fstat_r
                0x000000001fffc548       0x24 /home/abhishek/udoo/udoo-neo_custom_linux/m4/gcc-arm-none-eabi-7-2018-q2-update-linux/gcc-arm-none-eabi-7-2018-q2-update/bin/../lib/gcc/arm-none-eabi/7.3.1/../../../../arm-none-eabi/lib/thumb/v7e-m/fpv4-sp/hard/libc_nano.a(lib_a-fstatr.o)
                0x000000001fffc548                _fstat_r
 .text._isatty_r