Archive member included to satisfy reference by file (symbol)

/home/abhishek/udoo/udoo-neo_custom_linux/m4/gcc-arm-none-eabi-7-2018-q2-update-linux/gcc-arm-none-eabi-7-2018-q2-update/bin/../lib/gcc/arm-none-eabi/7.3.1/../../../../arm-none-eabi/lib/thumb/v7e-m/fpv4-sp/hard/libc_nano.a(lib_a-assert.o)
                              CMakeFiles/rpmsg_pingpong_freertos_example.dir/home/abhishek/udoo/udoo-neo_custom_linux/m4/FreeRTOS_BSP_1.0.1_iMX6SX/examples/imx6sx_sdb_m4/demo_apps/rpmsg/pingpong_freertos/pingpong_freertos.c.obj (__assert_func)
/home/abhishek/udoo/udoo-neo_custom_linux/m4/gcc-arm-none-eabi-7-2018-q2-update-linux/gcc-arm-none-eabi-7-2018-q2-update/bin/../lib/gcc/arm-none-eabi/7.3.1/../../../../arm-none-eabi/lib/thumb/v7e-m/fpv4-sp/hard/libc_nano.a(lib_a-exit.o)
                              /home/abhishek/udoo/udoo-neo_custom_linux/m4/gcc-arm-none-eabi-7-2018-q2-update-linux/gcc-arm-none-eabi-7-2018-q2-update/bin/../lib/gcc/arm-none-eabi/7.3.1/../../../../arm-none-eabi/lib/thumb/v7e-m/fpv4-sp/hard/crt0.o (exit)
/home/abhishek/udoo/udoo-neo_custom_linux/m4/gcc-arm-none-eabi-7-2018-q2-update-linux/gcc-arm-none-eabi-7-2018-q2-update/bin/../lib/gcc/arm-none-eabi/7.3.1/../../../../arm-none-eabi/lib/thumb/v7e-m/fpv4-sp/hard/libc_nano.a(lib_a-fprintf.o)
                              /home/abhishek/udoo/udoo-neo_custom_linux/m4/gcc-arm-none-eabi-7-2018-q2-update-linux/gcc-arm-none-eabi-7-2018-q2-update/bin/../lib/gcc/arm-none-eabi/7.3.1/../../../../arm-none-eabi/lib/thumb/v7e-m/fpv4-sp/hard/libc_nano.a(lib_a-assert.o) (fiprintf)
/home/abhishek/udoo/udoo-neo_custom_linux/m4/gcc-arm-none-eabi-7-2018-q2-update-linux/gcc-arm-none-eabi-7-2018-q2-update/bin/../lib/gcc/arm-none-eabi/7.3.1/../../../../arm-none-eabi/lib/thumb/v7e-m/fpv4-sp/hard/libc_nano.a(lib_a-impure.o)
                              /home/abhishek/udoo/udoo-neo_custom_linux/m4/gcc-arm-none-eabi-7-2018-q2-update-linux/gcc-arm-none-eabi-7-2018-q2-update/bin/../lib/gcc/arm-none-eabi/7.3.1/../../../../arm-none-eabi/lib/thumb/v7e-m/fpv4-sp/hard/libc_nano.a(lib_a-exit.o) (_global_impure_ptr)
/home/abhishek/udoo/udoo-neo_custom_linux/m4/gcc-arm-none-eabi-7-2018-q2-update-linux/gcc-arm-none-eabi-7-2018-q2-update/bin/../lib/gcc/arm-none-eabi/7.3.1/../../../../arm-none-eabi/lib/thumb/v7e-m/fpv4-sp/hard/libc_nano.a(lib_a-init.o)
                              /home/abhishek/udoo/udoo-neo_custom_linux/m4/gcc-arm-none-eabi-7-2018-q2-update-linux/gcc-arm-none-eabi-7-2018-q2-update/bin/../lib/gcc/arm-none-eabi/7.3.1/../../../../arm-none-eabi/lib/thumb/v7e-m/fpv4-sp/hard/crt0.o (__libc_init_array)
/home/abhishek/udoo/udoo-neo_custom_linux/m4/gcc-arm-none-eabi-7-2018-q2-update-linux/gcc-arm-none-eabi-7-2018-q2-update/bin/../lib/gcc/arm-none-eabi/7.3.1/../../../../arm-none-eabi/lib/thumb/v7e-m/fpv4-sp/hard/libc_nano.a(lib_a-memcpy-stub.o)
                              CMakeFiles/rpmsg_pingpong_freertos_example.dir/home/abhishek/udoo/udoo-neo_custom_linux/m4/FreeRTOS_BSP_1.0.1_iMX6SX/middleware/multicore/open-amp/rpmsg/rpmsg_rtos.c.obj (memcpy)
/home/abhishek/udoo/udoo-neo_custom_linux/m4/gcc-arm-none-eabi-7-2018-q2-update-linux/gcc-arm-none-eabi-7-2018-q2-update/bin/../lib/gcc/arm-none-eabi/7.3.1/../../../../arm-none-eabi/lib/thumb/v7e-m/fpv4-sp/hard/libc_nano.a(lib_a-memset.o)
                              /home/abhishek/udoo/udoo-neo_custom_linux/m4/gcc-arm-none-eabi-7-2018-q2-update-linux/gcc-arm-none-eabi-7-2018-q2-update/bin/../lib/gcc/arm-none-eabi/7.3.1/../../../../arm-none-eabi/lib/thumb/v7e-m/fpv4-sp/hard/crt0.o (memset)
/home/abhishek/udoo/udoo-neo_custom_linux/m4/gcc-arm-none-eabi-7-2018-q2-update-linux/gcc-arm-none-eabi-7-2018-q2-update/bin/../lib/gcc/arm-none-eabi/7.3.1/../../../../arm-none-eabi/lib/thumb/v7e-m/fpv4-sp/hard/libc_nano.a(lib_a-nano-vfprintf.o)
                              /home/abhishek/udoo/udoo-neo_custom_linux/m4/gcc-arm-none-eabi-7-2018-q2-update-linux/gcc-arm-none-eabi-7-2018-q2-update/bin/../lib/gcc/arm-none-eabi/7.3.1/../../../../arm-none-eabi/lib/thumb/v7e-m/fpv4-sp/hard/libc_nano.a(lib_a-fprintf.o) (_vfprintf_r)
/home/abhishek/udoo/udoo-neo_custom_linux/m4/gcc-arm-none-eabi-7-2018-q2-update-linux/gcc-arm-none-eabi-7-2018-q2-update/bin/../lib/gcc/arm-none-eabi/7.3.1/../../../../arm-none-eabi/lib/thumb/v7e-m/fpv4-sp/hard/libc_nano.a(lib_a-nano-vfprintf_i.o)
                              /home/abhishek/udoo/udoo-neo_custom_linux/m4/gcc-arm-none-eabi-7-2018-q2-update-linux/gcc-arm-none-eabi-7-2018-q2-update/bin/../lib/gcc/arm-none-eabi/7.3.1/../../../../arm-none-eabi/lib/thumb/v7e-m/fpv4-sp/hard/libc_nano.a(lib_a-nano-vfprintf.o) (_printf_i)
/home/abhishek/udoo/udoo-neo_custom_linux/m4/gcc-arm-none-eabi-7-2018-q2-update-linux/gcc-arm-none-eabi-7-2018-q2-update/bin/../lib/gcc/arm-none-eabi/7.3.1/../../../../arm-none-eabi/lib/thumb/v7e-m/fpv4-sp/hard/libc_nano.a(lib_a-strcmp.o)
[...]
Memory Configuration

Name             Origin             Length             Attributes
m_interrupts     0x000000001fff8000 0x0000000000000240 xr
m_text           0x000000001fff8240 0x0000000000007dc0 xr
m_data           0x0000000020000000 0x0000000000008000 rw
*default*        0x0000000000000000 0xffffffffffffffff

Linker script and memory map

LOAD /home/abhishek/udoo/udoo-neo_custom_linux/m4/gcc-arm-none-eabi-7-2018-q2-update-linux/gcc-arm-none-eabi-7-2018-q2-update/bin/../lib/gcc/arm-none-eabi/7.3.1/thumb/v7e-m/fpv4-sp/hard/crti.o
LOAD /home/abhishek/udoo/udoo-neo_custom_linux/m4/gcc-arm-none-eabi-7-2018-q2-update-linux/gcc-arm-none-eabi-7-2018-q2-update/bin/../lib/gcc/arm-none-eabi/7.3.1/thumb/v7e-m/fpv4-sp/hard/crtbegin.o
LOAD /home/abhishek/udoo/udoo-neo_custom_linux/m4/gcc-arm-none-eabi-7-2018-q2-update-linux/gcc-arm-none-eabi-7-2018-q2-update/bin/../lib/gcc/arm-none-eabi/7.3.1/../../../../arm-none-eabi/lib/thumb/v7e-m/fpv4-sp/hard/crt0.o
LOAD /home/abhishek/udoo/udoo-neo_custom_linux/m4/gcc-arm-none-eabi-7-2018-q2-update-linux/gcc-arm-none-eabi-7-2018-q2-update/bin/../lib/gcc/arm-none-eabi/7.3.1/../../../../arm-none-eabi/lib/thumb/v7e-m/fpv4-sp/hard/libm.a
LOAD CMakeFiles/rpmsg_pingpong_freertos_example.dir/home/abhishek/udoo/udoo-neo_custom_linux/m4/FreeRTOS_BSP_1.0.1_iMX6SX/rtos/FreeRTOS/Source/portable/GCC/ARM_CM4F/port.c.obj
LOAD CMakeFiles/rpmsg_pingpong_freertos_example.dir/home/abhishek/udoo/udoo-neo_custom_linux/m4/FreeRTOS_BSP_1.0.1_iMX6SX/platform/devices/MCIMX6X/startup/gcc/startup_MCIMX6X_M4.S.obj
LOAD CMakeFiles/rpmsg_pingpong_freertos_example.dir/home/abhishek/udoo/udoo-neo_custom_linux/m4/FreeRTOS_BSP_1.0.1_iMX6SX/rtos/FreeRTOS/Source/portable/MemMang/heap_2.c.obj
LOAD CMakeFiles/rpmsg_pingpong_freertos_example.dir/home/abhishek/udoo/udoo-neo_custom_linux/m4/FreeRTOS_BSP_1.0.1_iMX6SX/examples/imx6sx_sdb_m4/demo_apps/rpmsg/pingpong_freertos/pingpong_freertos.c.obj
LOAD CMakeFiles/rpmsg_pingpong_freertos_example.dir/home/abhishek/udoo/udoo-neo_custom_linux/m4/FreeRTOS_BSP_1.0.1_iMX6SX/middleware/multicore/open-amp/rpmsg/rpmsg_rtos.c.obj
LOAD CMakeFiles/rpmsg_pingpong_freertos_example.dir/home/abhishek/udoo/udoo-neo_custom_linux/m4/FreeRTOS_BSP_1.0.1_iMX6SX/middleware/multicore/open-amp/porting/imx6sx_m4/platform.c.obj
LOAD CMakeFiles/rpmsg_pingpong_freertos_example.dir/home/abhishek/udoo/udoo-neo_custom_linux/m4/FreeRTOS_BSP_1.0.1_iMX6SX/middleware/multicore/open-amp/porting/imx6sx_m4/platform_info.c.obj
LOAD CMakeFiles/rpmsg_pingpong_freertos_example.dir/home/abhishek/udoo/udoo-neo_custom_linux/m4/FreeRTOS_BSP_1.0.1_iMX6SX/middleware/multicore/open-amp/common/hil/hil.c.obj
LOAD CMakeFiles/rpmsg_pingpong_freertos_example.dir/home/abhishek/udoo/udoo-neo_custom_linux/m4/FreeRTOS_BSP_1.0.1_iMX6SX/middleware/multicore/open-amp/common/llist/llist.c.obj
LOAD CMakeFiles/rpmsg_pingpong_freertos_example.dir/home/abhishek/udoo/udoo-neo_custom_linux/m4/FreeRTOS_BSP_1.0.1_iMX6SX/middleware/multicore/open-amp/common/shm/sh_mem.c.obj
LOAD CMakeFiles/rpmsg_pingpong_freertos_example.dir/home/abhishek/udoo/udoo-neo_custom_linux/m4/FreeRTOS_BSP_1.0.1_iMX6SX/middleware/multicore/open-amp/porting/config/config.c.obj
LOAD CMakeFiles/rpmsg_pingpong_freertos_example.dir/home/abhishek/udoo/udoo-neo_custom_linux/m4/FreeRTOS_BSP_1.0.1_iMX6SX/middleware/multicore/open-amp/rpmsg/remote_device.c.obj
LOAD CMakeFiles/rpmsg_pingpong_freertos_example.dir/home/abhishek/udoo/udoo-neo_custom_linux/m4/FreeRTOS_BSP_1.0.1_iMX6SX/middleware/multicore/open-amp/rpmsg/rpmsg.c.obj
LOAD CMakeFiles/rpmsg_pingpong_freertos_example.dir/home/abhishek/udoo/udoo-neo_custom_linux/m4/FreeRTOS_BSP_1.0.1_iMX6SX/middleware/multicore/open-amp/rpmsg/rpmsg_ext.c.obj
LOAD CMakeFiles/rpmsg_pingpong_freertos_example.dir/home/abhishek/udoo/udoo-neo_custom_linux/m4/FreeRTOS_BSP_1.0.1_iMX6SX/middleware/multicore/open-amp/rpmsg/rpmsg_core.c.obj
LOAD CMakeFiles/rpmsg_pingpong_freertos_example.dir/home/abhishek/udoo/udoo-neo_custom_linux/m4/FreeRTOS_BSP_1.0.1_iMX6SX/middleware/multicore/open-amp/virtio/virtio.c.obj
LOAD CMakeFiles/rpmsg_pingpong_freertos_example.dir/home/abhishek/udoo/udoo-neo_custom_linux/m4/FreeRTOS_BSP_1.0.1_iMX6SX/middleware/multicore/open-amp/virtio/virtqueue.c.obj
LOAD CMakeFiles/rpmsg_pingpong_freertos_example.dir/home/abhishek/udoo/udoo-neo_custom_linux/m4/FreeRTOS_BSP_1.0.1_iMX6SX/middleware/multicore/open-amp/porting/env/freertos/rpmsg_porting.c.obj
LOAD CMakeFiles/rpmsg_pingpong_freertos_example.dir/home/abhishek/udoo/udoo-neo_custom_linux/m4/FreeRTOS_BSP_1.0.1_iMX6SX/rtos/FreeRTOS/Source/croutine.c.obj
LOAD CMakeFiles/rpmsg_pingpong_freertos_example.dir/home/abhishek/udoo/udoo-neo_custom_linux/m4/FreeRTOS_BSP_1.0.1_iMX6SX/rtos/FreeRTOS/Source/event_groups.c.obj
LOAD CMakeFiles/rpmsg_pingpong_freertos_example.dir/home/abhishek/udoo/udoo-neo_custom_linux/m4/FreeRTOS_BSP_1.0.1_iMX6SX/rtos/FreeRTOS/Source/list.c.obj
LOAD CMakeFiles/rpmsg_pingpong_freertos_example.dir/home/abhishek/udoo/udoo-neo_custom_linux/m4/FreeRTOS_BSP_1.0.1_iMX6SX/rtos/FreeRTOS/Source/queue.c.obj
LOAD CMakeFiles/rpmsg_pingpong_freertos_example.dir/home/abhishek/udoo/udoo-neo_custom_linux/m4/FreeRTOS_BSP_1.0.1_iMX6SX/rtos/FreeRTOS/Source/tasks.c.obj
LOAD CMakeFiles/rpmsg_pingpong_freertos_example.dir/home/abhishek/udoo/udoo-neo_custom_linux/m4/FreeRTOS_BSP_1.0.1_iMX6SX/rtos/FreeRTOS/Source/timers.c.obj
LOAD CMakeFiles/rpmsg_pingpong_freertos_example.dir/home/abhishek/udoo/udoo-neo_custom_linux/m4/FreeRTOS_BSP_1.0.1_iMX6SX/platform/drivers/src/ccm_analog_imx6sx.c.obj
LOAD CMakeFiles/rpmsg_pingpong_freertos_example.dir/home/abhishek/udoo/udoo-neo_custom_linux/m4/FreeRTOS_BSP_1.0.1_iMX6SX/platform/drivers/src/ccm_imx6sx.c.obj
LOAD CMakeFiles/rpmsg_pingpong_freertos_example.dir/home/abhishek/udoo/udoo-neo_custom_linux/m4/FreeRTOS_BSP_1.0.1_iMX6SX/platform/drivers/src/lmem.c.obj
LOAD CMakeFiles/rpmsg_pingpong_freertos_example.dir/home/abhishek/udoo/udoo-neo_custom_linux/m4/FreeRTOS_BSP_1.0.1_iMX6SX/platform/drivers/src/rdc.c.obj
LOAD CMakeFiles/rpmsg_pingpong_freertos_example.dir/home/abhishek/udoo/udoo-neo_custom_linux/m4/FreeRTOS_BSP_1.0.1_iMX6SX/platform/drivers/src/wdog_imx.c.obj
LOAD CMakeFiles/rpmsg_pingpong_freertos_example.dir/home/abhishek/udoo/udoo-neo_custom_linux/m4/FreeRTOS_BSP_1.0.1_iMX6SX/platform/utilities/src/debug_console_imx.c.obj
LOAD CMakeFiles/rpmsg_pingpong_freertos_example.dir/home/abhishek/udoo/udoo-neo_custom_linux/m4/FreeRTOS_BSP_1.0.1_iMX6SX/platform/utilities/src/print_scan.c.obj
LOAD CMakeFiles/rpmsg_pingpong_freertos_example.dir/home/abhishek/udoo/udoo-neo_custom_linux/m4/FreeRTOS_BSP_1.0.1_iMX6SX/platform/devices/MCIMX6X/startup/system_MCIMX6X_M4.c.obj
LOAD CMakeFiles/rpmsg_pingpong_freertos_example.dir/home/abhishek/udoo/udoo-neo_custom_linux/m4/FreeRTOS_BSP_1.0.1_iMX6SX/examples/imx6sx_sdb_m4/pin_mux.c.obj
LOAD CMakeFiles/rpmsg_pingpong_freertos_example.dir/home/abhishek/udoo/udoo-neo_custom_linux/m4/FreeRTOS_BSP_1.0.1_iMX6SX/examples/imx6sx_sdb_m4/board.c.obj
LOAD CMakeFiles/rpmsg_pingpong_freertos_example.dir/home/abhishek/udoo/udoo-neo_custom_linux/m4/FreeRTOS_BSP_1.0.1_iMX6SX/examples/imx6sx_sdb_m4/clock_freq.c.obj
LOAD CMakeFiles/rpmsg_pingpong_freertos_example.dir/home/abhishek/udoo/udoo-neo_custom_linux/m4/FreeRTOS_BSP_1.0.1_iMX6SX/examples/imx6sx_sdb_m4/demo_apps/rpmsg/pingpong_freertos/hardware_init.c.obj
LOAD CMakeFiles/rpmsg_pingpong_freertos_example.dir/home/abhishek/udoo/udoo-neo_custom_linux/m4/FreeRTOS_BSP_1.0.1_iMX6SX/platform/drivers/src/uart_imx.c.obj
LOAD CMakeFiles/rpmsg_pingpong_freertos_example.dir/home/abhishek/udoo/udoo-neo_custom_linux/m4/FreeRTOS_BSP_1.0.1_iMX6SX/platform/drivers/src/mu_imx.c.obj
START GROUP
LOAD /home/abhishek/udoo/udoo-neo_custom_linux/m4/gcc-arm-none-eabi-7-2018-q2-update-linux/gcc-arm-none-eabi-7-2018-q2-update/bin/../lib/gcc/arm-none-eabi/7.3.1/../../../../arm-none-eabi/lib/thumb/v7e-m/fpv4-sp/hard/libm.a
LOAD /home/abhishek/udoo/udoo-neo_custom_linux/m4/gcc-arm-none-eabi-7-2018-q2-update-linux/gcc-arm-none-eabi-7-2018-q2-update/bin/../lib/gcc/arm-none-eabi/7.3.1/../../../../arm-none-eabi/lib/thumb/v7e-m/fpv4-sp/hard/libc_nano.a
LOAD /home/abhishek/udoo/udoo-neo_custom_linux/m4/gcc-arm-none-eabi-7-2018-q2-update-linux/gcc-arm-none-eabi-7-2018-q2-update/bin/../lib/gcc/arm-none-eabi/7.3.1/thumb/v7e-m/fpv4-sp/hard/libgcc.a
LOAD /home/abhishek/udoo/udoo-neo_custom_linux/m4/gcc-arm-none-eabi-7-2018-q2-update-linux/gcc-arm-none-eabi-7-2018-q2-update/bin/../lib/gcc/arm-none-eabi/7.3.1/../../../../arm-none-eabi/lib/thumb/v7e-m/fpv4-sp/hard/libnosys.a
END GROUP
START GROUP
LOAD /home/abhishek/udoo/udoo-neo_custom_linux/m4/gcc-arm-none-eabi-7-2018-q2-update-linux/gcc-arm-none-eabi-7-2018-q2-update/bin/../lib/gcc/arm-none-eabi/7.3.1/thumb/v7e-m/fpv4-sp/hard/libgcc.a
LOAD /home/abhishek/udoo/udoo-neo_custom_linux/m4/gcc-arm-none-eabi-7-2018-q2-update-linux/gcc-arm-none-eabi-7-2018-q2-update/bin/../lib/gcc/arm-none-eabi/7.3.1/../../../../arm-none-eabi/lib/thumb/v7e-m/fpv4-sp/hard/libc_nano.a
END GROUP
START GROUP
LOAD /home/abhishek/udoo/udoo-neo_custom_linux/m4/gcc-arm-none-eabi-7-2018-q2-update-linux/gcc-arm-none-eabi-7-2018-q2-update/bin/../lib/gcc/arm-none-eabi/7.3.1/thumb/v7e-m/fpv4-sp/hard/libgcc.a
LOAD /home/abhishek/udoo/udoo-neo_custom_linux/m4/gcc-arm-none-eabi-7-2018-q2-update-linux/gcc-arm-none-eabi-7-2018-q2-update/bin/../lib/gcc/arm-none-eabi/7.3.1/../../../../arm-none-eabi/lib/thumb/v7e-m/fpv4-sp/hard/libc_nano.a
END GROUP
LOAD /home/abhishek/udoo/udoo-neo_custom_linux/m4/gcc-arm-none-eabi-7-2018-q2-update-linux/gcc-arm-none-eabi-7-2018-q2-update/bin/../lib/gcc/arm-none-eabi/7.3.1/thumb/v7e-m/fpv4-sp/hard/crtend.o
LOAD /home/abhishek/udoo/udoo-neo_custom_linux/m4/gcc-arm-none-eabi-7-2018-q2-update-linux/gcc-arm-none-eabi-7-2018-q2-update/bin/../lib/gcc/arm-none-eabi/7.3.1/thumb/v7e-m/fpv4-sp/hard/crtn.o
                0x0000000000000400                HEAP_SIZE = DEFINED (__heap_size__)?__heap_size__:0x400
                0x0000000000000400                STACK_SIZE = DEFINED (__stack_size__)?__stack_size__:0x400

.interrupts     0x000000001fff8000      0x240
                0x000000001fff8000                __VECTOR_TABLE = .
                0x000000001fff8000                . = ALIGN (0x4)
 *(.isr_vector)
 .isr_vector    0x000000001fff8000      0x240 CMakeFiles/rpmsg_pingpong_freertos_example.dir/home/abhishek/udoo/udoo-neo_custom_linux/m4/FreeRTOS_BSP_1.0.1_iMX6SX/platform/devices/MCIMX6X/startup/gcc/startup_MCIMX6X_M4.S.obj
                0x000000001fff8000                __isr_vector
                0x000000001fff8240                . = ALIGN (0x4)

.text           0x000000001fff8240     0x4a30
                0x000000001fff8240                . = ALIGN (0x4)
 *(.text)
 .text          0x000000001fff8240       0x40 /home/abhishek/udoo/udoo-neo_custom_linux/m4/gcc-arm-none-eabi-7-2018-q2-update-linux/gcc-arm-none-eabi-7-2018-q2-update/bin/../lib/gcc/arm-none-eabi/7.3.1/thumb/v7e-m/fpv4-sp/hard/crtbegin.o
 .text          0x000000001fff8280       0x74 /home/abhishek/udoo/udoo-neo_custom_linux/m4/gcc-arm-none-eabi-7-2018-q2-update-linux/gcc-arm-none-eabi-7-2018-q2-update/bin/../lib/gcc/arm-none-eabi/7.3.1/../../../../arm-none-eabi/lib/thumb/v7e-m/fpv4-sp/hard/crt0.o
                0x000000001fff8280                _mainCRTStartup
                0x000000001fff8280                _start
 .text          0x000000001fff82f4       0x30 CMakeFiles/rpmsg_pingpong_freertos_example.dir/home/abhishek/udoo/udoo-neo_custom_linux/m4/FreeRTOS_BSP_1.0.1_iMX6SX/platform/devices/MCIMX6X/startup/gcc/startup_MCIMX6X_M4.S.obj
                0x000000001fff82f4                Reset_Handler
                0x000000001fff8320                GPIO6_Combined_0_15_Handler
                0x000000001fff8320                DebugMon_Handler
                0x000000001fff8320                eCSPI4_Handler
                0x000000001fff8320                FLEXCAN1_Handler
                0x000000001fff8320                UART3_Handler
                0x000000001fff8320                SNVS_Consolidated_Handler
                0x000000001fff8320                UART2_Handler
                0x000000001fff8320                GPIO1_INT3_Handler
                0x000000001fff8320                HardFault_Handler
                0x000000001fff8320                QSPI1_Handler
                0x000000001fff8320                SRC_Handler
                0x000000001fff8320                CCM2_Handler
                0x000000001fff8320                I2C1_Handler
                0x000000001fff8320                NMI_Handler
                0x000000001fff8320                SAI1_Handler
                0x000000001fff8320                KPP_Handler
                0x000000001fff8320                USB_OTG1_Handler
                0x000000001fff8320                CPU_Perfomance_Handler
                0x000000001fff8320                ENET1_Timer_Handler
                0x000000001fff8320                MLB_Channels_31_0_Handler
                0x000000001fff8320                LCDIF2_Handler
                0x000000001fff8320                PWM2_PWM6_Handler
                0x000000001fff8320                EPIT2_Handler
                0x000000001fff8320                SSI1_Handler
                0x000000001fff8320                Reserved129_Handler
                0x000000001fff8320                uSDHC2_Handler
                0x000000001fff8320                GPIO1_INT6_Handler
                0x000000001fff8320                CORTEX_M4_Handler
                0x000000001fff8320                DCIC1_Handler
                0x000000001fff8320                GPIO2_Combined_0_15_Handler
                0x000000001fff8320                RDC_Handler
                0x000000001fff8320                PXP_Handler
                0x000000001fff8320                GPIO3_Combined_16_31_Handler
                0x000000001fff8320                CCM1_Handler
                0x000000001fff8320                Reserved19_Handler
                0x000000001fff8320                UsageFault_Handler
                0x000000001fff8320                ADC1_Handler
                0x000000001fff8320                CPU_CTI_Trigger_Handler
                0x000000001fff8320                GPIO1_INT0_Handler
                0x000000001fff8320                PCIe4_Handler
                0x000000001fff8320                DefaultISR
                0x000000001fff8320                WDOG3_Handler
                0x000000001fff8320                SAI2_Handler
                0x000000001fff8320                PWM3_PWM7_Handler
                0x000000001fff8320                ENET2_Timer_Handler
                0x000000001fff8320                eCSPI1_Handler
                0x000000001fff8320                CSI1_Handler
                0x000000001fff8320                SJC_Handler
                0x000000001fff8320                GPC_Handler
                0x000000001fff8320                MLB_Error_Handler
                0x000000001fff8320                PWM1_PWM5_Handler
                0x000000001fff8320                Reserved128_Handler
                0x000000001fff8320                SRC_WDOG_Handler
                0x000000001fff8320                UART1_Handler
                0x000000001fff8320                SSI2_Handler
                0x000000001fff8320                eCSPI3_Handler
                0x000000001fff8320                BCH_Handler
                0x000000001fff8320                PMU_BrownOutCore_Handler
                0x000000001fff8320                CAAM0_Handler
                0x000000001fff8320                ASRC_Handler
                0x000000001fff8320                CPU_L2_Handler
                0x000000001fff8320                USB_HISC_Handler
                0x000000001fff8320                LCDIF1_Handler
                0x000000001fff8320                GPIO4_Combined_16_31_Handler
                0x000000001fff8320                GPMI_Handler
                0x000000001fff8320                GPIO5_Combined_0_15_Handler
                0x000000001fff8320                SSI3_Handler
                0x000000001fff8320                I2C4_Handler
                0x000000001fff8320                CANFD1_Handler
                0x000000001fff8320                Reserved25_Handler
                0x000000001fff8320                TZASC_Handler
                0x000000001fff8320                UART4_Handler
                0x000000001fff8320                GPIO1_INT1_Handler
                0x000000001fff8320                uSDHC3_Handler
                0x000000001fff8320                EIM_Handler
                0x000000001fff8320                UART6_Handler
                0x000000001fff8320                PCIe2_Handler
                0x000000001fff8320                GPIO1_INT4_Handler
                0x000000001fff8320                MLB_Channels_63_32_Handler
                0x000000001fff8320                GPIO7_Combined_16_31_Handler
                0x000000001fff8320                GPIO6_Combined_16_31_Handler
                0x000000001fff8320                GPIO2_Combined_16_31_Handler
                0x000000001fff8320                DCIC2_Handler
                0x000000001fff8320                PWM4_PWM8_Handler
                0x000000001fff8320                uSDHC1_Handler
                0x000000001fff8320                QSPI2_Handler
                0x000000001fff8320                CPU_Parity_Handler
                0x000000001fff8320                SDMA_Handler
                0x000000001fff8320                ENET2_Handler
                0x000000001fff8320                MemManage_Handler
                0x000000001fff8320                I2C2_Handler
                0x000000001fff8320                GPIO5_Combined_16_31_Handler
                0x000000001fff8320                MU_A9_Handler
                0x000000001fff8320                DAP_Handler
                0x000000001fff8320                CSI2_Handler
                0x000000001fff8320                eCSPI2_Handler
                0x000000001fff8320                WDOG2_Handler
                0x000000001fff8320                FLEXCAN2_Handler
                0x000000001fff8320                SEMA4_CP0_Handler
                0x000000001fff8320                USB_PHY_UTMI1_Handler
                0x000000001fff8320                GPT_Handler
                0x000000001fff8320                GPIO7_Combined_0_15_Handler
                0x000000001fff8320                APBH_DMA_Handler
                0x000000001fff8320                SEMA4_CP1_Handler
                0x000000001fff8320                PCIe3_Handler
                0x000000001fff8320                GPIO1_INT5_Handler
                0x000000001fff8320                SNVS_Security_Handler
                0x000000001fff8320                GPIO1_Combined_0_15_Handler
                0x000000001fff8320                GPIO1_INT2_Handler
                0x000000001fff8320                UART5_Handler
                0x000000001fff8320                PCIe1_Handler
                0x000000001fff8320                GPIO1_INT7_Handler
                0x000000001fff8320                I2C3_Handler
                0x000000001fff8320                eCSPI5_Handler
                0x000000001fff8320                uSDHC4_Handler
                0x000000001fff8320                CSU_Handler
                0x000000001fff8320                GPU_Handler
                0x000000001fff8320                GPIO4_Combined_0_15_Handler
                0x000000001fff8320                EPIT1_Handler
                0x000000001fff8320                CAAM1_Handler
                0x000000001fff8320                GPIO1_Combined_16_31_Handler
                0x000000001fff8320                CANFD2_Handler
                0x000000001fff8320                USB_OTG2_Handler
                0x000000001fff8320                SPDIF_Handler
                0x000000001fff8320                GPIO3_Combined_0_15_Handler
                0x000000001fff8320                BusFault_Handler
                0x000000001fff8320                SNVS_PMIC_Handler
                0x000000001fff8320                USB_PHY_UTMI0_Handler
                0x000000001fff8320                ESAI_Handler
                0x000000001fff8320                PMU_BrownOut_Handler
                0x000000001fff8320                TEMPMON_Handler
                0x000000001fff8320                WDOG1_Handler
                0x000000001fff8320                ADC2_Handler
                0x000000001fff8320                ENET1_Handler
 .text          0x000000001fff8324       0x10 /home/abhishek/udoo/udoo-neo_custom_linux/m4/gcc-arm-none-eabi-7-2018-q2-update-linux/gcc-arm-none-eabi-7-2018-q2-update/bin/../lib/gcc/arm-none-eabi/7.3.1/../../../../arm-none-eabi/lib/thumb/v7e-m/fpv4-sp/hard/libc_nano.a(lib_a-strlen.o)
                0x000000001fff8324                strlen
 *fill*         0x000000001fff8334        0xc 
 .text          0x000000001fff8340       0xa0 /home/abhishek/udoo/udoo-neo_custom_linux/m4/gcc-arm-none-eabi-7-2018-q2-update-linux/gcc-arm-none-eabi-7-2018-q2-update/bin/../lib/gcc/arm-none-eabi/7.3.1/../../../../arm-none-eabi/lib/thumb/v7e-m/fpv4-sp/hard/libc_nano.a(lib_a-memchr.o)
                0x000000001fff8340                memchr
 *(.text*)
 .text.prvPortStartFirstTask
                0x000000001fff83e0       0x1c CMakeFiles/rpmsg_pingpong_freertos_example.dir/home/abhishek/udoo/udoo-neo_custom_linux/m4/FreeRTOS_BSP_1.0.1_iMX6SX/rtos/FreeRTOS/Source/portable/GCC/ARM_CM4F/port.c.obj
 .text.vPortEnableVFP
                0x000000001fff83fc       0x14 CMakeFiles/rpmsg_pingpong_freertos_example.dir/home/abhishek/udoo/udoo-neo_custom_linux/m4/FreeRTOS_BSP_1.0.1_iMX6SX/rtos/FreeRTOS/Source/portable/GCC/ARM_CM4F/port.c.obj
 .text.pxPortInitialiseStack
                0x000000001fff8410       0x24 CMakeFiles/rpmsg_pingpong_freertos_example.dir/home/abhishek/udoo/udoo-neo_custom_linux/m4/FreeRTOS_BSP_1.0.1_iMX6SX/rtos/FreeRTOS/Source/portable/GCC/ARM_CM4F/port.c.obj
                0x000000001fff8410                pxPortInitialiseStack
 .text.SVC_Handler
                0x000000001fff8434       0x20 CMakeFiles/rpmsg_pingpong_freertos_example.dir/home/abhishek/udoo/udoo-neo_custom_linux/m4/FreeRTOS_BSP_1.0.1_iMX6SX/rtos/FreeRTOS/Source/portable/GCC/ARM_CM4F/port.c.obj
                0x000000001fff8434                SVC_Handler
 .text.vPortYield
                0x000000001fff8454       0x18 CMakeFiles/rpmsg_pingpong_freertos_example.dir/home/abhishek/udoo/udoo-neo_custom_linux/m4/FreeRTOS_BSP_1.0.1_iMX6SX/rtos/FreeRTOS/Source/portable/GCC/ARM_CM4F/port.c.obj
                0x000000001fff8454                vPortYield
 .text.ulPortSetInterruptMask
                0x000000001fff846c       0x10 CMakeFiles/rpmsg_pingpong_freertos_example.dir/home/abhishek/udoo/udoo-neo_custom_linux/m4/FreeRTOS_BSP_1.0.1_iMX6SX/rtos/FreeRTOS/Source/portable/GCC/ARM_CM4F/port.c.obj
                0x000000001fff846c                ulPortSetInterruptMask
 .text.prvTaskExitError
                0x000000001fff847c       0x1c CMakeFiles/rpmsg_pingpong_freertos_example.dir/home/abhishek/udoo/udoo-neo_custom_linux/m4/FreeRTOS_BSP_1.0.1_iMX6SX/rtos/FreeRTOS/Source/portable/GCC/ARM_CM4F/port.c.obj
 .text.vPortEnterCritical
                0x000000001fff8498       0x1c CMakeFiles/rpmsg_pingpong_freertos_example.dir/home/abhishek/udoo/udoo-neo_custom_linux/m4/FreeRTOS_BSP_1.0.1_iMX6SX/rtos/FreeRTOS/Source/portable/GCC/ARM_CM4F/port.c.obj
                0x000000001fff8498                vPortEnterCritical
 .text.vPortClearInterruptMask
                0x000000001fff84b4        0x6 CMakeFiles/rpmsg_pingpong_freertos_example.dir/home/abhishek/udoo/udoo-neo_custom_linux/m4/FreeRTOS_BSP_1.0.1_iMX6SX/rtos/FreeRTOS/Source/portable/GCC/ARM_CM4F/port.c.obj
                0x000000001fff84b4                vPortClearInterruptMask
 *fill*         0x000000001fff84ba        0x2 
 .text.vPortExitCritical
                0x000000001fff84bc       0x24 CMakeFiles/rpmsg_pingpong_freertos_example.dir/home/abhishek/udoo/udoo-neo_custom_linux/m4/FreeRTOS_BSP_1.0.1_iMX6SX/rtos/FreeRTOS/Source/portable/GCC/ARM_CM4F/port.c.obj
                0x000000001fff84bc                vPortExitCritical
 .text.PendSV_Handler
                0x000000001fff84e0       0x58 CMakeFiles/rpmsg_pingpong_freertos_example.dir/home/abhishek/udoo/udoo-neo_custom_linux/m4/FreeRTOS_BSP_1.0.1_iMX6SX/rtos/FreeRTOS/Source/portable/GCC/ARM_CM4F/port.c.obj
                0x000000001fff84e0                PendSV_Handler
 .text.SysTick_Handler
                0x000000001fff8538       0x24 CMakeFiles/rpmsg_pingpong_freertos_example.dir/home/abhishek/udoo/udoo-neo_custom_linux/m4/FreeRTOS_BSP_1.0.1_iMX6SX/rtos/FreeRTOS/Source/portable/GCC/ARM_CM4F/port.c.obj
                0x000000001fff8538                SysTick_Handler
 .text.vPortSetupTimerInterrupt
                0x000000001fff855c       0x18 CMakeFiles/rpmsg_pingpong_freertos_example.dir/home/abhishek/udoo/udoo-neo_custom_linux/m4/FreeRTOS_BSP_1.0.1_iMX6SX/rtos/FreeRTOS/Source/portable/GCC/ARM_CM4F/port.c.obj
                0x000000001fff855c                vPortSetupTimerInterrupt
 .text.xPortStartScheduler
                0x000000001fff8574       0xa8 CMakeFiles/rpmsg_pingpong_freertos_example.dir/home/abhishek/udoo/udoo-neo_custom_linux/m4/FreeRTOS_BSP_1.0.1_iMX6SX/rtos/FreeRTOS/Source/portable/GCC/ARM_CM4F/port.c.obj
                0x000000001fff8574                xPortStartScheduler
 .text.vPortValidateInterruptPriority
                0x000000001fff861c       0x44 CMakeFiles/rpmsg_pingpong_freertos_example.dir/home/abhishek/udoo/udoo-neo_custom_linux/m4/FreeRTOS_BSP_1.0.1_iMX6SX/rtos/FreeRTOS/Source/portable/GCC/ARM_CM4F/port.c.obj
                0x000000001fff861c                vPortValidateInterruptPriority
 .text.pvPortMalloc
                0x000000001fff8660       0xb4 CMakeFiles/rpmsg_pingpong_freertos_example.dir/home/abhishek/udoo/udoo-neo_custom_linux/m4/FreeRTOS_BSP_1.0.1_iMX6SX/rtos/FreeRTOS/Source/portable/MemMang/heap_2.c.obj
                0x000000001fff8660                pvPortMalloc
 .text.vPortFree
                0x000000001fff8714       0x44 CMakeFiles/rpmsg_pingpong_freertos_example.dir/home/abhishek/udoo/udoo-neo_custom_linux/m4/FreeRTOS_BSP_1.0.1_iMX6SX/rtos/FreeRTOS/Source/portable/MemMang/heap_2.c.obj
                0x000000001fff8714                vPortFree
 .text.PingPongTask
                0x000000001fff8758       0xa8 CMakeFiles/rpmsg_pingpong_freertos_example.dir/home/abhishek/udoo/udoo-neo_custom_linux/m4/FreeRTOS_BSP_1.0.1_iMX6SX/examples/imx6sx_sdb_m4/demo_apps/rpmsg/pingpong_freertos/pingpong_freertos.c.obj
 .text.MU_M4_Handler
                0x000000001fff8800        0x4 CMakeFiles/rpmsg_pingpong_freertos_example.dir/home/abhishek/udoo/udoo-neo_custom_linux/m4/FreeRTOS_BSP_1.0.1_iMX6SX/examples/imx6sx_sdb_m4/demo_apps/rpmsg/pingpong_freertos/pingpong_freertos.c.obj
                0x000000001fff8800                MU_M4_Handler
 .text.startup.main
                0x000000001fff8804       0x50 CMakeFiles/rpmsg_pingpong_freertos_example.dir/home/abhishek/udoo/udoo-neo_custom_linux/m4/FreeRTOS_BSP_1.0.1_iMX6SX/examples/imx6sx_sdb_m4/demo_apps/rpmsg/pingpong_freertos/pingpong_freertos.c.obj
                0x000000001fff8804                main
 .text.rpmsg_channel_deleted_rtos
                0x000000001fff8854       0x28 CMakeFiles/rpmsg_pingpong_freertos_example.dir/home/abhishek/udoo/udoo-neo_custom_linux/m4/FreeRTOS_BSP_1.0.1_iMX6SX/middleware/multicore/open-amp/rpmsg/rpmsg_rtos.c.obj
 .text.rpmsg_read_rtos_cb
                0x000000001fff887c       0x54 CMakeFiles/rpmsg_pingpong_freertos_example.dir/home/abhishek/udoo/udoo-neo_custom_linux/m4/FreeRTOS_BSP_1.0.1_iMX6SX/middleware/multicore/open-amp/rpmsg/rpmsg_rtos.c.obj
 .text.rpmsg_channel_created_rtos
                0x000000001fff88d0       0x50 CMakeFiles/rpmsg_pingpong_freertos_example.dir/home/abhishek/udoo/udoo-neo_custom_linux/m4/FreeRTOS_BSP_1.0.1_iMX6SX/middleware/multicore/open-amp/rpmsg/rpmsg_rtos.c.obj
 .text.rpmsg_rtos_init
                0x000000001fff8920       0xc4 CMakeFiles/rpmsg_pingpong_freertos_example.dir/home/abhishek/udoo/udoo-neo_custom_linux/m4/FreeRTOS_BSP_1.0.1_iMX6SX/middleware/multicore/open-amp/rpmsg/rpmsg_rtos.c.obj
                0x000000001fff8920                rpmsg_rtos_init
 .text.rpmsg_rtos_recv
                0x000000001fff89e4       0x74 CMakeFiles/rpmsg_pingpong_freertos_example.dir/home/abhishek/udoo/udoo-neo_custom_linux/m4/FreeRTOS_BSP_1.0.1_iMX6SX/middleware/multicore/open-amp/rpmsg/rpmsg_rtos.c.obj
                0x000000001fff89e4                rpmsg_rtos_recv
 .text.rpmsg_rtos_send
                0x000000001fff8a58       0x30 CMakeFiles/rpmsg_pingpong_freertos_example.dir/home/abhishek/udoo/udoo-neo_custom_linux/m4/FreeRTOS_BSP_1.0.1_iMX6SX/middleware/multicore/open-amp/rpmsg/rpmsg_rtos.c.obj
                0x000000001fff8a58                rpmsg_rtos_send
 .text._shutdown_cpu
                0x000000001fff8a88       0x1c CMakeFiles/rpmsg_pingpong_freertos_example.dir/home/abhishek/udoo/udoo-neo_custom_linux/m4/FreeRTOS_BSP_1.0.1_iMX6SX/middleware/multicore/open-amp/porting/imx6sx_m4/platform.c.obj
 .text._boot_cpu
                0x000000001fff8aa4       0x1c CMakeFiles/rpmsg_pingpong_freertos_example.dir/home/abhishek/udoo/udoo-neo_custom_linux/m4/FreeRTOS_BSP_1.0.1_iMX6SX/middleware/multicore/open-amp/porting/imx6sx_m4/platform.c.obj
 .text._notify  0x000000001fff8ac0       0x10 CMakeFiles/rpmsg_pingpong_freertos_example.dir/home/abhishek/udoo/udoo-neo_custom_linux/m4/FreeRTOS_BSP_1.0.1_iMX6SX/middleware/multicore/open-amp/porting/imx6sx_m4/platform.c.obj
 .text._enable_interrupt
                0x000000001fff8ad0       0x28 CMakeFiles/rpmsg_pingpong_freertos_example.dir/home/abhishek/udoo/udoo-neo_custom_linux/m4/FreeRTOS_BSP_1.0.1_iMX6SX/middleware/multicore/open-amp/porting/imx6sx_m4/platform.c.obj
 .text.platform_isr
                0x000000001fff8af8        0x6 CMakeFiles/rpmsg_pingpong_freertos_example.dir/home/abhishek/udoo/udoo-neo_custom_linux/m4/FreeRTOS_BSP_1.0.1_iMX6SX/middleware/multicore/open-amp/porting/imx6sx_m4/platform.c.obj
                0x000000001fff8af8                platform_isr
 *fill*         0x000000001fff8afe        0x2 
 .text.rpmsg_handler
                0x000000001fff8b00       0x20 CMakeFiles/rpmsg_pingpong_freertos_example.dir/home/abhishek/udoo/udoo-neo_custom_linux/m4/FreeRTOS_BSP_1.0.1_iMX6SX/middleware/multicore/open-amp/porting/imx6sx_m4/platform.c.obj
                0x000000001fff8b00                rpmsg_handler
 .text.platform_in_isr
                0x000000001fff8b20       0x14 CMakeFiles/rpmsg_pingpong_freertos_example.dir/home/abhishek/udoo/udoo-neo_custom_linux/m4/FreeRTOS_BSP_1.0.1_iMX6SX/middleware/multicore/open-amp/porting/imx6sx_m4/platform.c.obj
                0x000000001fff8b20                platform_in_isr
 .text.platform_interrupt_enable
                0x000000001fff8b34       0x54 CMakeFiles/rpmsg_pingpong_freertos_example.dir/home/abhishek/udoo/udoo-neo_custom_linux/m4/FreeRTOS_BSP_1.0.1_iMX6SX/middleware/multicore/open-amp/porting/imx6sx_m4/platform.c.obj
                0x000000001fff8b34                platform_interrupt_enable
 .text.platform_interrupt_disable
                0x000000001fff8b88       0x58 CMakeFiles/rpmsg_pingpong_freertos_example.dir/home/abhishek/udoo/udoo-neo_custom_linux/m4/FreeRTOS_BSP_1.0.1_iMX6SX/middleware/multicore/open-amp/porting/imx6sx_m4/platform.c.obj
                0x000000001fff8b88                platform_interrupt_disable
 .text.platform_interrupt_enable_all
                0x000000001fff8be0       0x3c CMakeFiles/rpmsg_pingpong_freertos_example.dir/home/abhishek/udoo/udoo-neo_custom_linux/m4/FreeRTOS_BSP_1.0.1_iMX6SX/middleware/multicore/open-amp/porting/imx6sx_m4/platform.c.obj
                0x000000001fff8be0                platform_interrupt_enable_all
 .text.platform_interrupt_disable_all
                0x000000001fff8c1c       0x34 CMakeFiles/rpmsg_pingpong_freertos_example.dir/home/abhishek/udoo/udoo-neo_custom_linux/m4/FreeRTOS_BSP_1.0.1_iMX6SX/middleware/multicore/open-amp/porting/imx6sx_m4/platform.c.obj
                0x000000001fff8c1c                platform_interrupt_disable_all
 .text.platform_map_mem_region
                0x000000001fff8c50        0x2 CMakeFiles/rpmsg_pingpong_freertos_example.dir/home/abhishek/udoo/udoo-neo_custom_linux/m4/FreeRTOS_BSP_1.0.1_iMX6SX/middleware/multicore/open-amp/porting/imx6sx_m4/platform.c.obj
                0x000000001fff8c50                platform_map_mem_region
 .text.platform_vatopa
                0x000000001fff8c52        0x2 CMakeFiles/rpmsg_pingpong_freertos_example.dir/home/abhishek/udoo/udoo-neo_custom_linux/m4/FreeRTOS_BSP_1.0.1_iMX6SX/middleware/multicore/open-amp/porting/imx6sx_m4/platform.c.obj
                0x000000001fff8c52                platform_vatopa
 .text.platform_patova
                0x000000001fff8c54        0x2 CMakeFiles/rpmsg_pingpong_freertos_example.dir/home/abhishek/udoo/udoo-neo_custom_linux/m4/FreeRTOS_BSP_1.0.1_iMX6SX/middleware/multicore/open-amp/porting/imx6sx_m4/platform.c.obj
                0x000000001fff8c54                platform_patova
 .text.platform_init
                0x000000001fff8c56        0x4 CMakeFiles/rpmsg_pingpong_freertos_example.dir/home/abhishek/udoo/udoo-neo_custom_linux/m4/FreeRTOS_BSP_1.0.1_iMX6SX/middleware/multicore/open-amp/porting/imx6sx_m4/platform.c.obj
                0x000000001fff8c56                platform_init
 .text.platform_deinit
                0x000000001fff8c5a        0x4 CMakeFiles/rpmsg_pingpong_freertos_example.dir/home/abhishek/udoo/udoo-neo_custom_linux/m4/FreeRTOS_BSP_1.0.1_iMX6SX/middleware/multicore/open-amp/porting/imx6sx_m4/platform.c.obj
                0x000000001fff8c5a                platform_deinit
 *fill*         0x000000001fff8c5e        0x2 
 .text.platform_get_processor_info
                0x000000001fff8c60       0x34 CMakeFiles/rpmsg_pingpong_freertos_example.dir/home/abhishek/udoo/udoo-neo_custom_linux/m4/FreeRTOS_BSP_1.0.1_iMX6SX/middleware/multicore/open-amp/porting/imx6sx_m4/platform_info.c.obj
                0x000000001fff8c60                platform_get_processor_info
 .text.hil_create_proc
                0x000000001fff8c94       0x5c CMakeFiles/rpmsg_pingpong_freertos_example.dir/home/abhishek/udoo/udoo-neo_custom_linux/m4/FreeRTOS_BSP_1.0.1_iMX6SX/middleware/multicore/open-amp/common/hil/hil.c.obj
                0x000000001fff8c94                hil_create_proc
 .text.hil_isr  0x000000001fff8cf0        0x6 CMakeFiles/rpmsg_pingpong_freertos_example.dir/home/abhishek/udoo/udoo-neo_custom_linux/m4/FreeRTOS_BSP_1.0.1_iMX6SX/middleware/multicore/open-amp/common/hil/hil.c.obj
                0x000000001fff8cf0                hil_isr
 .text.hil_get_chnl_info
                0x000000001fff8cf6        0x8 CMakeFiles/rpmsg_pingpong_freertos_example.dir/home/abhishek/udoo/udoo-neo_custom_linux/m4/FreeRTOS_BSP_1.0.1_iMX6SX/middleware/multicore/open-amp/common/hil/hil.c.obj
                0x000000001fff8cf6                hil_get_chnl_info
 .text.hil_get_vring_info
                0x000000001fff8cfe        0x8 CMakeFiles/rpmsg_pingpong_freertos_example.dir/home/abhishek/udoo/udoo-neo_custom_linux/m4/FreeRTOS_BSP_1.0.1_iMX6SX/middleware/multicore/open-amp/common/hil/hil.c.obj
                0x000000001fff8cfe                hil_get_vring_info
 .text.hil_get_shm_info
                0x000000001fff8d06        0x4 CMakeFiles/rpmsg_pingpong_freertos_example.dir/home/abhishek/udoo/udoo-neo_custom_linux/m4/FreeRTOS_BSP_1.0.1_iMX6SX/middleware/multicore/open-amp/common/hil/hil.c.obj
                0x000000001fff8d06                hil_get_shm_info
 .text.hil_enable_vring_notifications
                0x000000001fff8d0a       0x20 CMakeFiles/rpmsg_pingpong_freertos_example.dir/home/abhishek/udoo/udoo-neo_custom_linux/m4/FreeRTOS_BSP_1.0.1_iMX6SX/middleware/multicore/open-amp/common/hil/hil.c.obj
                0x000000001fff8d0a                hil_enable_vring_notifications
 .text.hil_vring_notify
                0x000000001fff8d2a       0x1a CMakeFiles/rpmsg_pingpong_freertos_example.dir/home/abhishek/udoo/udoo-neo_custom_linux/m4/FreeRTOS_BSP_1.0.1_iMX6SX/middleware/multicore/open-amp/common/hil/hil.c.obj
                0x000000001fff8d2a                hil_vring_notify
 .text.hil_get_status
                0x000000001fff8d44        0x4 CMakeFiles/rpmsg_pingpong_freertos_example.dir/home/abhishek/udoo/udoo-neo_custom_linux/m4/FreeRTOS_BSP_1.0.1_iMX6SX/middleware/multicore/open-amp/common/hil/hil.c.obj
                0x000000001fff8d44                hil_get_status
 .text.hil_set_status
                0x000000001fff8d48        0x4 CMakeFiles/rpmsg_pingpong_freertos_example.dir/home/abhishek/udoo/udoo-neo_custom_linux/m4/FreeRTOS_BSP_1.0.1_iMX6SX/middleware/multicore/open-amp/common/hil/hil.c.obj
                0x000000001fff8d48                hil_set_status
 .text.add_to_list
                0x000000001fff8d4c       0x1e CMakeFiles/rpmsg_pingpong_freertos_example.dir/home/abhishek/udoo/udoo-neo_custom_linux/m4/FreeRTOS_BSP_1.0.1_iMX6SX/middleware/multicore/open-amp/common/llist/llist.c.obj
                0x000000001fff8d4c                add_to_list
 .text.remove_from_list
                0x000000001fff8d6a       0x20 CMakeFiles/rpmsg_pingpong_freertos_example.dir/home/abhishek/udoo/udoo-neo_custom_linux/m4/FreeRTOS_BSP_1.0.1_iMX6SX/middleware/multicore/open-amp/common/llist/llist.c.obj
                0x000000001fff8d6a                remove_from_list
 .text.sh_mem_create_pool
                0x000000001fff8d8a       0x7c CMakeFiles/rpmsg_pingpong_freertos_example.dir/home/abhishek/udoo/udoo-neo_custom_linux/m4/FreeRTOS_BSP_1.0.1_iMX6SX/middleware/multicore/open-amp/common/shm/sh_mem.c.obj
                0x000000001fff8d8a                sh_mem_create_pool
 .text.sh_mem_free_buffer
                0x000000001fff8e06       0x52 CMakeFiles/rpmsg_pingpong_freertos_example.dir/home/abhishek/udoo/udoo-neo_custom_linux/m4/FreeRTOS_BSP_1.0.1_iMX6SX/middleware/multicore/open-amp/common/shm/sh_mem.c.obj
                0x000000001fff8e06                sh_mem_free_buffer
 .text.sh_mem_delete_pool
                0x000000001fff8e58       0x18 CMakeFiles/rpmsg_pingpong_freertos_example.dir/home/abhishek/udoo/udoo-neo_custom_linux/m4/FreeRTOS_BSP_1.0.1_iMX6SX/middleware/multicore/open-amp/common/shm/sh_mem.c.obj
                0x000000001fff8e58                sh_mem_delete_pool
 .text.get_first_zero_bit
                0x000000001fff8e70       0x44 CMakeFiles/rpmsg_pingpong_freertos_example.dir/home/abhishek/udoo/udoo-neo_custom_linux/m4/FreeRTOS_BSP_1.0.1_iMX6SX/middleware/multicore/open-amp/common/shm/sh_mem.c.obj
                0x000000001fff8e70                get_first_zero_bit
 .text.sh_mem_get_buffer
                0x000000001fff8eb4       0x70 CMakeFiles/rpmsg_pingpong_freertos_example.dir/home/abhishek/udoo/udoo-neo_custom_linux/m4/FreeRTOS_BSP_1.0.1_iMX6SX/middleware/multicore/open-amp/common/shm/sh_mem.c.obj
                0x000000001fff8eb4                sh_mem_get_buffer
 .text.rpmsg_rdev_get_status
                0x000000001fff8f24        0x4 CMakeFiles/rpmsg_pingpong_freertos_example.dir/home/abhishek/udoo/udoo-neo_custom_linux/m4/FreeRTOS_BSP_1.0.1_iMX6SX/middleware/multicore/open-amp/rpmsg/remote_device.c.obj
                0x000000001fff8f24                rpmsg_rdev_get_status
 .text.rpmsg_rdev_set_status
                0x000000001fff8f28        0x2 CMakeFiles/rpmsg_pingpong_freertos_example.dir/home/abhishek/udoo/udoo-neo_custom_linux/m4/FreeRTOS_BSP_1.0.1_iMX6SX/middleware/multicore/open-amp/rpmsg/remote_device.c.obj
                0x000000001fff8f28                rpmsg_rdev_set_status
 .text.rpmsg_rdev_get_feature
                0x000000001fff8f2a        0x4 CMakeFiles/rpmsg_pingpong_freertos_example.dir/home/abhishek/udoo/udoo-neo_custom_linux/m4/FreeRTOS_BSP_1.0.1_iMX6SX/middleware/multicore/open-amp/rpmsg/remote_device.c.obj
                0x000000001fff8f2a                rpmsg_rdev_get_feature
 .text.rpmsg_rdev_set_feature
                0x000000001fff8f2e        0x8 CMakeFiles/rpmsg_pingpong_freertos_example.dir/home/abhishek/udoo/udoo-neo_custom_linux/m4/FreeRTOS_BSP_1.0.1_iMX6SX/middleware/multicore/open-amp/rpmsg/remote_device.c.obj
                0x000000001fff8f2e                rpmsg_rdev_set_feature
 .text.rpmsg_rdev_negotiate_feature
                0x000000001fff8f36        0x4 CMakeFiles/rpmsg_pingpong_freertos_example.dir/home/abhishek/udoo/udoo-neo_custom_linux/m4/FreeRTOS_BSP_1.0.1_iMX6SX/middleware/multicore/open-amp/rpmsg/remote_device.c.obj
                0x000000001fff8f36                rpmsg_rdev_negotiate_feature
 .text.rpmsg_rdev_read_config
                0x000000001fff8f3a        0x2 CMakeFiles/rpmsg_pingpong_freertos_example.dir/home/abhishek/udoo/udoo-neo_custom_linux/m4/FreeRTOS_BSP_1.0.1_iMX6SX/middleware/multicore/open-amp/rpmsg/remote_device.c.obj
                0x000000001fff8f3a                rpmsg_rdev_read_config
 .text.rpmsg_rdev_reset
                0x000000001fff8f3c        0x2 CMakeFiles/rpmsg_pingpong_freertos_example.dir/home/abhishek/udoo/udoo-neo_custom_linux/m4/FreeRTOS_BSP_1.0.1_iMX6SX/middleware/multicore/open-amp/rpmsg/remote_device.c.obj
                0x000000001fff8f3c                rpmsg_rdev_reset
 *fill*         0x000000001fff8f3e        0x2 
 .text.rpmsg_rdev_create_virtqueues
                0x000000001fff8f40      0x10c CMakeFiles/rpmsg_pingpong_freertos_example.dir/home/abhishek/udoo/udoo-neo_custom_linux/m4/FreeRTOS_BSP_1.0.1_iMX6SX/middleware/multicore/open-amp/rpmsg/remote_device.c.obj
                0x000000001fff8f40                rpmsg_rdev_create_virtqueues
 .text.rpmsg_rdev_write_config
                0x000000001fff904c        0x2 CMakeFiles/rpmsg_pingpong_freertos_example.dir/home/abhishek/udoo/udoo-neo_custom_linux/m4/FreeRTOS_BSP_1.0.1_iMX6SX/middleware/multicore/open-amp/rpmsg/remote_device.c.obj
                0x000000001fff904c                rpmsg_rdev_write_config
 *fill*         0x000000001fff904e        0x2 
 .text.rpmsg_rdev_init
                0x000000001fff9050       0xdc CMakeFiles/rpmsg_pingpong_freertos_example.dir/home/abhishek/udoo/udoo-neo_custom_linux/m4/FreeRTOS_BSP_1.0.1_iMX6SX/middleware/multicore/open-amp/rpmsg/remote_device.c.obj
                0x000000001fff9050                rpmsg_rdev_init
 .text.rpmsg_rdev_get_chnl_node_from_id
                0x000000001fff912c       0x2a CMakeFiles/rpmsg_pingpong_freertos_example.dir/home/abhishek/udoo/udoo-neo_custom_linux/m4/FreeRTOS_BSP_1.0.1_iMX6SX/middleware/multicore/open-amp/rpmsg/remote_device.c.obj
                0x000000001fff912c                rpmsg_rdev_get_chnl_node_from_id
 .text.rpmsg_rdev_get_endpoint_from_addr
                0x000000001fff9156       0x26 CMakeFiles/rpmsg_pingpong_freertos_example.dir/home/abhishek/udoo/udoo-neo_custom_linux/m4/FreeRTOS_BSP_1.0.1_iMX6SX/middleware/multicore/open-amp/rpmsg/remote_device.c.obj
                0x000000001fff9156                rpmsg_rdev_get_endpoint_from_addr
 .text.rpmsg_rdev_deinit
                0x000000001fff917c       0x74 CMakeFiles/rpmsg_pingpong_freertos_example.dir/home/abhishek/udoo/udoo-neo_custom_linux/m4/FreeRTOS_BSP_1.0.1_iMX6SX/middleware/multicore/open-amp/rpmsg/remote_device.c.obj
                0x000000001fff917c                rpmsg_rdev_deinit
 .text.rpmsg_rdev_notify
                0x000000001fff91f0       0x28 CMakeFiles/rpmsg_pingpong_freertos_example.dir/home/abhishek/udoo/udoo-neo_custom_linux/m4/FreeRTOS_BSP_1.0.1_iMX6SX/middleware/multicore/open-amp/rpmsg/remote_device.c.obj
                0x000000001fff91f0                rpmsg_rdev_notify
 .text.rpmsg_deinit
                0x000000001fff9218       0x12 CMakeFiles/rpmsg_pingpong_freertos_example.dir/home/abhishek/udoo/udoo-neo_custom_linux/m4/FreeRTOS_BSP_1.0.1_iMX6SX/middleware/multicore/open-amp/rpmsg/rpmsg.c.obj
                0x000000001fff9218                rpmsg_deinit
 .text.rpmsg_init
                0x000000001fff922a       0x42 CMakeFiles/rpmsg_pingpong_freertos_example.dir/home/abhishek/udoo/udoo-neo_custom_linux/m4/FreeRTOS_BSP_1.0.1_iMX6SX/middleware/multicore/open-amp/rpmsg/rpmsg.c.obj
                0x000000001fff922a                rpmsg_init
 .text.rpmsg_send_offchannel_raw
                0x000000001fff926c      0x12c CMakeFiles/rpmsg_pingpong_freertos_example.dir/home/abhishek/udoo/udoo-neo_custom_linux/m4/FreeRTOS_BSP_1.0.1_iMX6SX/middleware/multicore/open-amp/rpmsg/rpmsg.c.obj
                0x000000001fff926c                rpmsg_send_offchannel_raw
 .text.rpmsg_create_ept
                0x000000001fff9398       0x18 CMakeFiles/rpmsg_pingpong_freertos_example.dir/home/abhishek/udoo/udoo-neo_custom_linux/m4/FreeRTOS_BSP_1.0.1_iMX6SX/middleware/multicore/open-amp/rpmsg/rpmsg.c.obj
                0x000000001fff9398                rpmsg_create_ept
 .text.rpmsg_destroy_ept
                0x000000001fff93b0        0xe CMakeFiles/rpmsg_pingpong_freertos_example.dir/home/abhishek/udoo/udoo-neo_custom_linux/m4/FreeRTOS_BSP_1.0.1_iMX6SX/middleware/multicore/open-amp/rpmsg/rpmsg.c.obj
                0x000000001fff93b0                rpmsg_destroy_ept
 .text.rpmsg_hold_rx_buffer
                0x000000001fff93be       0x12 CMakeFiles/rpmsg_pingpong_freertos_example.dir/home/abhishek/udoo/udoo-neo_custom_linux/m4/FreeRTOS_BSP_1.0.1_iMX6SX/middleware/multicore/open-amp/rpmsg/rpmsg_ext.c.obj
                0x000000001fff93be                rpmsg_hold_rx_buffer
 .text.rpmsg_release_rx_buffer
                0x000000001fff93d0       0x2e CMakeFiles/rpmsg_pingpong_freertos_example.dir/home/abhishek/udoo/udoo-neo_custom_linux/m4/FreeRTOS_BSP_1.0.1_iMX6SX/middleware/multicore/open-amp/rpmsg/rpmsg_ext.c.obj
                0x000000001fff93d0                rpmsg_release_rx_buffer
 .text._rpmsg_create_channel
                0x000000001fff93fe       0x60 CMakeFiles/rpmsg_pingpong_freertos_example.dir/home/abhishek/udoo/udoo-neo_custom_linux/m4/FreeRTOS_BSP_1.0.1_iMX6SX/middleware/multicore/open-amp/rpmsg/rpmsg_core.c.obj
                0x000000001fff93fe                _rpmsg_create_channel
 .text._rpmsg_delete_channel
                0x000000001fff945e       0x3e CMakeFiles/rpmsg_pingpong_freertos_example.dir/home/abhishek/udoo/udoo-neo_custom_linux/m4/FreeRTOS_BSP_1.0.1_iMX6SX/middleware/multicore/open-amp/rpmsg/rpmsg_core.c.obj
                0x000000001fff945e                _rpmsg_delete_channel
 .text.rpmsg_ns_callback
                0x000000001fff949c       0x82 CMakeFiles/rpmsg_pingpong_freertos_example.dir/home/abhishek/udoo/udoo-neo_custom_linux/m4/FreeRTOS_BSP_1.0.1_iMX6SX/middleware/multicore/open-amp/rpmsg/rpmsg_core.c.obj
                0x000000001fff949c                rpmsg_ns_callback
 .text.rpmsg_enqueue_buffer
                0x000000001fff951e       0x2e CMakeFiles/rpmsg_pingpong_freertos_example.dir/home/abhishek/udoo/udoo-neo_custom_linux/m4/FreeRTOS_BSP_1.0.1_iMX6SX/middleware/multicore/open-amp/rpmsg/rpmsg_core.c.obj
                0x000000001fff951e                rpmsg_enqueue_buffer
 .text.rpmsg_return_buffer
                0x000000001fff954c       0x2e CMakeFiles/rpmsg_pingpong_freertos_example.dir/home/abhishek/udoo/udoo-neo_custom_linux/m4/FreeRTOS_BSP_1.0.1_iMX6SX/middleware/multicore/open-amp/rpmsg/rpmsg_core.c.obj
                0x000000001fff954c                rpmsg_return_buffer
 .text.rpmsg_get_tx_buffer
                0x000000001fff957a       0x32 CMakeFiles/rpmsg_pingpong_freertos_example.dir/home/abhishek/udoo/udoo-neo_custom_linux/m4/FreeRTOS_BSP_1.0.1_iMX6SX/middleware/multicore/open-amp/rpmsg/rpmsg_core.c.obj
                0x000000001fff957a                rpmsg_get_tx_buffer
 .text.rpmsg_send_ns_message
                0x000000001fff95ac       0x60 CMakeFiles/rpmsg_pingpong_freertos_example.dir/home/abhishek/udoo/udoo-neo_custom_linux/m4/FreeRTOS_BSP_1.0.1_iMX6SX/middleware/multicore/open-amp/rpmsg/rpmsg_core.c.obj
                0x000000001fff95ac                rpmsg_send_ns_message
 .text.rpmsg_tx_callback
                0x000000001fff960c       0x34 CMakeFiles/rpmsg_pingpong_freertos_example.dir/home/abhishek/udoo/udoo-neo_custom_linux/m4/FreeRTOS_BSP_1.0.1_iMX6SX/middleware/multicore/open-amp/rpmsg/rpmsg_core.c.obj
 .text.rpmsg_get_rx_buffer
                0x000000001fff9640       0x22 CMakeFiles/rpmsg_pingpong_freertos_example.dir/home/abhishek/udoo/udoo-neo_custom_linux/m4/FreeRTOS_BSP_1.0.1_iMX6SX/middleware/multicore/open-amp/rpmsg/rpmsg_core.c.obj
                0x000000001fff9640                rpmsg_get_rx_buffer
 .text.rpmsg_rx_callback
                0x000000001fff9662       0xd6 CMakeFiles/rpmsg_pingpong_freertos_example.dir/home/abhishek/udoo/udoo-neo_custom_linux/m4/FreeRTOS_BSP_1.0.1_iMX6SX/middleware/multicore/open-amp/rpmsg/rpmsg_core.c.obj
 .text.rpmsg_free_buffer
                0x000000001fff9738       0x10 CMakeFiles/rpmsg_pingpong_freertos_example.dir/home/abhishek/udoo/udoo-neo_custom_linux/m4/FreeRTOS_BSP_1.0.1_iMX6SX/middleware/multicore/open-amp/rpmsg/rpmsg_core.c.obj
                0x000000001fff9738                rpmsg_free_buffer
 .text.rpmsg_get_address
                0x000000001fff9748       0x38 CMakeFiles/rpmsg_pingpong_freertos_example.dir/home/abhishek/udoo/udoo-neo_custom_linux/m4/FreeRTOS_BSP_1.0.1_iMX6SX/middleware/multicore/open-amp/rpmsg/rpmsg_core.c.obj
                0x000000001fff9748                rpmsg_get_address
 .text.rpmsg_release_address
                0x000000001fff9780       0x38 CMakeFiles/rpmsg_pingpong_freertos_example.dir/home/abhishek/udoo/udoo-neo_custom_linux/m4/FreeRTOS_BSP_1.0.1_iMX6SX/middleware/multicore/open-amp/rpmsg/rpmsg_core.c.obj
                0x000000001fff9780                rpmsg_release_address
 .text._destroy_endpoint
                0x000000001fff97b8       0x42 CMakeFiles/rpmsg_pingpong_freertos_example.dir/home/abhishek/udoo/udoo-neo_custom_linux/m4/FreeRTOS_BSP_1.0.1_iMX6SX/middleware/multicore/open-amp/rpmsg/rpmsg_core.c.obj
                0x000000001fff97b8                _destroy_endpoint
 .text.rpmsg_is_address_set
                0x000000001fff97fa       0x30 CMakeFiles/rpmsg_pingpong_freertos_example.dir/home/abhishek/udoo/udoo-neo_custom_linux/m4/FreeRTOS_BSP_1.0.1_iMX6SX/middleware/multicore/open-amp/rpmsg/rpmsg_core.c.obj
                0x000000001fff97fa                rpmsg_is_address_set
 .text.rpmsg_set_address
                0x000000001fff982a       0x36 CMakeFiles/rpmsg_pingpong_freertos_example.dir/home/abhishek/udoo/udoo-neo_custom_linux/m4/FreeRTOS_BSP_1.0.1_iMX6SX/middleware/multicore/open-amp/rpmsg/rpmsg_core.c.obj
                0x000000001fff982a                rpmsg_set_address
 .text._create_endpoint
                0x000000001fff9860       0x96 CMakeFiles/rpmsg_pingpong_freertos_example.dir/home/abhishek/udoo/udoo-neo_custom_linux/m4/FreeRTOS_BSP_1.0.1_iMX6SX/middleware/multicore/open-amp/rpmsg/rpmsg_core.c.obj
                0x000000001fff9860                _create_endpoint
 *fill*         0x000000001fff98f6        0x2 
 .text.rpmsg_start_ipc
                0x000000001fff98f8       0xa4 CMakeFiles/rpmsg_pingpong_freertos_example.dir/home/abhishek/udoo/udoo-neo_custom_linux/m4/FreeRTOS_BSP_1.0.1_iMX6SX/middleware/multicore/open-amp/rpmsg/rpmsg_core.c.obj
                0x000000001fff98f8                rpmsg_start_ipc
 .text.vq_ring_update_avail
                0x000000001fff999c       0x2c CMakeFiles/rpmsg_pingpong_freertos_example.dir/home/abhishek/udoo/udoo-neo_custom_linux/m4/FreeRTOS_BSP_1.0.1_iMX6SX/middleware/multicore/open-amp/virtio/virtqueue.c.obj
 .text.virtqueue_add_buffer
                0x000000001fff99c8       0xa0 CMakeFiles/rpmsg_pingpong_freertos_example.dir/home/abhishek/udoo/udoo-neo_custom_linux/m4/FreeRTOS_BSP_1.0.1_iMX6SX/middleware/multicore/open-amp/virtio/virtqueue.c.obj
                0x000000001fff99c8                virtqueue_add_buffer
 .text.virtqueue_get_buffer
                0x000000001fff9a68       0x88 CMakeFiles/rpmsg_pingpong_freertos_example.dir/home/abhishek/udoo/udoo-neo_custom_linux/m4/FreeRTOS_BSP_1.0.1_iMX6SX/middleware/multicore/open-amp/virtio/virtqueue.c.obj
                0x000000001fff9a68                virtqueue_get_buffer
 .text.virtqueue_free
                0x000000001fff9af0       0x12 CMakeFiles/rpmsg_pingpong_freertos_example.dir/home/abhishek/udoo/udoo-neo_custom_linux/m4/FreeRTOS_BSP_1.0.1_iMX6SX/middleware/multicore/open-amp/virtio/virtqueue.c.obj
                0x000000001fff9af0                virtqueue_free
 .text.virtqueue_get_available_buffer
                0x000000001fff9b02       0x4a CMakeFiles/rpmsg_pingpong_freertos_example.dir/home/abhishek/udoo/udoo-neo_custom_linux/m4/FreeRTOS_BSP_1.0.1_iMX6SX/middleware/multicore/open-amp/virtio/virtqueue.c.obj
                0x000000001fff9b02                virtqueue_get_available_buffer
 .text.virtqueue_add_consumed_buffer
                0x000000001fff9b4c       0x34 CMakeFiles/rpmsg_pingpong_freertos_example.dir/home/abhishek/udoo/udoo-neo_custom_linux/m4/FreeRTOS_BSP_1.0.1_iMX6SX/middleware/multicore/open-amp/virtio/virtqueue.c.obj
                0x000000001fff9b4c                virtqueue_add_consumed_buffer
 .text.virtqueue_disable_cb
                0x000000001fff9b80       0x26 CMakeFiles/rpmsg_pingpong_freertos_example.dir/home/abhishek/udoo/udoo-neo_custom_linux/m4/FreeRTOS_BSP_1.0.1_iMX6SX/middleware/multicore/open-amp/virtio/virtqueue.c.obj
                0x000000001fff9b80                virtqueue_disable_cb
 *fill*         0x000000001fff9ba6        0x2 
 .text.virtqueue_create
                0x000000001fff9ba8       0xb8 CMakeFiles/rpmsg_pingpong_freertos_example.dir/home/abhishek/udoo/udoo-neo_custom_linux/m4/FreeRTOS_BSP_1.0.1_iMX6SX/middleware/multicore/open-amp/virtio/virtqueue.c.obj
                0x000000001fff9ba8                virtqueue_create
 .text.virtqueue_kick
                0x000000001fff9c60       0x4c CMakeFiles/rpmsg_pingpong_freertos_example.dir/home/abhishek/udoo/udoo-neo_custom_linux/m4/FreeRTOS_BSP_1.0.1_iMX6SX/middleware/multicore/open-amp/virtio/virtqueue.c.obj
                0x000000001fff9c60                virtqueue_kick
 .text.virtqueue_notification
                0x000000001fff9cac        0x8 CMakeFiles/rpmsg_pingpong_freertos_example.dir/home/abhishek/udoo/udoo-neo_custom_linux/m4/FreeRTOS_BSP_1.0.1_iMX6SX/middleware/multicore/open-amp/virtio/virtqueue.c.obj
                0x000000001fff9cac                virtqueue_notification
 .text.env_init
                0x000000001fff9cb4       0x48 CMakeFiles/rpmsg_pingpong_freertos_example.dir/home/abhishek/udoo/udoo-neo_custom_linux/m4/FreeRTOS_BSP_1.0.1_iMX6SX/middleware/multicore/open-amp/porting/env/freertos/rpmsg_porting.c.obj
                0x000000001fff9cb4                env_init
 .text.env_deinit
                0x000000001fff9cfc       0x44 CMakeFiles/rpmsg_pingpong_freertos_example.dir/home/abhishek/udoo/udoo-neo_custom_linux/m4/FreeRTOS_BSP_1.0.1_iMX6SX/middleware/multicore/open-amp/porting/env/freertos/rpmsg_porting.c.obj
                0x000000001fff9cfc                env_deinit
 .text.env_allocate_memory
                0x000000001fff9d40        0x4 CMakeFiles/rpmsg_pingpong_freertos_example.dir/home/abhishek/udoo/udoo-neo_custom_linux/m4/FreeRTOS_BSP_1.0.1_iMX6SX/middleware/multicore/open-amp/porting/env/freertos/rpmsg_porting.c.obj
                0x000000001fff9d40                env_allocate_memory
 .text.env_free_memory
                0x000000001fff9d44        0x4 CMakeFiles/rpmsg_pingpong_freertos_example.dir/home/abhishek/udoo/udoo-neo_custom_linux/m4/FreeRTOS_BSP_1.0.1_iMX6SX/middleware/multicore/open-amp/porting/env/freertos/rpmsg_porting.c.obj
                0x000000001fff9d44                env_free_memory
 .text.env_memset
                0x000000001fff9d48        0x4 CMakeFiles/rpmsg_pingpong_freertos_example.dir/home/abhishek/udoo/udoo-neo_custom_linux/m4/FreeRTOS_BSP_1.0.1_iMX6SX/middleware/multicore/open-amp/porting/env/freertos/rpmsg_porting.c.obj
                0x000000001fff9d48                env_memset
 .text.env_memcpy
                0x000000001fff9d4c        0x4 CMakeFiles/rpmsg_pingpong_freertos_example.dir/home/abhishek/udoo/udoo-neo_custom_linux/m4/FreeRTOS_BSP_1.0.1_iMX6SX/middleware/multicore/open-amp/porting/env/freertos/rpmsg_porting.c.obj
                0x000000001fff9d4c                env_memcpy
 .text.env_strncpy
                0x000000001fff9d50        0x4 CMakeFiles/rpmsg_pingpong_freertos_example.dir/home/abhishek/udoo/udoo-neo_custom_linux/m4/FreeRTOS_BSP_1.0.1_iMX6SX/middleware/multicore/open-amp/porting/env/freertos/rpmsg_porting.c.obj
                0x000000001fff9d50                env_strncpy
 .text.env_strncmp
                0x000000001fff9d54        0x4 CMakeFiles/rpmsg_pingpong_freertos_example.dir/home/abhishek/udoo/udoo-neo_custom_linux/m4/FreeRTOS_BSP_1.0.1_iMX6SX/middleware/multicore/open-amp/porting/env/freertos/rpmsg_porting.c.obj
                0x000000001fff9d54                env_strncmp
 .text.env_mb   0x000000001fff9d58        0x2 CMakeFiles/rpmsg_pingpong_freertos_example.dir/home/abhishek/udoo/udoo-neo_custom_linux/m4/FreeRTOS_BSP_1.0.1_iMX6SX/middleware/multicore/open-amp/porting/env/freertos/rpmsg_porting.c.obj
                0x000000001fff9d58                env_mb
 .text.env_rmb  0x000000001fff9d5a        0x2 CMakeFiles/rpmsg_pingpong_freertos_example.dir/home/abhishek/udoo/udoo-neo_custom_linux/m4/FreeRTOS_BSP_1.0.1_iMX6SX/middleware/multicore/open-amp/porting/env/freertos/rpmsg_porting.c.obj
                0x000000001fff9d5a                env_rmb
 .text.env_wmb  0x000000001fff9d5c        0x2 CMakeFiles/rpmsg_pingpong_freertos_example.dir/home/abhishek/udoo/udoo-neo_custom_linux/m4/FreeRTOS_BSP_1.0.1_iMX6SX/middleware/multicore/open-amp/porting/env/freertos/rpmsg_porting.c.obj
                0x000000001fff9d5c                env_wmb
 .text.env_map_vatopa
                0x000000001fff9d5e        0x4 CMakeFiles/rpmsg_pingpong_freertos_example.dir/home/abhishek/udoo/udoo-neo_custom_linux/m4/FreeRTOS_BSP_1.0.1_iMX6SX/middleware/multicore/open-amp/porting/env/freertos/rpmsg_porting.c.obj
                0x000000001fff9d5e                env_map_vatopa
 .text.env_map_patova
                0x000000001fff9d62        0x4 CMakeFiles/rpmsg_pingpong_freertos_example.dir/home/abhishek/udoo/udoo-neo_custom_linux/m4/FreeRTOS_BSP_1.0.1_iMX6SX/middleware/multicore/open-amp/porting/env/freertos/rpmsg_porting.c.obj
                0x000000001fff9d62                env_map_patova
 .text.env_create_mutex
                0x000000001fff9d66       0x16 CMakeFiles/rpmsg_pingpong_freertos_example.dir/home/abhishek/udoo/udoo-neo_custom_linux/m4/FreeRTOS_BSP_1.0.1_iMX6SX/middleware/multicore/open-amp/porting/env/freertos/rpmsg_porting.c.obj
                0x000000001fff9d66                env_create_mutex
 .text.env_delete_mutex
                0x000000001fff9d7c        0x4 CMakeFiles/rpmsg_pingpong_freertos_example.dir/home/abhishek/udoo/udoo-neo_custom_linux/m4/FreeRTOS_BSP_1.0.1_iMX6SX/middleware/multicore/open-amp/porting/env/freertos/rpmsg_porting.c.obj
                0x000000001fff9d7c                env_delete_mutex
 .text.env_lock_mutex
                0x000000001fff9d80       0x22 CMakeFiles/rpmsg_pingpong_freertos_example.dir/home/abhishek/udoo/udoo-neo_custom_linux/m4/FreeRTOS_BSP_1.0.1_iMX6SX/middleware/multicore/open-amp/porting/env/freertos/rpmsg_porting.c.obj
                0x000000001fff9d80                env_lock_mutex
 .text.env_unlock_mutex
                0x000000001fff9da2       0x22 CMakeFiles/rpmsg_pingpong_freertos_example.dir/home/abhishek/udoo/udoo-neo_custom_linux/m4/FreeRTOS_BSP_1.0.1_iMX6SX/middleware/multicore/open-amp/porting/env/freertos/rpmsg_porting.c.obj
                0x000000001fff9da2                env_unlock_mutex
 .text.env_create_sync_lock
                0x000000001fff9dc4        0x4 CMakeFiles/rpmsg_pingpong_freertos_example.dir/home/abhishek/udoo/udoo-neo_custom_linux/m4/FreeRTOS_BSP_1.0.1_iMX6SX/middleware/multicore/open-amp/porting/env/freertos/rpmsg_porting.c.obj
                0x000000001fff9dc4                env_create_sync_lock
 .text.env_delete_sync_lock
                0x000000001fff9dc8        0x8 CMakeFiles/rpmsg_pingpong_freertos_example.dir/home/abhishek/udoo/udoo-neo_custom_linux/m4/FreeRTOS_BSP_1.0.1_iMX6SX/middleware/multicore/open-amp/porting/env/freertos/rpmsg_porting.c.obj
                0x000000001fff9dc8                env_delete_sync_lock
 .text.env_acquire_sync_lock
                0x000000001fff9dd0       0x3c CMakeFiles/rpmsg_pingpong_freertos_example.dir/home/abhishek/udoo/udoo-neo_custom_linux/m4/FreeRTOS_BSP_1.0.1_iMX6SX/middleware/multicore/open-amp/porting/env/freertos/rpmsg_porting.c.obj
                0x000000001fff9dd0                env_acquire_sync_lock
 .text.env_release_sync_lock
                0x000000001fff9e0c       0x3c CMakeFiles/rpmsg_pingpong_freertos_example.dir/home/abhishek/udoo/udoo-neo_custom_linux/m4/FreeRTOS_BSP_1.0.1_iMX6SX/middleware/multicore/open-amp/porting/env/freertos/rpmsg_porting.c.obj
                0x000000001fff9e0c                env_release_sync_lock
 .text.env_sleep_msec
                0x000000001fff9e48        0x4 CMakeFiles/rpmsg_pingpong_freertos_example.dir/home/abhishek/udoo/udoo-neo_custom_linux/m4/FreeRTOS_BSP_1.0.1_iMX6SX/middleware/multicore/open-amp/porting/env/freertos/rpmsg_porting.c.obj
                0x000000001fff9e48                env_sleep_msec
 .text.env_register_isr
                0x000000001fff9e4c       0x34 CMakeFiles/rpmsg_pingpong_freertos_example.dir/home/abhishek/udoo/udoo-neo_custom_linux/m4/FreeRTOS_BSP_1.0.1_iMX6SX/middleware/multicore/open-amp/porting/env/freertos/rpmsg_porting.c.obj
                0x000000001fff9e4c                env_register_isr
 .text.env_enable_interrupt
                0x000000001fff9e80       0x40 CMakeFiles/rpmsg_pingpong_freertos_example.dir/home/abhishek/udoo/udoo-neo_custom_linux/m4/FreeRTOS_BSP_1.0.1_iMX6SX/middleware/multicore/open-amp/porting/env/freertos/rpmsg_porting.c.obj
                0x000000001fff9e80                env_enable_interrupt
 .text.env_map_memory
                0x000000001fff9ec0       0x10 CMakeFiles/rpmsg_pingpong_freertos_example.dir/home/abhishek/udoo/udoo-neo_custom_linux/m4/FreeRTOS_BSP_1.0.1_iMX6SX/middleware/multicore/open-amp/porting/env/freertos/rpmsg_porting.c.obj
                0x000000001fff9ec0                env_map_memory
 .text.env_isr  0x000000001fff9ed0       0x5c CMakeFiles/rpmsg_pingpong_freertos_example.dir/home/abhishek/udoo/udoo-neo_custom_linux/m4/FreeRTOS_BSP_1.0.1_iMX6SX/middleware/multicore/open-amp/porting/env/freertos/rpmsg_porting.c.obj
                0x000000001fff9ed0                env_isr
 .text.env_create_queue
                0x000000001fff9f2c       0x1a CMakeFiles/rpmsg_pingpong_freertos_example.dir/home/abhishek/udoo/udoo-neo_custom_linux/m4/FreeRTOS_BSP_1.0.1_iMX6SX/middleware/multicore/open-amp/porting/env/freertos/rpmsg_porting.c.obj
                0x000000001fff9f2c                env_create_queue
 *fill*         0x000000001fff9f46        0x2 
 .text.env_put_queue
                0x000000001fff9f48       0x4c CMakeFiles/rpmsg_pingpong_freertos_example.dir/home/abhishek/udoo/udoo-neo_custom_linux/m4/FreeRTOS_BSP_1.0.1_iMX6SX/middleware/multicore/open-amp/porting/env/freertos/rpmsg_porting.c.obj
                0x000000001fff9f48                env_put_queue
 .text.env_get_queue
                0x000000001fff9f94       0x48 CMakeFiles/rpmsg_pingpong_freertos_example.dir/home/abhishek/udoo/udoo-neo_custom_linux/m4/FreeRTOS_BSP_1.0.1_iMX6SX/middleware/multicore/open-amp/porting/env/freertos/rpmsg_porting.c.obj
                0x000000001fff9f94                env_get_queue
 .text.vListInitialise
                0x000000001fff9fdc       0x16 CMakeFiles/rpmsg_pingpong_freertos_example.dir/home/abhishek/udoo/udoo-neo_custom_linux/m4/FreeRTOS_BSP_1.0.1_iMX6SX/rtos/FreeRTOS/Source/list.c.obj
                0x000000001fff9fdc                vListInitialise
 .text.vListInitialiseItem
                0x000000001fff9ff2        0x6 CMakeFiles/rpmsg_pingpong_freertos_example.dir/home/abhishek/udoo/udoo-neo_custom_linux/m4/FreeRTOS_BSP_1.0.1_iMX6SX/rtos/FreeRTOS/Source/list.c.obj
                0x000000001fff9ff2                vListInitialiseItem
 .text.vListInsertEnd
                0x000000001fff9ff8       0x18 CMakeFiles/rpmsg_pingpong_freertos_example.dir/home/abhishek/udoo/udoo-neo_custom_linux/m4/FreeRTOS_BSP_1.0.1_iMX6SX/rtos/FreeRTOS/Source/list.c.obj
                0x000000001fff9ff8                vListInsertEnd
 .text.vListInsert
                0x000000001fffa010       0x2e CMakeFiles/rpmsg_pingpong_freertos_example.dir/home/abhishek/udoo/udoo-neo_custom_linux/m4/FreeRTOS_BSP_1.0.1_iMX6SX/rtos/FreeRTOS/Source/list.c.obj
                0x000000001fffa010                vListInsert
 .text.uxListRemove
                0x000000001fffa03e       0x24 CMakeFiles/rpmsg_pingpong_freertos_example.dir/home/abhishek/udoo/udoo-neo_custom_linux/m4/FreeRTOS_BSP_1.0.1_iMX6SX/rtos/FreeRTOS/Source/list.c.obj
                0x000000001fffa03e                uxListRemove
 .text.prvCopyDataToQueue
                0x000000001fffa062       0x5a CMakeFiles/rpmsg_pingpong_freertos_example.dir/home/abhishek/udoo/udoo-neo_custom_linux/m4/FreeRTOS_BSP_1.0.1_iMX6SX/rtos/FreeRTOS/Source/queue.c.obj
 .text.prvCopyDataFromQueue
                0x000000001fffa0bc       0x26 CMakeFiles/rpmsg_pingpong_freertos_example.dir/home/abhishek/udoo/udoo-neo_custom_linux/m4/FreeRTOS_BSP_1.0.1_iMX6SX/rtos/FreeRTOS/Source/queue.c.obj
 .text.prvUnlockQueue
                0x000000001fffa0e2       0x6c CMakeFiles/rpmsg_pingpong_freertos_example.dir/home/abhishek/udoo/udoo-neo_custom_linux/m4/FreeRTOS_BSP_1.0.1_iMX6SX/rtos/FreeRTOS/Source/queue.c.obj
 .text.xQueueGenericReset
                0x000000001fffa14e       0x62 CMakeFiles/rpmsg_pingpong_freertos_example.dir/home/abhishek/udoo/udoo-neo_custom_linux/m4/FreeRTOS_BSP_1.0.1_iMX6SX/rtos/FreeRTOS/Source/queue.c.obj
                0x000000001fffa14e                xQueueGenericReset
 .text.xQueueGenericCreate
                0x000000001fffa1b0       0x3c CMakeFiles/rpmsg_pingpong_freertos_example.dir/home/abhishek/udoo/udoo-neo_custom_linux/m4/FreeRTOS_BSP_1.0.1_iMX6SX/rtos/FreeRTOS/Source/queue.c.obj
                0x000000001fffa1b0                xQueueGenericCreate
 .text.xQueueCreateCountingSemaphore
                0x000000001fffa1ec       0x2a CMakeFiles/rpmsg_pingpong_freertos_example.dir/home/abhishek/udoo/udoo-neo_custom_linux/m4/FreeRTOS_BSP_1.0.1_iMX6SX/rtos/FreeRTOS/Source/queue.c.obj
                0x000000001fffa1ec                xQueueCreateCountingSemaphore
 .text.xQueueGenericSend
                0x000000001fffa216      0x100 CMakeFiles/rpmsg_pingpong_freertos_example.dir/home/abhishek/udoo/udoo-neo_custom_linux/m4/FreeRTOS_BSP_1.0.1_iMX6SX/rtos/FreeRTOS/Source/queue.c.obj
                0x000000001fffa216                xQueueGenericSend
 .text.xQueueGenericSendFromISR
                0x000000001fffa316       0x8a CMakeFiles/rpmsg_pingpong_freertos_example.dir/home/abhishek/udoo/udoo-neo_custom_linux/m4/FreeRTOS_BSP_1.0.1_iMX6SX/rtos/FreeRTOS/Source/queue.c.obj
                0x000000001fffa316                xQueueGenericSendFromISR
 .text.xQueueGenericReceive
                0x000000001fffa3a0      0x10c CMakeFiles/rpmsg_pingpong_freertos_example.dir/home/abhishek/udoo/udoo-neo_custom_linux/m4/FreeRTOS_BSP_1.0.1_iMX6SX/rtos/FreeRTOS/Source/queue.c.obj
                0x000000001fffa3a0                xQueueGenericReceive
 .text.xQueueReceiveFromISR
                0x000000001fffa4ac       0x70 CMakeFiles/rpmsg_pingpong_freertos_example.dir/home/abhishek/udoo/udoo-neo_custom_linux/m4/FreeRTOS_BSP_1.0.1_iMX6SX/rtos/FreeRTOS/Source/queue.c.obj
                0x000000001fffa4ac                xQueueReceiveFromISR
 .text.vQueueUnregisterQueue
                0x000000001fffa51c       0x24 CMakeFiles/rpmsg_pingpong_freertos_example.dir/home/abhishek/udoo/udoo-neo_custom_linux/m4/FreeRTOS_BSP_1.0.1_iMX6SX/rtos/FreeRTOS/Source/queue.c.obj
                0x000000001fffa51c                vQueueUnregisterQueue
 .text.vQueueDelete
                0x000000001fffa540       0x22 CMakeFiles/rpmsg_pingpong_freertos_example.dir/home/abhishek/udoo/udoo-neo_custom_linux/m4/FreeRTOS_BSP_1.0.1_iMX6SX/rtos/FreeRTOS/Source/queue.c.obj
                0x000000001fffa540                vQueueDelete
 .text.prvIdleTask
                0x000000001fffa562        0x2 CMakeFiles/rpmsg_pingpong_freertos_example.dir/home/abhishek/udoo/udoo-neo_custom_linux/m4/FreeRTOS_BSP_1.0.1_iMX6SX/rtos/FreeRTOS/Source/tasks.c.obj
 .text.prvResetNextTaskUnblockTime
                0x000000001fffa564       0x24 CMakeFiles/rpmsg_pingpong_freertos_example.dir/home/abhishek/udoo/udoo-neo_custom_linux/m4/FreeRTOS_BSP_1.0.1_iMX6SX/rtos/FreeRTOS/Source/tasks.c.obj
 .text.prvAddCurrentTaskToDelayedList
                0x000000001fffa588       0x50 CMakeFiles/rpmsg_pingpong_freertos_example.dir/home/abhishek/udoo/udoo-neo_custom_linux/m4/FreeRTOS_BSP_1.0.1_iMX6SX/rtos/FreeRTOS/Source/tasks.c.obj
 .text.xTaskGenericCreate
                0x000000001fffa5d8      0x1a4 CMakeFiles/rpmsg_pingpong_freertos_example.dir/home/abhishek/udoo/udoo-neo_custom_linux/m4/FreeRTOS_BSP_1.0.1_iMX6SX/rtos/FreeRTOS/Source/tasks.c.obj
                0x000000001fffa5d8                xTaskGenericCreate
 .text.vTaskStartScheduler
                0x000000001fffa77c       0x54 CMakeFiles/rpmsg_pingpong_freertos_example.dir/home/abhishek/udoo/udoo-neo_custom_linux/m4/FreeRTOS_BSP_1.0.1_iMX6SX/rtos/FreeRTOS/Source/tasks.c.obj
                0x000000001fffa77c                vTaskStartScheduler
 .text.vTaskSuspendAll
                0x000000001fffa7d0       0x10 CMakeFiles/rpmsg_pingpong_freertos_example.dir/home/abhishek/udoo/udoo-neo_custom_linux/m4/FreeRTOS_BSP_1.0.1_iMX6SX/rtos/FreeRTOS/Source/tasks.c.obj
                0x000000001fffa7d0                vTaskSuspendAll
 .text.xTaskIncrementTick
                0x000000001fffa7e0      0x118 CMakeFiles/rpmsg_pingpong_freertos_example.dir/home/abhishek/udoo/udoo-neo_custom_linux/m4/FreeRTOS_BSP_1.0.1_iMX6SX/rtos/FreeRTOS/Source/tasks.c.obj
                0x000000001fffa7e0                xTaskIncrementTick
 .text.xTaskResumeAll
                0x000000001fffa8f8       0xc8 CMakeFiles/rpmsg_pingpong_freertos_example.dir/home/abhishek/udoo/udoo-neo_custom_linux/m4/FreeRTOS_BSP_1.0.1_iMX6SX/rtos/FreeRTOS/Source/tasks.c.obj
                0x000000001fffa8f8                xTaskResumeAll
 .text.vTaskDelay
                0x000000001fffa9c0       0x48 CMakeFiles/rpmsg_pingpong_freertos_example.dir/home/abhishek/udoo/udoo-neo_custom_linux/m4/FreeRTOS_BSP_1.0.1_iMX6SX/rtos/FreeRTOS/Source/tasks.c.obj
                0x000000001fffa9c0                vTaskDelay
 .text.vTaskSwitchContext
                0x000000001fffaa08       0x70 CMakeFiles/rpmsg_pingpong_freertos_example.dir/home/abhishek/udoo/udoo-neo_custom_linux/m4/FreeRTOS_BSP_1.0.1_iMX6SX/rtos/FreeRTOS/Source/tasks.c.obj
                0x000000001fffaa08                vTaskSwitchContext
 .text.vTaskPlaceOnEventList
                0x000000001fffaa78       0x4c CMakeFiles/rpmsg_pingpong_freertos_example.dir/home/abhishek/udoo/udoo-neo_custom_linux/m4/FreeRTOS_BSP_1.0.1_iMX6SX/rtos/FreeRTOS/Source/tasks.c.obj
                0x000000001fffaa78                vTaskPlaceOnEventList
 .text.xTaskRemoveFromEventList
                0x000000001fffaac4       0x74 CMakeFiles/rpmsg_pingpong_freertos_example.dir/home/abhishek/udoo/udoo-neo_custom_linux/m4/FreeRTOS_BSP_1.0.1_iMX6SX/rtos/FreeRTOS/Source/tasks.c.obj
                0x000000001fffaac4                xTaskRemoveFromEventList
 .text.vTaskSetTimeOutState
                0x000000001fffab38       0x20 CMakeFiles/rpmsg_pingpong_freertos_example.dir/home/abhishek/udoo/udoo-neo_custom_linux/m4/FreeRTOS_BSP_1.0.1_iMX6SX/rtos/FreeRTOS/Source/tasks.c.obj
                0x000000001fffab38                vTaskSetTimeOutState
 .text.xTaskCheckForTimeOut
                0x000000001fffab58       0x5c CMakeFiles/rpmsg_pingpong_freertos_example.dir/home/abhishek/udoo/udoo-neo_custom_linux/m4/FreeRTOS_BSP_1.0.1_iMX6SX/rtos/FreeRTOS/Source/tasks.c.obj
                0x000000001fffab58                xTaskCheckForTimeOut
 .text.vTaskMissedYield
                0x000000001fffabb4        0xc CMakeFiles/rpmsg_pingpong_freertos_example.dir/home/abhishek/udoo/udoo-neo_custom_linux/m4/FreeRTOS_BSP_1.0.1_iMX6SX/rtos/FreeRTOS/Source/tasks.c.obj
                0x000000001fffabb4                vTaskMissedYield
 .text.debug_putc
                0x000000001fffabc0       0x28 CMakeFiles/rpmsg_pingpong_freertos_example.dir/home/abhishek/udoo/udoo-neo_custom_linux/m4/FreeRTOS_BSP_1.0.1_iMX6SX/platform/utilities/src/debug_console_imx.c.obj
 .text.UART_ReceiveDataPolling
                0x000000001fffabe8       0x24 CMakeFiles/rpmsg_pingpong_freertos_example.dir/home/abhishek/udoo/udoo-neo_custom_linux/m4/FreeRTOS_BSP_1.0.1_iMX6SX/platform/utilities/src/debug_console_imx.c.obj
 .text.UART_SendDataPolling
                0x000000001fffac0c       0x40 CMakeFiles/rpmsg_pingpong_freertos_example.dir/home/abhishek/udoo/udoo-neo_custom_linux/m4/FreeRTOS_BSP_1.0.1_iMX6SX/platform/utilities/src/debug_console_imx.c.obj
 .text.DbgConsole_Init
                0x000000001fffac4c       0x54 CMakeFiles/rpmsg_pingpong_freertos_example.dir/home/abhishek/udoo/udoo-neo_custom_linux/m4/FreeRTOS_BSP_1.0.1_iMX6SX/platform/utilities/src/debug_console_imx.c.obj
                0x000000001fffac4c                DbgConsole_Init
 .text._write   0x000000001fffaca0       0x28 CMakeFiles/rpmsg_pingpong_freertos_example.dir/home/abhishek/udoo/udoo-neo_custom_linux/m4/FreeRTOS_BSP_1.0.1_iMX6SX/platform/utilities/src/debug_console_imx.c.obj
                0x000000001fffaca0                _write
 .text._read    0x000000001fffacc8       0x20 CMakeFiles/rpmsg_pingpong_freertos_example.dir/home/abhishek/udoo/udoo-neo_custom_linux/m4/FreeRTOS_BSP_1.0.1_iMX6SX/platform/utilities/src/debug_console_imx.c.obj
                0x000000001fffacc8                _read
 .text.debug_printf
                0x000000001ffface8       0x38 CMakeFiles/rpmsg_pingpong_freertos_example.dir/home/abhishek/udoo/udoo-neo_custom_linux/m4/FreeRTOS_BSP_1.0.1_iMX6SX/platform/utilities/src/debug_console_imx.c.obj
                0x000000001ffface8                debug_printf
 .text.mknumstr
                0x000000001fffad20       0x6a CMakeFiles/rpmsg_pingpong_freertos_example.dir/home/abhishek/udoo/udoo-neo_custom_linux/m4/FreeRTOS_BSP_1.0.1_iMX6SX/platform/utilities/src/print_scan.c.obj
 .text.fput_pad.isra.0
                0x000000001fffad8a       0x26 CMakeFiles/rpmsg_pingpong_freertos_example.dir/home/abhishek/udoo/udoo-neo_custom_linux/m4/FreeRTOS_BSP_1.0.1_iMX6SX/platform/utilities/src/print_scan.c.obj
 .text._doprint
                0x000000001fffadb0      0x41c CMakeFiles/rpmsg_pingpong_freertos_example.dir/home/abhishek/udoo/udoo-neo_custom_linux/m4/FreeRTOS_BSP_1.0.1_iMX6SX/platform/utilities/src/print_scan.c.obj
                0x000000001fffadb0                _doprint
 .text.SystemInit
                0x000000001fffb1cc       0x6c CMakeFiles/rpmsg_pingpong_freertos_example.dir/home/abhishek/udoo/udoo-neo_custom_linux/m4/FreeRTOS_BSP_1.0.1_iMX6SX/platform/devices/MCIMX6X/startup/system_MCIMX6X_M4.c.obj
                0x000000001fffb1cc                SystemInit
 .text.configure_uart_pins
                0x000000001fffb238       0x2c CMakeFiles/rpmsg_pingpong_freertos_example.dir/home/abhishek/udoo/udoo-neo_custom_linux/m4/FreeRTOS_BSP_1.0.1_iMX6SX/examples/imx6sx_sdb_m4/pin_mux.c.obj
                0x000000001fffb238                configure_uart_pins
 .text.BOARD_ClockInit
                0x000000001fffb264       0x3c CMakeFiles/rpmsg_pingpong_freertos_example.dir/home/abhishek/udoo/udoo-neo_custom_linux/m4/FreeRTOS_BSP_1.0.1_iMX6SX/examples/imx6sx_sdb_m4/board.c.obj
                0x000000001fffb264                BOARD_ClockInit
 .text.dbg_uart_init
                0x000000001fffb2a0       0x58 CMakeFiles/rpmsg_pingpong_freertos_example.dir/home/abhishek/udoo/udoo-neo_custom_linux/m4/FreeRTOS_BSP_1.0.1_iMX6SX/examples/imx6sx_sdb_m4/board.c.obj
                0x000000001fffb2a0                dbg_uart_init
 .text.BOARD_RdcInit
                0x000000001fffb2f8       0x10 CMakeFiles/rpmsg_pingpong_freertos_example.dir/home/abhishek/udoo/udoo-neo_custom_linux/m4/FreeRTOS_BSP_1.0.1_iMX6SX/examples/imx6sx_sdb_m4/board.c.obj
                0x000000001fffb2f8                BOARD_RdcInit
 .text.hardware_init
                0x000000001fffb308       0x1c CMakeFiles/rpmsg_pingpong_freertos_example.dir/home/abhishek/udoo/udoo-neo_custom_linux/m4/FreeRTOS_BSP_1.0.1_iMX6SX/examples/imx6sx_sdb_m4/demo_apps/rpmsg/pingpong_freertos/hardware_init.c.obj
                0x000000001fffb308                hardware_init
 .text.UART_Deinit
                0x000000001fffb324       0x5e CMakeFiles/rpmsg_pingpong_freertos_example.dir/home/abhishek/udoo/udoo-neo_custom_linux/m4/FreeRTOS_BSP_1.0.1_iMX6SX/platform/drivers/src/uart_imx.c.obj
                0x000000001fffb324                UART_Deinit
 *fill*         0x000000001fffb382        0x2 
 .text.UART_SetBaudRate
                0x000000001fffb384       0xcc CMakeFiles/rpmsg_pingpong_freertos_example.dir/home/abhishek/udoo/udoo-neo_custom_linux/m4/FreeRTOS_BSP_1.0.1_iMX6SX/platform/drivers/src/uart_imx.c.obj
                0x000000001fffb384                UART_SetBaudRate
 .text.UART_Init
                0x000000001fffb450       0x60 CMakeFiles/rpmsg_pingpong_freertos_example.dir/home/abhishek/udoo/udoo-neo_custom_linux/m4/FreeRTOS_BSP_1.0.1_iMX6SX/platform/drivers/src/uart_imx.c.obj
                0x000000001fffb450                UART_Init
 .text.UART_GetStatusFlag
                0x000000001fffb4b0        0xe CMakeFiles/rpmsg_pingpong_freertos_example.dir/home/abhishek/udoo/udoo-neo_custom_linux/m4/FreeRTOS_BSP_1.0.1_iMX6SX/platform/drivers/src/uart_imx.c.obj
                0x000000001fffb4b0                UART_GetStatusFlag
 *fill*         0x000000001fffb4be        0x2 
 .text.MU_SendMsg
                0x000000001fffb4c0       0x30 CMakeFiles/rpmsg_pingpong_freertos_example.dir/home/abhishek/udoo/udoo-neo_custom_linux/m4/FreeRTOS_BSP_1.0.1_iMX6SX/platform/drivers/src/mu_imx.c.obj
                0x000000001fffb4c0                MU_SendMsg
 .text.MU_TryReceiveMsg
                0x000000001fffb4f0       0x3c CMakeFiles/rpmsg_pingpong_freertos_example.dir/home/abhishek/udoo/udoo-neo_custom_linux/m4/FreeRTOS_BSP_1.0.1_iMX6SX/platform/drivers/src/mu_imx.c.obj
                0x000000001fffb4f0                MU_TryReceiveMsg
 .text.__assert_func
                0x000000001fffb52c       0x3c /home/abhishek/udoo/udoo-neo_custom_linux/m4/gcc-arm-none-eabi-7-2018-q2-update-linux/gcc-arm-none-eabi-7-2018-q2-update/bin/../lib/gcc/arm-none-eabi/7.3.1/../../../../arm-none-eabi/lib/thumb/v7e-m/fpv4-sp/hard/libc_nano.a(lib_a-assert.o)
                0x000000001fffb52c                __assert_func
 .text.exit     0x000000001fffb568       0x28 /home/abhishek/udoo/udoo-neo_custom_linux/m4/gcc-arm-none-eabi-7-2018-q2-update-linux/gcc-arm-none-eabi-7-2018-q2-update/bin/../lib/gcc/arm-none-eabi/7.3.1/../../../../arm-none-eabi/lib/thumb/v7e-m/fpv4-sp/hard/libc_nano.a(lib_a-exit.o)
                0x000000001fffb568                exit
 .text.fprintf  0x000000001fffb590       0x24 /home/abhishek/udoo/udoo-neo_custom_linux/m4/gcc-arm-none-eabi-7-2018-q2-update-linux/gcc-arm-none-eabi-7-2018-q2-update/bin/../lib/gcc/arm-none-eabi/7.3.1/../../../../arm-none-eabi/lib/thumb/v7e-m/fpv4-sp/hard/libc_nano.a(lib_a-fprintf.o)
                0x000000001fffb590                fprintf
                0x000000001fffb590                fiprintf
 .text.__libc_init_array
                0x000000001fffb5b4       0x48 /home/abhishek/udoo/udoo-neo_custom_linux/m4/gcc-arm-none-eabi-7-2018-q2-update-linux/gcc-arm-none-eabi-7-2018-q2-update/bin/../lib/gcc/arm-none-eabi/7.3.1/../../../../arm-none-eabi/lib/thumb/v7e-m/fpv4-sp/hard/libc_nano.a(lib_a-init.o)
                0x000000001fffb5b4                __libc_init_array
 .text.memcpy   0x000000001fffb5fc       0x16 /home/abhishek/udoo/udoo-neo_custom_linux/m4/gcc-arm-none-eabi-7-2018-q2-update-linux/gcc-arm-none-eabi-7-2018-q2-update/bin/../lib/gcc/arm-none-eabi/7.3.1/../../../../arm-none-eabi/lib/thumb/v7e-m/fpv4-sp/hard/libc_nano.a(lib_a-memcpy-stub.o)
                0x000000001fffb5fc                memcpy
 .text.memset   0x000000001fffb612       0x10 /home/abhishek/udoo/udoo-neo_custom_linux/m4/gcc-arm-none-eabi-7-2018-q2-update-linux/gcc-arm-none-eabi-7-2018-q2-update/bin/../lib/gcc/arm-none-eabi/7.3.1/../../../../arm-none-eabi/lib/thumb/v7e-m/fpv4-sp/hard/libc_nano.a(lib_a-memset.o)
                0x000000001fffb612                memset
 .text.__sfputc_r
                0x000000001fffb622       0x2e /home/abhishek/udoo/udoo-neo_custom_linux/m4/gcc-arm-none-eabi-7-2018-q2-update-linux/gcc-arm-none-eabi-7-2018-q2-update/bin/../lib/gcc/arm-none-eabi/7.3.1/../../../../arm-none-eabi/lib/thumb/v7e-m/fpv4-sp/hard/libc_nano.a(lib_a-nano-vfprintf.o)
 .text.__sfputs_r
                0x000000001fffb650       0x24 /home/abhishek/udoo/udoo-neo_custom_linux/m4/gcc-arm-none-eabi-7-2018-q2-update-linux/gcc-arm-none-eabi-7-2018-q2-update/bin/../lib/gcc/arm-none-eabi/7.3.1/../../../../arm-none-eabi/lib/thumb/v7e-m/fpv4-sp/hard/libc_nano.a(lib_a-nano-vfprintf.o)
                0x000000001fffb650                __sfputs_r
 .text._vfprintf_r
                0x000000001fffb674      0x22c /home/abhishek/udoo/udoo-neo_custom_linux/m4/gcc-arm-none-eabi-7-2018-q2-update-linux/gcc-arm-none-eabi-7-2018-q2-update/bin/../lib/gcc/arm-none-eabi/7.3.1/../../../../arm-none-eabi/lib/thumb/v7e-m/fpv4-sp/hard/libc_nano.a(lib_a-nano-vfprintf.o)
                0x000000001fffb674                _vfiprintf_r
                0x000000001fffb674                _vfprintf_r
 .text._printf_common
                0x000000001fffb8a0       0xea /home/abhishek/udoo/udoo-neo_custom_linux/m4/gcc-arm-none-eabi-7-2018-q2-update-linux/gcc-arm-none-eabi-7-2018-q2-update/bin/../lib/gcc/arm-none-eabi/7.3.1/../../../../arm-none-eabi/lib/thumb/v7e-m/fpv4-sp/hard/libc_nano.a(lib_a-nano-vfprintf_i.o)
                0x000000001fffb8a0                _printf_common
 *fill*         0x000000001fffb98a        0x2 
 .text._printf_i
                0x000000001fffb98c      0x224 /home/abhishek/udoo/udoo-neo_custom_linux/m4/gcc-arm-none-eabi-7-2018-q2-update-linux/gcc-arm-none-eabi-7-2018-q2-update/bin/../lib/gcc/arm-none-eabi/7.3.1/../../../../arm-none-eabi/lib/thumb/v7e-m/fpv4-sp/hard/libc_nano.a(lib_a-nano-vfprintf_i.o)
                0x000000001fffb98c                _printf_i
 .text.strncmp  0x000000001fffbbb0       0x24 /home/abhishek/udoo/udoo-neo_custom_linux/m4/gcc-arm-none-eabi-7-2018-q2-update-linux/gcc-arm-none-eabi-7-2018-q2-update/bin/../lib/gcc/arm-none-eabi/7.3.1/../../../../arm-none-eabi/lib/thumb/v7e-m/fpv4-sp/hard/libc_nano.a(lib_a-strncmp.o)
                0x000000001fffbbb0                strncmp
 .text.strncpy  0x000000001fffbbd4       0x2a /home/abhishek/udoo/udoo-neo_custom_linux/m4/gcc-arm-none-eabi-7-2018-q2-update-linux/gcc-arm-none-eabi-7-2018-q2-update/bin/../lib/gcc/arm-none-eabi/7.3.1/../../../../arm-none-eabi/lib/thumb/v7e-m/fpv4-sp/hard/libc_nano.a(lib_a-strncpy.o)
                0x000000001fffbbd4                strncpy
 *fill*         0x000000001fffbbfe        0x2 
 .text.__swbuf_r
                0x000000001fffbc00       0xa4 /home/abhishek/udoo/udoo-neo_custom_linux/m4/gcc-arm-none-eabi-7-2018-q2-update-linux/gcc-arm-none-eabi-7-2018-q2-update/bin/../lib/gcc/arm-none-eabi/7.3.1/../../../../arm-none-eabi/lib/thumb/v7e-m/fpv4-sp/hard/libc_nano.a(lib_a-wbuf.o)
                0x000000001fffbc00                __swbuf_r
 .text.__swsetup_r
                0x000000001fffbca4       0xdc /home/abhishek/udoo/udoo-neo_custom_linux/m4/gcc-arm-none-eabi-7-2018-q2-update-linux/gcc-arm-none-eabi-7-2018-q2-update/bin/../lib/gcc/arm-none-eabi/7.3.1/../../../../arm-none-eabi/lib/thumb/v7e-m/fpv4-sp/hard/libc_nano.a(lib_a-wsetup.o)
                0x000000001fffbca4                __swsetup_r
 .text.abort    0x000000001fffbd80        0xe /home/abhishek/udoo/udoo-neo_custom_linux/m4/gcc-arm-none-eabi-7-2018-q2-update-linux/gcc-arm-none-eabi-7-2018-q2-update/bin/../lib/gcc/arm-none-eabi/7.3.1/../../../../arm-none-eabi/lib/thumb/v7e-m/fpv4-sp/hard/libc_nano.a(lib_a-abort.o)
                0x000000001fffbd80                abort
 *fill*         0x000000001fffbd8e        0x2 
 .text.__sflush_r
                0x000000001fffbd90      0x10c /home/abhishek/udoo/udoo-neo_custom_linux/m4/gcc-arm-none-eabi-7-2018-q2-update-linux/gcc-arm-none-eabi-7-2018-q2-update/bin/../lib/gcc/arm-none-eabi/7.3.1/../../../../arm-none-eabi/lib/thumb/v7e-m/fpv4-sp/hard/libc_nano.a(lib_a-fflush.o)
                0x000000001fffbd90                __sflush_r
 .text._fflush_r
                0x000000001fffbe9c       0x54 /home/abhishek/udoo/udoo-neo_custom_linux/m4/gcc-arm-none-eabi-7-2018-q2-update-linux/gcc-arm-none-eabi-7-2018-q2-update/bin/../lib/gcc/arm-none-eabi/7.3.1/../../../../arm-none-eabi/lib/thumb/v7e-m/fpv4-sp/hard/libc_nano.a(lib_a-fflush.o)
                0x000000001fffbe9c                _fflush_r
 .text.std      0x000000001fffbef0       0x48 /home/abhishek/udoo/udoo-neo_custom_linux/m4/gcc-arm-none-eabi-7-2018-q2-update-linux/gcc-arm-none-eabi-7-2018-q2-update/bin/../lib/gcc/arm-none-eabi/7.3.1/../../../../arm-none-eabi/lib/thumb/v7e-m/fpv4-sp/hard/libc_nano.a(lib_a-findfp.o)
 .text._cleanup_r
                0x000000001fffbf38        0xc /home/abhishek/udoo/udoo-neo_custom_linux/m4/gcc-arm-none-eabi-7-2018-q2-update-linux/gcc-arm-none-eabi-7-2018-q2-update/bin/../lib/gcc/arm-none-eabi/7.3.1/../../../../arm-none-eabi/lib/thumb/v7e-m/fpv4-sp/hard/libc_nano.a(lib_a-findfp.o)
                0x000000001fffbf38                _cleanup_r
 .text.__sfmoreglue
                0x000000001fffbf44       0x2c /home/abhishek/udoo/udoo-neo_custom_linux/m4/gcc-arm-none-eabi-7-2018-q2-update-linux/gcc-arm-none-eabi-7-2018-q2-update/bin/../lib/gcc/arm-none-eabi/7.3.1/../../../../arm-none-eabi/lib/thumb/v7e-m/fpv4-sp/hard/libc_nano.a(lib_a-findfp.o)
                0x000000001fffbf44                __sfmoreglue
 .text.__sinit  0x000000001fffbf70       0x60 /home/abhishek/udoo/udoo-neo_custom_linux/m4/gcc-arm-none-eabi-7-2018-q2-update-linux/gcc-arm-none-eabi-7-2018-q2-update/bin/../lib/gcc/arm-none-eabi/7.3.1/../../../../arm-none-eabi/lib/thumb/v7e-m/fpv4-sp/hard/libc_nano.a(lib_a-findfp.o)
                0x000000001fffbf70                __sinit
 .text.__sfp    0x000000001fffbfd0       0x78 /home/abhishek/udoo/udoo-neo_custom_linux/m4/gcc-arm-none-eabi-7-2018-q2-update-linux/gcc-arm-none-eabi-7-2018-q2-update/bin/../lib/gcc/arm-none-eabi/7.3.1/../../../../arm-none-eabi/lib/thumb/v7e-m/fpv4-sp/hard/libc_nano.a(lib_a-findfp.o)
                0x000000001fffbfd0                __sfp
 .text._fwalk_reent
                0x000000001fffc048       0x3c /home/abhishek/udoo/udoo-neo_custom_linux/m4/gcc-arm-none-eabi-7-2018-q2-update-linux/gcc-arm-none-eabi-7-2018-q2-update/bin/../lib/gcc/arm-none-eabi/7.3.1/../../../../arm-none-eabi/lib/thumb/v7e-m/fpv4-sp/hard/libc_nano.a(lib_a-fwalk.o)
                0x000000001fffc048                _fwalk_reent
 .text.__swhatbuf_r
                0x000000001fffc084       0x48 /home/abhishek/udoo/udoo-neo_custom_linux/m4/gcc-arm-none-eabi-7-2018-q2-update-linux/gcc-arm-none-eabi-7-2018-q2-update/bin/../lib/gcc/arm-none-eabi/7.3.1/../../../../arm-none-eabi/lib/thumb/v7e-m/fpv4-sp/hard/libc_nano.a(lib_a-makebuf.o)
                0x000000001fffc084                __swhatbuf_r
 .text.__smakebuf_r
                0x000000001fffc0cc       0x80 /home/abhishek/udoo/udoo-neo_custom_linux/m4/gcc-arm-none-eabi-7-2018-q2-update-linux/gcc-arm-none-eabi-7-2018-q2-update/bin/../lib/gcc/arm-none-eabi/7.3.1/../../../../arm-none-eabi/lib/thumb/v7e-m/fpv4-sp/hard/libc_nano.a(lib_a-makebuf.o)
                0x000000001fffc0cc                __smakebuf_r
 .text._free_r  0x000000001fffc14c       0x9c /home/abhishek/udoo/udoo-neo_custom_linux/m4/gcc-arm-none-eabi-7-2018-q2-update-linux/gcc-arm-none-eabi-7-2018-q2-update/bin/../lib/gcc/arm-none-eabi/7.3.1/../../../../arm-none-eabi/lib/thumb/v7e-m/fpv4-sp/hard/libc_nano.a(lib_a-nano-freer.o)
                0x000000001fffc14c                _free_r
 .text._malloc_r
                0x000000001fffc1e8       0xb4 /home/abhishek/udoo/udoo-neo_custom_linux/m4/gcc-arm-none-eabi-7-2018-q2-update-linux/gcc-arm-none-eabi-7-2018-q2-update/bin/../lib/gcc/arm-none-eabi/7.3.1/../../../../arm-none-eabi/lib/thumb/v7e-m/fpv4-sp/hard/libc_nano.a(lib_a-nano-mallocr.o)
                0x000000001fffc1e8                _malloc_r
 .text._sbrk_r  0x000000001fffc29c       0x20 /home/abhishek/udoo/udoo-neo_custom_linux/m4/gcc-arm-none-eabi-7-2018-q2-update-linux/gcc-arm-none-eabi-7-2018-q2-update/bin/../lib/gcc/arm-none-eabi/7.3.1/../../../../arm-none-eabi/lib/thumb/v7e-m/fpv4-sp/hard/libc_nano.a(lib_a-sbrkr.o)
                0x000000001fffc29c                _sbrk_r
 .text._raise_r
                0x000000001fffc2bc       0x50 /home/abhishek/udoo/udoo-neo_custom_linux/m4/gcc-arm-none-eabi-7-2018-q2-update-linux/gcc-arm-none-eabi-7-2018-q2-update/bin/../lib/gcc/arm-none-eabi/7.3.1/../../../../arm-none-eabi/lib/thumb/v7e-m/fpv4-sp/hard/libc_nano.a(lib_a-signal.o)
                0x000000001fffc2bc                _raise_r
 .text.raise    0x000000001fffc30c       0x10 /home/abhishek/udoo/udoo-neo_custom_linux/m4/gcc-arm-none-eabi-7-2018-q2-update-linux/gcc-arm-none-eabi-7-2018-q2-update/bin/../lib/gcc/arm-none-eabi/7.3.1/../../../../arm-none-eabi/lib/thumb/v7e-m/fpv4-sp/hard/libc_nano.a(lib_a-signal.o)
                0x000000001fffc30c                raise
 .text._kill_r  0x000000001fffc31c       0x24 /home/abhishek/udoo/udoo-neo_custom_linux/m4/gcc-arm-none-eabi-7-2018-q2-update-linux/gcc-arm-none-eabi-7-2018-q2-update/bin/../lib/gcc/arm-none-eabi/7.3.1/../../../../arm-none-eabi/lib/thumb/v7e-m/fpv4-sp/hard/libc_nano.a(lib_a-signalr.o)
                0x000000001fffc31c                _kill_r
 .text._getpid_r
                0x000000001fffc340        0x4 /home/abhishek/udoo/udoo-neo_custom_linux/m4/gcc-arm-none-eabi-7-2018-q2-update-linux/gcc-arm-none-eabi-7-2018-q2-update/bin/../lib/gcc/arm-none-eabi/7.3.1/../../../../arm-none-eabi/lib/thumb/v7e-m/fpv4-sp/hard/libc_nano.a(lib_a-signalr.o)
                0x000000001fffc340                _getpid_r
 .text.__sread  0x000000001fffc344       0x22 /home/abhishek/udoo/udoo-neo_custom_linux/m4/gcc-arm-none-eabi-7-2018-q2-update-linux/gcc-arm-none-eabi-7-2018-q2-update/bin/../lib/gcc/arm-none-eabi/7.3.1/../../../../arm-none-eabi/lib/thumb/v7e-m/fpv4-sp/hard/libc_nano.a(lib_a-stdio.o)
                0x000000001fffc344                __sread
 .text.__swrite
                0x000000001fffc366       0x38 /home/abhishek/udoo/udoo-neo_custom_linux/m4/gcc-arm-none-eabi-7-2018-q2-update-linux/gcc-arm-none-eabi-7-2018-q2-update/bin/../lib/gcc/arm-none-eabi/7.3.1/../../../../arm-none-eabi/lib/thumb/v7e-m/fpv4-sp/hard/libc_nano.a(lib_a-stdio.o)
                0x000000001fffc366                __swrite
 .text.__sseek  0x000000001fffc39e       0x24 /home/abhishek/udoo/udoo-neo_custom_linux/m4/gcc-arm-none-eabi-7-2018-q2-update-linux/gcc-arm-none-eabi-7-2018-q2-update/bin/../lib/gcc/arm-none-eabi/7.3.1/../../../../arm-none-eabi/lib/thumb/v7e-m/fpv4-sp/hard/libc_nano.a(lib_a-stdio.o)
                0x000000001fffc39e                __sseek
 .text.__sclose
                0x000000001fffc3c2        0x8 /home/abhishek/udoo/udoo-neo_custom_linux/m4/gcc-arm-none-eabi-7-2018-q2-update-linux/gcc-arm-none-eabi-7-2018-q2-update/bin/../lib/gcc/arm-none-eabi/7.3.1/../../../../arm-none-eabi/lib/thumb/v7e-m/fpv4-sp/hard/libc_nano.a(lib_a-stdio.o)
                0x000000001fffc3c2                __sclose
 *fill*         0x000000001fffc3ca        0x2 
 .text._write_r
                0x000000001fffc3cc       0x24 /home/abhishek/udoo/udoo-neo_custom_linux/m4/gcc-arm-none-eabi-7-2018-q2-update-linux/gcc-arm-none-eabi-7-2018-q2-update/bin/../lib/gcc/arm-none-eabi/7.3.1/../../../../arm-none-eabi/lib/thumb/v7e-m/fpv4-sp/hard/libc_nano.a(lib_a-writer.o)
                0x000000001fffc3cc                _write_r
 .text._close_r
                0x000000001fffc3f0       0x20 /home/abhishek/udoo/udoo-neo_custom_linux/m4/gcc-arm-none-eabi-7-2018-q2-update-linux/gcc-arm-none-eabi-7-2018-q2-update/bin/../lib/gcc/arm-none-eabi/7.3.1/../../../../arm-none-eabi/lib/thumb/v7e-m/fpv4-sp/hard/libc_nano.a(lib_a-closer.o)
                0x000000001fffc3f0                _close_r
 .text._fstat_r
                0x000000001fffc410       0x24 /home/abhishek/udoo/udoo-neo_custom_linux/m4/gcc-arm-none-eabi-7-2018-q2-update-linux/gcc-arm-none-eabi-7-2018-q2-update/bin/../lib/gcc/arm-none-eabi/7.3.1/../../../../arm-none-eabi/lib/thumb/v7e-m/fpv4-sp/hard/libc_nano.a(lib_a-fstatr.o)
                0x000000001fffc410                _fstat_r
 .text._isatty_r
                0x000000001fffc434       0x20 /home/abhishek/udoo/udoo-neo_custom_linux/m4/gcc-arm-none-eabi-7-2018-q2-update-linux/gcc-arm-none-eabi-7-2018-q2-update/bin/../lib/gcc/arm-none-eabi/7.3.1/../../../../arm-none-eabi/lib/thumb/v7e-m/fpv4-sp/hard/libc_nano.a(lib_a-isattyr.o)
                0x000000001fffc434                _isatty_r
 .text._lseek_r
                0x000000001fffc454       0x24 /home/abhishek/udoo/udoo-neo_custom_linux/m4/gcc-arm-none-eabi-7-2018-q2-update-linux/gcc-arm-none-eabi-7-2018-q2-update/bin/../lib/gcc/arm-none-eabi/7.3.1/../../../../arm-none-eabi/lib/thumb/v7e-m/fpv4-sp/hard/libc_nano.a(lib_a-lseekr.o)
                0x000000001fffc454                _lseek_r
 .text.__malloc_lock
                0x000000001fffc478        0x2 /home/abhishek/udoo/udoo-neo_custom_linux/m4/gcc-arm-none-eabi-7-2018-q2-update-linux/gcc-arm-none-eabi-7-2018-q2-update/bin/../lib/gcc/arm-none-eabi/7.3.1/../../../../arm-none-eabi/lib/thumb/v7e-m/fpv4-sp/hard/libc_nano.a(lib_a-mlock.o)
                0x000000001fffc478                __malloc_lock
 .text.__malloc_unlock
                0x000000001fffc47a        0x2 /home/abhishek/udoo/udoo-neo_custom_linux/m4/gcc-arm-none-eabi-7-2018-q2-update-linux/gcc-arm-none-eabi-7-2018-q2-update/bin/../lib/gcc/arm-none-eabi/7.3.1/../../../../arm-none-eabi/lib/thumb/v7e-m/fpv4-sp/hard/libc_nano.a(lib_a-mlock.o)
                0x000000001fffc47a                __malloc_unlock