Archive member included to satisfy reference by file (symbol)

/home/abhishek/udoo/udoo-neo_custom_linux/m4/gcc-arm-none-eabi-7-2018-q2-update-linux/gcc-arm-none-eabi-7-2018-q2-update/bin/../lib/gcc/arm-none-eabi/7.3.1/../../../../arm-none-eabi/lib/thumb/v7e-m/fpv4-sp/hard/libc_nano.a(lib_a-assert.o)
                              CMakeFiles/hello_world.dir/home/abhishek/udoo/udoo-neo_custom_linux/m4/FreeRTOS_BSP_1.0.1_iMX6SX/platform/drivers/src/uart_imx.c.obj (__assert_func)
/home/abhishek/udoo/udoo-neo_custom_linux/m4/gcc-arm-none-eabi-7-2018-q2-update-linux/gcc-arm-none-eabi-7-2018-q2-update/bin/../lib/gcc/arm-none-eabi/7.3.1/../../../../arm-none-eabi/lib/thumb/v7e-m/fpv4-sp/hard/libc_nano.a(lib_a-exit.o)
                              /home/abhishek/udoo/udoo-neo_custom_linux/m4/gcc-arm-none-eabi-7-2018-q2-update-linux/gcc-arm-none-eabi-7-2018-q2-update/bin/../lib/gcc/arm-none-eabi/7.3.1/../../../../arm-none-eabi/lib/thumb/v7e-m/fpv4-sp/hard/crt0.o (exit)
/home/abhishek/udoo/udoo-neo_custom_linux/m4/gcc-arm-none-eabi-7-2018-q2-update-linux/gcc-arm-none-eabi-7-2018-q2-update/bin/../lib/gcc/arm-none-eabi/7.3.1/../../../../arm-none-eabi/lib/thumb/v7e-m/fpv4-sp/hard/libc_nano.a(lib_a-fprintf.o)
                              /home/abhishek/udoo/udoo-neo_custom_linux/m4/gcc-arm-none-eabi-7-2018-q2-update-linux/gcc-arm-none-eabi-7-2018-q2-update/bin/../lib/gcc/arm-none-eabi/7.3.1/../../../../arm-none-eabi/lib/thumb/v7e-m/fpv4-sp/hard/libc_nano.a(lib_a-assert.o) (fiprintf)
/home/abhishek/udoo/udoo-neo_custom_linux/m4/gcc-arm-none-eabi-7-2018-q2-update-linux/gcc-arm-none-eabi-7-2018-q2-update/bin/../lib/gcc/arm-none-eabi/7.3.1/../../../../arm-none-eabi/lib/thumb/v7e-m/fpv4-sp/hard/libc_nano.a(lib_a-impure.o)
                              /home/abhishek/udoo/udoo-neo_custom_linux/m4/gcc-arm-none-eabi-7-2018-q2-update-linux/gcc-arm-none-eabi-7-2018-q2-update/bin/../lib/gcc/arm-none-eabi/7.3.1/../../../../arm-none-eabi/lib/thumb/v7e-m/fpv4-sp/hard/libc_nano.a(lib_a-exit.o) (_global_impure_ptr)
/home/abhishek/udoo/udoo-neo_custom_linux/m4/gcc-arm-none-eabi-7-2018-q2-update-linux/gcc-arm-none-eabi-7-2018-q2-update/bin/../lib/gcc/arm-none-eabi/7.3.1/../../../../arm-none-eabi/lib/thumb/v7e-m/fpv4-sp/hard/libc_nano.a(lib_a-init.o)
                              /home/abhishek/udoo/udoo-neo_custom_linux/m4/gcc-arm-none-eabi-7-2018-q2-update-linux/gcc-arm-none-eabi-7-2018-q2-update/bin/../lib/gcc/arm-none-eabi/7.3.1/../../../../arm-none-eabi/lib/thumb/v7e-m/fpv4-sp/hard/crt0.o (__libc_init_array)
/home/abhishek/udoo/udoo-neo_custom_linux/m4/gcc-arm-none-eabi-7-2018-q2-update-linux/gcc-arm-none-eabi-7-2018-q2-update/bin/../lib/gcc/arm-none-eabi/7.3.1/../../../../arm-none-eabi/lib/thumb/v7e-m/fpv4-sp/hard/libc_nano.a(lib_a-memcpy-stub.o)
                              CMakeFiles/hello_world.dir/home/abhishek/udoo/udoo-neo_custom_linux/m4/FreeRTOS_BSP_1.0.1_iMX6SX/rtos/FreeRTOS/Source/queue.c.obj (memcpy)
/home/abhishek/udoo/udoo-neo_custom_linux/m4/gcc-arm-none-eabi-7-2018-q2-update-linux/gcc-arm-none-eabi-7-2018-q2-update/bin/../lib/gcc/arm-none-eabi/7.3.1/../../../../arm-none-eabi/lib/thumb/v7e-m/fpv4-sp/hard/libc_nano.a(lib_a-memset.o)
                              /home/abhishek/udoo/udoo-neo_custom_linux/m4/gcc-arm-none-eabi-7-2018-q2-update-linux/gcc-arm-none-eabi-7-2018-q2-update/bin/../lib/gcc/arm-none-eabi/7.3.1/../../../../arm-none-eabi/lib/thumb/v7e-m/fpv4-sp/hard/crt0.o (memset)
/home/abhishek/udoo/udoo-neo_custom_linux/m4/gcc-arm-none-eabi-7-2018-q2-update-linux/gcc-arm-none-eabi-7-2018-q2-update/bin/../lib/gcc/arm-none-eabi/7.3.1/../../../../arm-none-eabi/lib/thumb/v7e-m/fpv4-sp/hard/libc_nano.a(lib_a-nano-vfprintf.o)
                              /home/abhishek/udoo/udoo-neo_custom_linux/m4/gcc-arm-none-eabi-7-2018-q2-update-linux/gcc-arm-none-eabi-7-2018-q2-update/bin/../lib/gcc/arm-none-eabi/7.3.1/../../../../arm-none-eabi/lib/thumb/v7e-m/fpv4-sp/hard/libc_nano.a(lib_a-fprintf.o) (_vfprintf_r)
/home/abhishek/udoo/udoo-neo_custom_linux/m4/gcc-arm-none-eabi-7-2018-q2-update-linux/gcc-arm-none-eabi-7-2018-q2-update/bin/../lib/gcc/arm-none-eabi/7.3.1/../../../../arm-none-eabi/lib/thumb/v7e-m/fpv4-sp/hard/libc_nano.a(lib_a-nano-vfprintf_i.o)
                              /home/abhishek/udoo/udoo-neo_custom_linux/m4/gcc-arm-none-eabi-7-2018-q2-update-linux/gcc-arm-none-eabi-7-2018-q2-update/bin/../lib/gcc/arm-none-eabi/7.3.1/../../../../arm-none-eabi/lib/thumb/v7e-m/fpv4-sp/hard/libc_nano.a(lib_a-nano-vfprintf.o) (_printf_i)
/home/abhishek/udoo/udoo-neo_custom_linux/m4/gcc-arm-none-eabi-7-2018-q2-update-linux/gcc-arm-none-eabi-7-2018-q2-update/bin/../lib/gcc/arm-none-eabi/7.3.1/../../../../arm-none-eabi/lib/thumb/v7e-m/fpv4-sp/hard/libc_nano.a(lib_a-strlen.o)
                              CMakeFiles/hello_world.dir/home/abhishek/udoo/udoo-neo_custom_linux/m4/FreeRTOS_BSP_1.0.1_iMX6SX/platform/utilities/src/print_scan.c.obj (strlen)
[...]
Memory Configuration

Name             Origin             Length             Attributes
m_interrupts     0x000000001fff8000 0x0000000000000240 xr
m_text           0x000000001fff8240 0x0000000000007dc0 xr
m_data           0x0000000020000000 0x0000000000008000 rw
*default*        0x0000000000000000 0xffffffffffffffff

Linker script and memory map

LOAD /home/abhishek/udoo/udoo-neo_custom_linux/m4/gcc-arm-none-eabi-7-2018-q2-update-linux/gcc-arm-none-eabi-7-2018-q2-update/bin/../lib/gcc/arm-none-eabi/7.3.1/thumb/v7e-m/fpv4-sp/hard/crti.o
LOAD /home/abhishek/udoo/udoo-neo_custom_linux/m4/gcc-arm-none-eabi-7-2018-q2-update-linux/gcc-arm-none-eabi-7-2018-q2-update/bin/../lib/gcc/arm-none-eabi/7.3.1/thumb/v7e-m/fpv4-sp/hard/crtbegin.o
LOAD /home/abhishek/udoo/udoo-neo_custom_linux/m4/gcc-arm-none-eabi-7-2018-q2-update-linux/gcc-arm-none-eabi-7-2018-q2-update/bin/../lib/gcc/arm-none-eabi/7.3.1/../../../../arm-none-eabi/lib/thumb/v7e-m/fpv4-sp/hard/crt0.o
LOAD /home/abhishek/udoo/udoo-neo_custom_linux/m4/gcc-arm-none-eabi-7-2018-q2-update-linux/gcc-arm-none-eabi-7-2018-q2-update/bin/../lib/gcc/arm-none-eabi/7.3.1/../../../../arm-none-eabi/lib/thumb/v7e-m/fpv4-sp/hard/libm.a
LOAD CMakeFiles/hello_world.dir/home/abhishek/udoo/udoo-neo_custom_linux/m4/FreeRTOS_BSP_1.0.1_iMX6SX/rtos/FreeRTOS/Source/portable/GCC/ARM_CM4F/port.c.obj
LOAD CMakeFiles/hello_world.dir/home/abhishek/udoo/udoo-neo_custom_linux/m4/FreeRTOS_BSP_1.0.1_iMX6SX/platform/devices/MCIMX6X/startup/gcc/startup_MCIMX6X_M4.S.obj
LOAD CMakeFiles/hello_world.dir/home/abhishek/udoo/udoo-neo_custom_linux/m4/FreeRTOS_BSP_1.0.1_iMX6SX/rtos/FreeRTOS/Source/portable/MemMang/heap_2.c.obj
LOAD CMakeFiles/hello_world.dir/home/abhishek/udoo/udoo-neo_custom_linux/m4/FreeRTOS_BSP_1.0.1_iMX6SX/examples/imx6sx_sdb_m4/demo_apps/hello_world/main.c.obj
LOAD CMakeFiles/hello_world.dir/home/abhishek/udoo/udoo-neo_custom_linux/m4/FreeRTOS_BSP_1.0.1_iMX6SX/platform/drivers/src/uart_imx.c.obj
LOAD CMakeFiles/hello_world.dir/home/abhishek/udoo/udoo-neo_custom_linux/m4/FreeRTOS_BSP_1.0.1_iMX6SX/rtos/FreeRTOS/Source/croutine.c.obj
LOAD CMakeFiles/hello_world.dir/home/abhishek/udoo/udoo-neo_custom_linux/m4/FreeRTOS_BSP_1.0.1_iMX6SX/rtos/FreeRTOS/Source/event_groups.c.obj
LOAD CMakeFiles/hello_world.dir/home/abhishek/udoo/udoo-neo_custom_linux/m4/FreeRTOS_BSP_1.0.1_iMX6SX/rtos/FreeRTOS/Source/list.c.obj
LOAD CMakeFiles/hello_world.dir/home/abhishek/udoo/udoo-neo_custom_linux/m4/FreeRTOS_BSP_1.0.1_iMX6SX/rtos/FreeRTOS/Source/queue.c.obj
LOAD CMakeFiles/hello_world.dir/home/abhishek/udoo/udoo-neo_custom_linux/m4/FreeRTOS_BSP_1.0.1_iMX6SX/rtos/FreeRTOS/Source/tasks.c.obj
LOAD CMakeFiles/hello_world.dir/home/abhishek/udoo/udoo-neo_custom_linux/m4/FreeRTOS_BSP_1.0.1_iMX6SX/rtos/FreeRTOS/Source/timers.c.obj
LOAD CMakeFiles/hello_world.dir/home/abhishek/udoo/udoo-neo_custom_linux/m4/FreeRTOS_BSP_1.0.1_iMX6SX/platform/drivers/src/ccm_analog_imx6sx.c.obj
LOAD CMakeFiles/hello_world.dir/home/abhishek/udoo/udoo-neo_custom_linux/m4/FreeRTOS_BSP_1.0.1_iMX6SX/platform/drivers/src/ccm_imx6sx.c.obj
LOAD CMakeFiles/hello_world.dir/home/abhishek/udoo/udoo-neo_custom_linux/m4/FreeRTOS_BSP_1.0.1_iMX6SX/platform/drivers/src/lmem.c.obj
LOAD CMakeFiles/hello_world.dir/home/abhishek/udoo/udoo-neo_custom_linux/m4/FreeRTOS_BSP_1.0.1_iMX6SX/platform/drivers/src/rdc.c.obj
LOAD CMakeFiles/hello_world.dir/home/abhishek/udoo/udoo-neo_custom_linux/m4/FreeRTOS_BSP_1.0.1_iMX6SX/platform/drivers/src/wdog_imx.c.obj
LOAD CMakeFiles/hello_world.dir/home/abhishek/udoo/udoo-neo_custom_linux/m4/FreeRTOS_BSP_1.0.1_iMX6SX/platform/utilities/src/debug_console_imx.c.obj
LOAD CMakeFiles/hello_world.dir/home/abhishek/udoo/udoo-neo_custom_linux/m4/FreeRTOS_BSP_1.0.1_iMX6SX/platform/utilities/src/print_scan.c.obj
LOAD CMakeFiles/hello_world.dir/home/abhishek/udoo/udoo-neo_custom_linux/m4/FreeRTOS_BSP_1.0.1_iMX6SX/platform/devices/MCIMX6X/startup/system_MCIMX6X_M4.c.obj
LOAD CMakeFiles/hello_world.dir/home/abhishek/udoo/udoo-neo_custom_linux/m4/FreeRTOS_BSP_1.0.1_iMX6SX/examples/imx6sx_sdb_m4/pin_mux.c.obj
LOAD CMakeFiles/hello_world.dir/home/abhishek/udoo/udoo-neo_custom_linux/m4/FreeRTOS_BSP_1.0.1_iMX6SX/examples/imx6sx_sdb_m4/board.c.obj
LOAD CMakeFiles/hello_world.dir/home/abhishek/udoo/udoo-neo_custom_linux/m4/FreeRTOS_BSP_1.0.1_iMX6SX/examples/imx6sx_sdb_m4/clock_freq.c.obj
LOAD CMakeFiles/hello_world.dir/home/abhishek/udoo/udoo-neo_custom_linux/m4/FreeRTOS_BSP_1.0.1_iMX6SX/examples/imx6sx_sdb_m4/demo_apps/hello_world/hardware_init.c.obj
START GROUP
LOAD /home/abhishek/udoo/udoo-neo_custom_linux/m4/gcc-arm-none-eabi-7-2018-q2-update-linux/gcc-arm-none-eabi-7-2018-q2-update/bin/../lib/gcc/arm-none-eabi/7.3.1/../../../../arm-none-eabi/lib/thumb/v7e-m/fpv4-sp/hard/libm.a
LOAD /home/abhishek/udoo/udoo-neo_custom_linux/m4/gcc-arm-none-eabi-7-2018-q2-update-linux/gcc-arm-none-eabi-7-2018-q2-update/bin/../lib/gcc/arm-none-eabi/7.3.1/../../../../arm-none-eabi/lib/thumb/v7e-m/fpv4-sp/hard/libc_nano.a
LOAD /home/abhishek/udoo/udoo-neo_custom_linux/m4/gcc-arm-none-eabi-7-2018-q2-update-linux/gcc-arm-none-eabi-7-2018-q2-update/bin/../lib/gcc/arm-none-eabi/7.3.1/thumb/v7e-m/fpv4-sp/hard/libgcc.a
LOAD /home/abhishek/udoo/udoo-neo_custom_linux/m4/gcc-arm-none-eabi-7-2018-q2-update-linux/gcc-arm-none-eabi-7-2018-q2-update/bin/../lib/gcc/arm-none-eabi/7.3.1/../../../../arm-none-eabi/lib/thumb/v7e-m/fpv4-sp/hard/libnosys.a
END GROUP
START GROUP
LOAD /home/abhishek/udoo/udoo-neo_custom_linux/m4/gcc-arm-none-eabi-7-2018-q2-update-linux/gcc-arm-none-eabi-7-2018-q2-update/bin/../lib/gcc/arm-none-eabi/7.3.1/thumb/v7e-m/fpv4-sp/hard/libgcc.a
LOAD /home/abhishek/udoo/udoo-neo_custom_linux/m4/gcc-arm-none-eabi-7-2018-q2-update-linux/gcc-arm-none-eabi-7-2018-q2-update/bin/../lib/gcc/arm-none-eabi/7.3.1/../../../../arm-none-eabi/lib/thumb/v7e-m/fpv4-sp/hard/libc_nano.a
END GROUP
START GROUP
LOAD /home/abhishek/udoo/udoo-neo_custom_linux/m4/gcc-arm-none-eabi-7-2018-q2-update-linux/gcc-arm-none-eabi-7-2018-q2-update/bin/../lib/gcc/arm-none-eabi/7.3.1/thumb/v7e-m/fpv4-sp/hard/libgcc.a
LOAD /home/abhishek/udoo/udoo-neo_custom_linux/m4/gcc-arm-none-eabi-7-2018-q2-update-linux/gcc-arm-none-eabi-7-2018-q2-update/bin/../lib/gcc/arm-none-eabi/7.3.1/../../../../arm-none-eabi/lib/thumb/v7e-m/fpv4-sp/hard/libc_nano.a
END GROUP
LOAD /home/abhishek/udoo/udoo-neo_custom_linux/m4/gcc-arm-none-eabi-7-2018-q2-update-linux/gcc-arm-none-eabi-7-2018-q2-update/bin/../lib/gcc/arm-none-eabi/7.3.1/thumb/v7e-m/fpv4-sp/hard/crtend.o
LOAD /home/abhishek/udoo/udoo-neo_custom_linux/m4/gcc-arm-none-eabi-7-2018-q2-update-linux/gcc-arm-none-eabi-7-2018-q2-update/bin/../lib/gcc/arm-none-eabi/7.3.1/thumb/v7e-m/fpv4-sp/hard/crtn.o
                0x0000000000000400                HEAP_SIZE = DEFINED (__heap_size__)?__heap_size__:0x400
                0x0000000000000400                STACK_SIZE = DEFINED (__stack_size__)?__stack_size__:0x400

.interrupts     0x000000001fff8000      0x240
                0x000000001fff8000                __VECTOR_TABLE = .
                0x000000001fff8000                . = ALIGN (0x4)
 *(.isr_vector)
 .isr_vector    0x000000001fff8000      0x240 CMakeFiles/hello_world.dir/home/abhishek/udoo/udoo-neo_custom_linux/m4/FreeRTOS_BSP_1.0.1_iMX6SX/platform/devices/MCIMX6X/startup/gcc/startup_MCIMX6X_M4.S.obj
                0x000000001fff8000                __isr_vector
                0x000000001fff8240                . = ALIGN (0x4)

.text           0x000000001fff8240     0x2e5c
                0x000000001fff8240                . = ALIGN (0x4)
 *(.text)
 .text          0x000000001fff8240       0x40 /home/abhishek/udoo/udoo-neo_custom_linux/m4/gcc-arm-none-eabi-7-2018-q2-update-linux/gcc-arm-none-eabi-7-2018-q2-update/bin/../lib/gcc/arm-none-eabi/7.3.1/thumb/v7e-m/fpv4-sp/hard/crtbegin.o
 .text          0x000000001fff8280       0x74 /home/abhishek/udoo/udoo-neo_custom_linux/m4/gcc-arm-none-eabi-7-2018-q2-update-linux/gcc-arm-none-eabi-7-2018-q2-update/bin/../lib/gcc/arm-none-eabi/7.3.1/../../../../arm-none-eabi/lib/thumb/v7e-m/fpv4-sp/hard/crt0.o
                0x000000001fff8280                _mainCRTStartup
                0x000000001fff8280                _start
 .text          0x000000001fff82f4       0x30 CMakeFiles/hello_world.dir/home/abhishek/udoo/udoo-neo_custom_linux/m4/FreeRTOS_BSP_1.0.1_iMX6SX/platform/devices/MCIMX6X/startup/gcc/startup_MCIMX6X_M4.S.obj
                0x000000001fff82f4                Reset_Handler
                0x000000001fff8320                GPIO6_Combined_0_15_Handler
                0x000000001fff8320                DebugMon_Handler
                0x000000001fff8320                eCSPI4_Handler
                0x000000001fff8320                FLEXCAN1_Handler
                0x000000001fff8320                UART3_Handler
                0x000000001fff8320                SNVS_Consolidated_Handler
                0x000000001fff8320                UART2_Handler
                0x000000001fff8320                GPIO1_INT3_Handler
                0x000000001fff8320                HardFault_Handler
                0x000000001fff8320                QSPI1_Handler
                0x000000001fff8320                SRC_Handler
                0x000000001fff8320                CCM2_Handler
                0x000000001fff8320                I2C1_Handler
                0x000000001fff8320                NMI_Handler
                0x000000001fff8320                SAI1_Handler
                0x000000001fff8320                KPP_Handler
                0x000000001fff8320                USB_OTG1_Handler
                0x000000001fff8320                CPU_Perfomance_Handler
                0x000000001fff8320                ENET1_Timer_Handler
                0x000000001fff8320                MLB_Channels_31_0_Handler
                0x000000001fff8320                LCDIF2_Handler
                0x000000001fff8320                PWM2_PWM6_Handler
                0x000000001fff8320                EPIT2_Handler
                0x000000001fff8320                SSI1_Handler
                0x000000001fff8320                Reserved129_Handler
                0x000000001fff8320                uSDHC2_Handler
                0x000000001fff8320                GPIO1_INT6_Handler
                0x000000001fff8320                CORTEX_M4_Handler
                0x000000001fff8320                DCIC1_Handler
                0x000000001fff8320                GPIO2_Combined_0_15_Handler
                0x000000001fff8320                RDC_Handler
                0x000000001fff8320                PXP_Handler
                0x000000001fff8320                GPIO3_Combined_16_31_Handler
                0x000000001fff8320                CCM1_Handler
                0x000000001fff8320                Reserved19_Handler
                0x000000001fff8320                UsageFault_Handler
                0x000000001fff8320                ADC1_Handler
                0x000000001fff8320                CPU_CTI_Trigger_Handler
                0x000000001fff8320                GPIO1_INT0_Handler
                0x000000001fff8320                PCIe4_Handler
                0x000000001fff8320                DefaultISR
                0x000000001fff8320                WDOG3_Handler
                0x000000001fff8320                SAI2_Handler
                0x000000001fff8320                PWM3_PWM7_Handler
                0x000000001fff8320                ENET2_Timer_Handler
                0x000000001fff8320                eCSPI1_Handler
                0x000000001fff8320                CSI1_Handler
                0x000000001fff8320                SJC_Handler
                0x000000001fff8320                GPC_Handler
                0x000000001fff8320                MLB_Error_Handler
                0x000000001fff8320                PWM1_PWM5_Handler
                0x000000001fff8320                Reserved128_Handler
                0x000000001fff8320                SRC_WDOG_Handler
                0x000000001fff8320                UART1_Handler
                0x000000001fff8320                SSI2_Handler
                0x000000001fff8320                eCSPI3_Handler
                0x000000001fff8320                BCH_Handler
                0x000000001fff8320                PMU_BrownOutCore_Handler
                0x000000001fff8320                CAAM0_Handler
                0x000000001fff8320                ASRC_Handler
                0x000000001fff8320                CPU_L2_Handler
                0x000000001fff8320                USB_HISC_Handler
                0x000000001fff8320                LCDIF1_Handler
                0x000000001fff8320                GPIO4_Combined_16_31_Handler
                0x000000001fff8320                GPMI_Handler
                0x000000001fff8320                GPIO5_Combined_0_15_Handler
                0x000000001fff8320                SSI3_Handler
                0x000000001fff8320                I2C4_Handler
                0x000000001fff8320                CANFD1_Handler
                0x000000001fff8320                Reserved25_Handler
                0x000000001fff8320                TZASC_Handler
                0x000000001fff8320                UART4_Handler
                0x000000001fff8320                GPIO1_INT1_Handler
                0x000000001fff8320                uSDHC3_Handler
                0x000000001fff8320                EIM_Handler
                0x000000001fff8320                UART6_Handler
                0x000000001fff8320                PCIe2_Handler
                0x000000001fff8320                GPIO1_INT4_Handler
                0x000000001fff8320                MLB_Channels_63_32_Handler
                0x000000001fff8320                GPIO7_Combined_16_31_Handler
                0x000000001fff8320                GPIO6_Combined_16_31_Handler
                0x000000001fff8320                GPIO2_Combined_16_31_Handler
                0x000000001fff8320                DCIC2_Handler
                0x000000001fff8320                PWM4_PWM8_Handler
                0x000000001fff8320                uSDHC1_Handler
                0x000000001fff8320                QSPI2_Handler
                0x000000001fff8320                CPU_Parity_Handler
                0x000000001fff8320                SDMA_Handler
                0x000000001fff8320                ENET2_Handler
                0x000000001fff8320                MemManage_Handler
                0x000000001fff8320                I2C2_Handler
                0x000000001fff8320                GPIO5_Combined_16_31_Handler
                0x000000001fff8320                MU_A9_Handler
                0x000000001fff8320                DAP_Handler
                0x000000001fff8320                CSI2_Handler
                0x000000001fff8320                eCSPI2_Handler
                0x000000001fff8320                WDOG2_Handler
                0x000000001fff8320                FLEXCAN2_Handler
                0x000000001fff8320                SEMA4_CP0_Handler
                0x000000001fff8320                USB_PHY_UTMI1_Handler
                0x000000001fff8320                GPT_Handler
                0x000000001fff8320                GPIO7_Combined_0_15_Handler
                0x000000001fff8320                APBH_DMA_Handler
                0x000000001fff8320                SEMA4_CP1_Handler
                0x000000001fff8320                PCIe3_Handler
                0x000000001fff8320                GPIO1_INT5_Handler
                0x000000001fff8320                SNVS_Security_Handler
                0x000000001fff8320                GPIO1_Combined_0_15_Handler
                0x000000001fff8320                GPIO1_INT2_Handler
                0x000000001fff8320                UART5_Handler
                0x000000001fff8320                PCIe1_Handler
                0x000000001fff8320                GPIO1_INT7_Handler
                0x000000001fff8320                I2C3_Handler
                0x000000001fff8320                eCSPI5_Handler
                0x000000001fff8320                uSDHC4_Handler
                0x000000001fff8320                CSU_Handler
                0x000000001fff8320                GPU_Handler
                0x000000001fff8320                GPIO4_Combined_0_15_Handler
                0x000000001fff8320                EPIT1_Handler
                0x000000001fff8320                CAAM1_Handler
                0x000000001fff8320                GPIO1_Combined_16_31_Handler
                0x000000001fff8320                CANFD2_Handler
                0x000000001fff8320                USB_OTG2_Handler
                0x000000001fff8320                SPDIF_Handler
                0x000000001fff8320                GPIO3_Combined_0_15_Handler
                0x000000001fff8320                BusFault_Handler
                0x000000001fff8320                MU_M4_Handler
                0x000000001fff8320                SNVS_PMIC_Handler
                0x000000001fff8320                USB_PHY_UTMI0_Handler
                0x000000001fff8320                ESAI_Handler
                0x000000001fff8320                PMU_BrownOut_Handler
                0x000000001fff8320                TEMPMON_Handler
                0x000000001fff8320                WDOG1_Handler
                0x000000001fff8320                ADC2_Handler
                0x000000001fff8320                ENET1_Handler
 .text          0x000000001fff8324       0x10 /home/abhishek/udoo/udoo-neo_custom_linux/m4/gcc-arm-none-eabi-7-2018-q2-update-linux/gcc-arm-none-eabi-7-2018-q2-update/bin/../lib/gcc/arm-none-eabi/7.3.1/../../../../arm-none-eabi/lib/thumb/v7e-m/fpv4-sp/hard/libc_nano.a(lib_a-strlen.o)
                0x000000001fff8324                strlen
 *fill*         0x000000001fff8334        0xc 
 .text          0x000000001fff8340       0xa0 /home/abhishek/udoo/udoo-neo_custom_linux/m4/gcc-arm-none-eabi-7-2018-q2-update-linux/gcc-arm-none-eabi-7-2018-q2-update/bin/../lib/gcc/arm-none-eabi/7.3.1/../../../../arm-none-eabi/lib/thumb/v7e-m/fpv4-sp/hard/libc_nano.a(lib_a-memchr.o)
                0x000000001fff8340                memchr
 *(.text*)
 .text.prvPortStartFirstTask
                0x000000001fff83e0       0x1c CMakeFiles/hello_world.dir/home/abhishek/udoo/udoo-neo_custom_linux/m4/FreeRTOS_BSP_1.0.1_iMX6SX/rtos/FreeRTOS/Source/portable/GCC/ARM_CM4F/port.c.obj
 .text.vPortEnableVFP
                0x000000001fff83fc       0x14 CMakeFiles/hello_world.dir/home/abhishek/udoo/udoo-neo_custom_linux/m4/FreeRTOS_BSP_1.0.1_iMX6SX/rtos/FreeRTOS/Source/portable/GCC/ARM_CM4F/port.c.obj
 .text.pxPortInitialiseStack
                0x000000001fff8410       0x24 CMakeFiles/hello_world.dir/home/abhishek/udoo/udoo-neo_custom_linux/m4/FreeRTOS_BSP_1.0.1_iMX6SX/rtos/FreeRTOS/Source/portable/GCC/ARM_CM4F/port.c.obj
                0x000000001fff8410                pxPortInitialiseStack
 .text.SVC_Handler
                0x000000001fff8434       0x20 CMakeFiles/hello_world.dir/home/abhishek/udoo/udoo-neo_custom_linux/m4/FreeRTOS_BSP_1.0.1_iMX6SX/rtos/FreeRTOS/Source/portable/GCC/ARM_CM4F/port.c.obj
                0x000000001fff8434                SVC_Handler
 .text.vPortYield
                0x000000001fff8454       0x18 CMakeFiles/hello_world.dir/home/abhishek/udoo/udoo-neo_custom_linux/m4/FreeRTOS_BSP_1.0.1_iMX6SX/rtos/FreeRTOS/Source/portable/GCC/ARM_CM4F/port.c.obj
                0x000000001fff8454                vPortYield
 .text.ulPortSetInterruptMask
                0x000000001fff846c       0x10 CMakeFiles/hello_world.dir/home/abhishek/udoo/udoo-neo_custom_linux/m4/FreeRTOS_BSP_1.0.1_iMX6SX/rtos/FreeRTOS/Source/portable/GCC/ARM_CM4F/port.c.obj
                0x000000001fff846c                ulPortSetInterruptMask
 .text.prvTaskExitError
                0x000000001fff847c       0x1c CMakeFiles/hello_world.dir/home/abhishek/udoo/udoo-neo_custom_linux/m4/FreeRTOS_BSP_1.0.1_iMX6SX/rtos/FreeRTOS/Source/portable/GCC/ARM_CM4F/port.c.obj
 .text.vPortEnterCritical
                0x000000001fff8498       0x1c CMakeFiles/hello_world.dir/home/abhishek/udoo/udoo-neo_custom_linux/m4/FreeRTOS_BSP_1.0.1_iMX6SX/rtos/FreeRTOS/Source/portable/GCC/ARM_CM4F/port.c.obj
                0x000000001fff8498                vPortEnterCritical
 .text.vPortClearInterruptMask
                0x000000001fff84b4        0x6 CMakeFiles/hello_world.dir/home/abhishek/udoo/udoo-neo_custom_linux/m4/FreeRTOS_BSP_1.0.1_iMX6SX/rtos/FreeRTOS/Source/portable/GCC/ARM_CM4F/port.c.obj
                0x000000001fff84b4                vPortClearInterruptMask
 *fill*         0x000000001fff84ba        0x2 
 .text.vPortExitCritical
                0x000000001fff84bc       0x24 CMakeFiles/hello_world.dir/home/abhishek/udoo/udoo-neo_custom_linux/m4/FreeRTOS_BSP_1.0.1_iMX6SX/rtos/FreeRTOS/Source/portable/GCC/ARM_CM4F/port.c.obj
                0x000000001fff84bc                vPortExitCritical
 .text.PendSV_Handler
                0x000000001fff84e0       0x58 CMakeFiles/hello_world.dir/home/abhishek/udoo/udoo-neo_custom_linux/m4/FreeRTOS_BSP_1.0.1_iMX6SX/rtos/FreeRTOS/Source/portable/GCC/ARM_CM4F/port.c.obj
                0x000000001fff84e0                PendSV_Handler
 .text.SysTick_Handler
                0x000000001fff8538       0x24 CMakeFiles/hello_world.dir/home/abhishek/udoo/udoo-neo_custom_linux/m4/FreeRTOS_BSP_1.0.1_iMX6SX/rtos/FreeRTOS/Source/portable/GCC/ARM_CM4F/port.c.obj
                0x000000001fff8538                SysTick_Handler
 .text.vPortSetupTimerInterrupt
                0x000000001fff855c       0x18 CMakeFiles/hello_world.dir/home/abhishek/udoo/udoo-neo_custom_linux/m4/FreeRTOS_BSP_1.0.1_iMX6SX/rtos/FreeRTOS/Source/portable/GCC/ARM_CM4F/port.c.obj
                0x000000001fff855c                vPortSetupTimerInterrupt
 .text.xPortStartScheduler
                0x000000001fff8574       0xa8 CMakeFiles/hello_world.dir/home/abhishek/udoo/udoo-neo_custom_linux/m4/FreeRTOS_BSP_1.0.1_iMX6SX/rtos/FreeRTOS/Source/portable/GCC/ARM_CM4F/port.c.obj
                0x000000001fff8574                xPortStartScheduler
 .text.vPortValidateInterruptPriority
                0x000000001fff861c       0x44 CMakeFiles/hello_world.dir/home/abhishek/udoo/udoo-neo_custom_linux/m4/FreeRTOS_BSP_1.0.1_iMX6SX/rtos/FreeRTOS/Source/portable/GCC/ARM_CM4F/port.c.obj
                0x000000001fff861c                vPortValidateInterruptPriority
 .text.pvPortMalloc
                0x000000001fff8660       0xb4 CMakeFiles/hello_world.dir/home/abhishek/udoo/udoo-neo_custom_linux/m4/FreeRTOS_BSP_1.0.1_iMX6SX/rtos/FreeRTOS/Source/portable/MemMang/heap_2.c.obj
                0x000000001fff8660                pvPortMalloc
 .text.vPortFree
                0x000000001fff8714       0x40 CMakeFiles/hello_world.dir/home/abhishek/udoo/udoo-neo_custom_linux/m4/FreeRTOS_BSP_1.0.1_iMX6SX/rtos/FreeRTOS/Source/portable/MemMang/heap_2.c.obj
                0x000000001fff8714                vPortFree
 .text.HelloTask
                0x000000001fff8754       0x18 CMakeFiles/hello_world.dir/home/abhishek/udoo/udoo-neo_custom_linux/m4/FreeRTOS_BSP_1.0.1_iMX6SX/examples/imx6sx_sdb_m4/demo_apps/hello_world/main.c.obj
                0x000000001fff8754                HelloTask
 .text.startup.main
                0x000000001fff876c       0x2c CMakeFiles/hello_world.dir/home/abhishek/udoo/udoo-neo_custom_linux/m4/FreeRTOS_BSP_1.0.1_iMX6SX/examples/imx6sx_sdb_m4/demo_apps/hello_world/main.c.obj
                0x000000001fff876c                main
 .text.UART_Deinit
                0x000000001fff8798       0x5e CMakeFiles/hello_world.dir/home/abhishek/udoo/udoo-neo_custom_linux/m4/FreeRTOS_BSP_1.0.1_iMX6SX/platform/drivers/src/uart_imx.c.obj
                0x000000001fff8798                UART_Deinit
 *fill*         0x000000001fff87f6        0x2 
 .text.UART_SetBaudRate
                0x000000001fff87f8       0xcc CMakeFiles/hello_world.dir/home/abhishek/udoo/udoo-neo_custom_linux/m4/FreeRTOS_BSP_1.0.1_iMX6SX/platform/drivers/src/uart_imx.c.obj
                0x000000001fff87f8                UART_SetBaudRate
 .text.UART_Init
                0x000000001fff88c4       0x60 CMakeFiles/hello_world.dir/home/abhishek/udoo/udoo-neo_custom_linux/m4/FreeRTOS_BSP_1.0.1_iMX6SX/platform/drivers/src/uart_imx.c.obj
                0x000000001fff88c4                UART_Init
 .text.UART_GetStatusFlag
                0x000000001fff8924        0xe CMakeFiles/hello_world.dir/home/abhishek/udoo/udoo-neo_custom_linux/m4/FreeRTOS_BSP_1.0.1_iMX6SX/platform/drivers/src/uart_imx.c.obj
                0x000000001fff8924                UART_GetStatusFlag
 .text.vListInitialise
                0x000000001fff8932       0x16 CMakeFiles/hello_world.dir/home/abhishek/udoo/udoo-neo_custom_linux/m4/FreeRTOS_BSP_1.0.1_iMX6SX/rtos/FreeRTOS/Source/list.c.obj
                0x000000001fff8932                vListInitialise
 .text.vListInitialiseItem
                0x000000001fff8948        0x6 CMakeFiles/hello_world.dir/home/abhishek/udoo/udoo-neo_custom_linux/m4/FreeRTOS_BSP_1.0.1_iMX6SX/rtos/FreeRTOS/Source/list.c.obj
                0x000000001fff8948                vListInitialiseItem
 .text.vListInsertEnd
                0x000000001fff894e       0x18 CMakeFiles/hello_world.dir/home/abhishek/udoo/udoo-neo_custom_linux/m4/FreeRTOS_BSP_1.0.1_iMX6SX/rtos/FreeRTOS/Source/list.c.obj
                0x000000001fff894e                vListInsertEnd
 .text.vListInsert
                0x000000001fff8966       0x2e CMakeFiles/hello_world.dir/home/abhishek/udoo/udoo-neo_custom_linux/m4/FreeRTOS_BSP_1.0.1_iMX6SX/rtos/FreeRTOS/Source/list.c.obj
                0x000000001fff8966                vListInsert
 .text.uxListRemove
                0x000000001fff8994       0x20 CMakeFiles/hello_world.dir/home/abhishek/udoo/udoo-neo_custom_linux/m4/FreeRTOS_BSP_1.0.1_iMX6SX/rtos/FreeRTOS/Source/list.c.obj
                0x000000001fff8994                uxListRemove
 .text.prvCopyDataToQueue
                0x000000001fff89b4       0x5a CMakeFiles/hello_world.dir/home/abhishek/udoo/udoo-neo_custom_linux/m4/FreeRTOS_BSP_1.0.1_iMX6SX/rtos/FreeRTOS/Source/queue.c.obj
 .text.prvCopyDataFromQueue
                0x000000001fff8a0e       0x26 CMakeFiles/hello_world.dir/home/abhishek/udoo/udoo-neo_custom_linux/m4/FreeRTOS_BSP_1.0.1_iMX6SX/rtos/FreeRTOS/Source/queue.c.obj
 .text.prvUnlockQueue
                0x000000001fff8a34       0x6c CMakeFiles/hello_world.dir/home/abhishek/udoo/udoo-neo_custom_linux/m4/FreeRTOS_BSP_1.0.1_iMX6SX/rtos/FreeRTOS/Source/queue.c.obj
 .text.xQueueGenericReset
                0x000000001fff8aa0       0x62 CMakeFiles/hello_world.dir/home/abhishek/udoo/udoo-neo_custom_linux/m4/FreeRTOS_BSP_1.0.1_iMX6SX/rtos/FreeRTOS/Source/queue.c.obj
                0x000000001fff8aa0                xQueueGenericReset
 .text.xQueueGenericCreate
                0x000000001fff8b02       0x3c CMakeFiles/hello_world.dir/home/abhishek/udoo/udoo-neo_custom_linux/m4/FreeRTOS_BSP_1.0.1_iMX6SX/rtos/FreeRTOS/Source/queue.c.obj
                0x000000001fff8b02                xQueueGenericCreate
 .text.xQueueGenericSend
                0x000000001fff8b3e      0x110 CMakeFiles/hello_world.dir/home/abhishek/udoo/udoo-neo_custom_linux/m4/FreeRTOS_BSP_1.0.1_iMX6SX/rtos/FreeRTOS/Source/queue.c.obj
                0x000000001fff8b3e                xQueueGenericSend
 .text.xQueueGenericSendFromISR
                0x000000001fff8c4e       0x8a CMakeFiles/hello_world.dir/home/abhishek/udoo/udoo-neo_custom_linux/m4/FreeRTOS_BSP_1.0.1_iMX6SX/rtos/FreeRTOS/Source/queue.c.obj
                0x000000001fff8c4e                xQueueGenericSendFromISR
 .text.xQueueGenericReceive
                0x000000001fff8cd8      0x118 CMakeFiles/hello_world.dir/home/abhishek/udoo/udoo-neo_custom_linux/m4/FreeRTOS_BSP_1.0.1_iMX6SX/rtos/FreeRTOS/Source/queue.c.obj
                0x000000001fff8cd8                xQueueGenericReceive
 .text.vQueueAddToRegistry
                0x000000001fff8df0       0x24 CMakeFiles/hello_world.dir/home/abhishek/udoo/udoo-neo_custom_linux/m4/FreeRTOS_BSP_1.0.1_iMX6SX/rtos/FreeRTOS/Source/queue.c.obj
                0x000000001fff8df0                vQueueAddToRegistry
 .text.vQueueWaitForMessageRestricted
                0x000000001fff8e14       0x3a CMakeFiles/hello_world.dir/home/abhishek/udoo/udoo-neo_custom_linux/m4/FreeRTOS_BSP_1.0.1_iMX6SX/rtos/FreeRTOS/Source/queue.c.obj
                0x000000001fff8e14                vQueueWaitForMessageRestricted
 .text.prvIdleTask
                0x000000001fff8e4e        0x2 CMakeFiles/hello_world.dir/home/abhishek/udoo/udoo-neo_custom_linux/m4/FreeRTOS_BSP_1.0.1_iMX6SX/rtos/FreeRTOS/Source/tasks.c.obj
 .text.prvResetNextTaskUnblockTime
                0x000000001fff8e50       0x24 CMakeFiles/hello_world.dir/home/abhishek/udoo/udoo-neo_custom_linux/m4/FreeRTOS_BSP_1.0.1_iMX6SX/rtos/FreeRTOS/Source/tasks.c.obj
 .text.prvAddCurrentTaskToDelayedList
                0x000000001fff8e74       0x50 CMakeFiles/hello_world.dir/home/abhishek/udoo/udoo-neo_custom_linux/m4/FreeRTOS_BSP_1.0.1_iMX6SX/rtos/FreeRTOS/Source/tasks.c.obj
 .text.xTaskGenericCreate
                0x000000001fff8ec4      0x1a4 CMakeFiles/hello_world.dir/home/abhishek/udoo/udoo-neo_custom_linux/m4/FreeRTOS_BSP_1.0.1_iMX6SX/rtos/FreeRTOS/Source/tasks.c.obj
                0x000000001fff8ec4                xTaskGenericCreate
 .text.vTaskStartScheduler
                0x000000001fff9068       0x5c CMakeFiles/hello_world.dir/home/abhishek/udoo/udoo-neo_custom_linux/m4/FreeRTOS_BSP_1.0.1_iMX6SX/rtos/FreeRTOS/Source/tasks.c.obj
                0x000000001fff9068                vTaskStartScheduler
 .text.vTaskSuspendAll
                0x000000001fff90c4       0x10 CMakeFiles/hello_world.dir/home/abhishek/udoo/udoo-neo_custom_linux/m4/FreeRTOS_BSP_1.0.1_iMX6SX/rtos/FreeRTOS/Source/tasks.c.obj
                0x000000001fff90c4                vTaskSuspendAll
 .text.xTaskGetTickCount
                0x000000001fff90d4       0x18 CMakeFiles/hello_world.dir/home/abhishek/udoo/udoo-neo_custom_linux/m4/FreeRTOS_BSP_1.0.1_iMX6SX/rtos/FreeRTOS/Source/tasks.c.obj
                0x000000001fff90d4                xTaskGetTickCount
 .text.xTaskIncrementTick
                0x000000001fff90ec      0x118 CMakeFiles/hello_world.dir/home/abhishek/udoo/udoo-neo_custom_linux/m4/FreeRTOS_BSP_1.0.1_iMX6SX/rtos/FreeRTOS/Source/tasks.c.obj
                0x000000001fff90ec                xTaskIncrementTick
 .text.xTaskResumeAll
                0x000000001fff9204       0xc8 CMakeFiles/hello_world.dir/home/abhishek/udoo/udoo-neo_custom_linux/m4/FreeRTOS_BSP_1.0.1_iMX6SX/rtos/FreeRTOS/Source/tasks.c.obj
                0x000000001fff9204                xTaskResumeAll
 .text.vTaskSwitchContext
                0x000000001fff92cc       0x70 CMakeFiles/hello_world.dir/home/abhishek/udoo/udoo-neo_custom_linux/m4/FreeRTOS_BSP_1.0.1_iMX6SX/rtos/FreeRTOS/Source/tasks.c.obj
                0x000000001fff92cc                vTaskSwitchContext
 .text.vTaskPlaceOnEventList
                0x000000001fff933c       0x4c CMakeFiles/hello_world.dir/home/abhishek/udoo/udoo-neo_custom_linux/m4/FreeRTOS_BSP_1.0.1_iMX6SX/rtos/FreeRTOS/Source/tasks.c.obj
                0x000000001fff933c                vTaskPlaceOnEventList
 .text.vTaskPlaceOnEventListRestricted
                0x000000001fff9388       0x34 CMakeFiles/hello_world.dir/home/abhishek/udoo/udoo-neo_custom_linux/m4/FreeRTOS_BSP_1.0.1_iMX6SX/rtos/FreeRTOS/Source/tasks.c.obj
                0x000000001fff9388                vTaskPlaceOnEventListRestricted
 .text.xTaskRemoveFromEventList
                0x000000001fff93bc       0x74 CMakeFiles/hello_world.dir/home/abhishek/udoo/udoo-neo_custom_linux/m4/FreeRTOS_BSP_1.0.1_iMX6SX/rtos/FreeRTOS/Source/tasks.c.obj
                0x000000001fff93bc                xTaskRemoveFromEventList
 .text.vTaskSetTimeOutState
                0x000000001fff9430       0x20 CMakeFiles/hello_world.dir/home/abhishek/udoo/udoo-neo_custom_linux/m4/FreeRTOS_BSP_1.0.1_iMX6SX/rtos/FreeRTOS/Source/tasks.c.obj
                0x000000001fff9430                vTaskSetTimeOutState
 .text.xTaskCheckForTimeOut
                0x000000001fff9450       0x5c CMakeFiles/hello_world.dir/home/abhishek/udoo/udoo-neo_custom_linux/m4/FreeRTOS_BSP_1.0.1_iMX6SX/rtos/FreeRTOS/Source/tasks.c.obj
                0x000000001fff9450                xTaskCheckForTimeOut
 .text.vTaskMissedYield
                0x000000001fff94ac        0xc CMakeFiles/hello_world.dir/home/abhishek/udoo/udoo-neo_custom_linux/m4/FreeRTOS_BSP_1.0.1_iMX6SX/rtos/FreeRTOS/Source/tasks.c.obj
                0x000000001fff94ac                vTaskMissedYield
 .text.xTaskGetSchedulerState
                0x000000001fff94b8       0x20 CMakeFiles/hello_world.dir/home/abhishek/udoo/udoo-neo_custom_linux/m4/FreeRTOS_BSP_1.0.1_iMX6SX/rtos/FreeRTOS/Source/tasks.c.obj
                0x000000001fff94b8                xTaskGetSchedulerState
 .text.prvCheckForValidListAndQueue
                0x000000001fff94d8       0x60 CMakeFiles/hello_world.dir/home/abhishek/udoo/udoo-neo_custom_linux/m4/FreeRTOS_BSP_1.0.1_iMX6SX/rtos/FreeRTOS/Source/timers.c.obj
 .text.prvInsertTimerInActiveList
                0x000000001fff9538       0x3c CMakeFiles/hello_world.dir/home/abhishek/udoo/udoo-neo_custom_linux/m4/FreeRTOS_BSP_1.0.1_iMX6SX/rtos/FreeRTOS/Source/timers.c.obj
 .text.xTimerCreateTimerTask
                0x000000001fff9574       0x40 CMakeFiles/hello_world.dir/home/abhishek/udoo/udoo-neo_custom_linux/m4/FreeRTOS_BSP_1.0.1_iMX6SX/rtos/FreeRTOS/Source/timers.c.obj
                0x000000001fff9574                xTimerCreateTimerTask
 .text.xTimerGenericCommand
                0x000000001fff95b4       0x44 CMakeFiles/hello_world.dir/home/abhishek/udoo/udoo-neo_custom_linux/m4/FreeRTOS_BSP_1.0.1_iMX6SX/rtos/FreeRTOS/Source/timers.c.obj
                0x000000001fff95b4                xTimerGenericCommand
 .text.prvSwitchTimerLists
                0x000000001fff95f8       0x70 CMakeFiles/hello_world.dir/home/abhishek/udoo/udoo-neo_custom_linux/m4/FreeRTOS_BSP_1.0.1_iMX6SX/rtos/FreeRTOS/Source/timers.c.obj
 .text.prvTimerTask
                0x000000001fff9668      0x160 CMakeFiles/hello_world.dir/home/abhishek/udoo/udoo-neo_custom_linux/m4/FreeRTOS_BSP_1.0.1_iMX6SX/rtos/FreeRTOS/Source/timers.c.obj
 .text.debug_putc
                0x000000001fff97c8       0x28 CMakeFiles/hello_world.dir/home/abhishek/udoo/udoo-neo_custom_linux/m4/FreeRTOS_BSP_1.0.1_iMX6SX/platform/utilities/src/debug_console_imx.c.obj
 .text.UART_ReceiveDataPolling
                0x000000001fff97f0       0x24 CMakeFiles/hello_world.dir/home/abhishek/udoo/udoo-neo_custom_linux/m4/FreeRTOS_BSP_1.0.1_iMX6SX/platform/utilities/src/debug_console_imx.c.obj
 .text.UART_SendDataPolling
                0x000000001fff9814       0x40 CMakeFiles/hello_world.dir/home/abhishek/udoo/udoo-neo_custom_linux/m4/FreeRTOS_BSP_1.0.1_iMX6SX/platform/utilities/src/debug_console_imx.c.obj
 .text.DbgConsole_Init
                0x000000001fff9854       0x54 CMakeFiles/hello_world.dir/home/abhishek/udoo/udoo-neo_custom_linux/m4/FreeRTOS_BSP_1.0.1_iMX6SX/platform/utilities/src/debug_console_imx.c.obj
                0x000000001fff9854                DbgConsole_Init
 .text._write   0x000000001fff98a8       0x28 CMakeFiles/hello_world.dir/home/abhishek/udoo/udoo-neo_custom_linux/m4/FreeRTOS_BSP_1.0.1_iMX6SX/platform/utilities/src/debug_console_imx.c.obj
                0x000000001fff98a8                _write
 .text._read    0x000000001fff98d0       0x20 CMakeFiles/hello_world.dir/home/abhishek/udoo/udoo-neo_custom_linux/m4/FreeRTOS_BSP_1.0.1_iMX6SX/platform/utilities/src/debug_console_imx.c.obj
                0x000000001fff98d0                _read
 .text.debug_printf
                0x000000001fff98f0       0x38 CMakeFiles/hello_world.dir/home/abhishek/udoo/udoo-neo_custom_linux/m4/FreeRTOS_BSP_1.0.1_iMX6SX/platform/utilities/src/debug_console_imx.c.obj
                0x000000001fff98f0                debug_printf
 .text.debug_putchar
                0x000000001fff9928       0x1c CMakeFiles/hello_world.dir/home/abhishek/udoo/udoo-neo_custom_linux/m4/FreeRTOS_BSP_1.0.1_iMX6SX/platform/utilities/src/debug_console_imx.c.obj
                0x000000001fff9928                debug_putchar
 .text.debug_getchar
                0x000000001fff9944       0x28 CMakeFiles/hello_world.dir/home/abhishek/udoo/udoo-neo_custom_linux/m4/FreeRTOS_BSP_1.0.1_iMX6SX/platform/utilities/src/debug_console_imx.c.obj
                0x000000001fff9944                debug_getchar
 .text.mknumstr
                0x000000001fff996c       0x6a CMakeFiles/hello_world.dir/home/abhishek/udoo/udoo-neo_custom_linux/m4/FreeRTOS_BSP_1.0.1_iMX6SX/platform/utilities/src/print_scan.c.obj
 .text.fput_pad.isra.0
                0x000000001fff99d6       0x26 CMakeFiles/hello_world.dir/home/abhishek/udoo/udoo-neo_custom_linux/m4/FreeRTOS_BSP_1.0.1_iMX6SX/platform/utilities/src/print_scan.c.obj
 .text._doprint
                0x000000001fff99fc      0x41c CMakeFiles/hello_world.dir/home/abhishek/udoo/udoo-neo_custom_linux/m4/FreeRTOS_BSP_1.0.1_iMX6SX/platform/utilities/src/print_scan.c.obj
                0x000000001fff99fc                _doprint
 .text.SystemInit
                0x000000001fff9e18       0x6c CMakeFiles/hello_world.dir/home/abhishek/udoo/udoo-neo_custom_linux/m4/FreeRTOS_BSP_1.0.1_iMX6SX/platform/devices/MCIMX6X/startup/system_MCIMX6X_M4.c.obj
                0x000000001fff9e18                SystemInit
 .text.configure_uart_pins
                0x000000001fff9e84       0x2c CMakeFiles/hello_world.dir/home/abhishek/udoo/udoo-neo_custom_linux/m4/FreeRTOS_BSP_1.0.1_iMX6SX/examples/imx6sx_sdb_m4/pin_mux.c.obj
                0x000000001fff9e84                configure_uart_pins
 .text.BOARD_ClockInit
                0x000000001fff9eb0       0x3c CMakeFiles/hello_world.dir/home/abhishek/udoo/udoo-neo_custom_linux/m4/FreeRTOS_BSP_1.0.1_iMX6SX/examples/imx6sx_sdb_m4/board.c.obj
                0x000000001fff9eb0                BOARD_ClockInit
 .text.dbg_uart_init
                0x000000001fff9eec       0x48 CMakeFiles/hello_world.dir/home/abhishek/udoo/udoo-neo_custom_linux/m4/FreeRTOS_BSP_1.0.1_iMX6SX/examples/imx6sx_sdb_m4/board.c.obj
                0x000000001fff9eec                dbg_uart_init
 .text.BOARD_RdcInit
                0x000000001fff9f34       0x10 CMakeFiles/hello_world.dir/home/abhishek/udoo/udoo-neo_custom_linux/m4/FreeRTOS_BSP_1.0.1_iMX6SX/examples/imx6sx_sdb_m4/board.c.obj
                0x000000001fff9f34                BOARD_RdcInit
 .text.hardware_init
                0x000000001fff9f44       0x12 CMakeFiles/hello_world.dir/home/abhishek/udoo/udoo-neo_custom_linux/m4/FreeRTOS_BSP_1.0.1_iMX6SX/examples/imx6sx_sdb_m4/demo_apps/hello_world/hardware_init.c.obj
                0x000000001fff9f44                hardware_init
 *fill*         0x000000001fff9f56        0x2 
 .text.__assert_func
                0x000000001fff9f58       0x3c /home/abhishek/udoo/udoo-neo_custom_linux/m4/gcc-arm-none-eabi-7-2018-q2-update-linux/gcc-arm-none-eabi-7-2018-q2-update/bin/../lib/gcc/arm-none-eabi/7.3.1/../../../../arm-none-eabi/lib/thumb/v7e-m/fpv4-sp/hard/libc_nano.a(lib_a-assert.o)
                0x000000001fff9f58                __assert_func
 .text.exit     0x000000001fff9f94       0x28 /home/abhishek/udoo/udoo-neo_custom_linux/m4/gcc-arm-none-eabi-7-2018-q2-update-linux/gcc-arm-none-eabi-7-2018-q2-update/bin/../lib/gcc/arm-none-eabi/7.3.1/../../../../arm-none-eabi/lib/thumb/v7e-m/fpv4-sp/hard/libc_nano.a(lib_a-exit.o)
                0x000000001fff9f94                exit
 .text.fprintf  0x000000001fff9fbc       0x24 /home/abhishek/udoo/udoo-neo_custom_linux/m4/gcc-arm-none-eabi-7-2018-q2-update-linux/gcc-arm-none-eabi-7-2018-q2-update/bin/../lib/gcc/arm-none-eabi/7.3.1/../../../../arm-none-eabi/lib/thumb/v7e-m/fpv4-sp/hard/libc_nano.a(lib_a-fprintf.o)
                0x000000001fff9fbc                fprintf
                0x000000001fff9fbc                fiprintf
 .text.__libc_init_array
                0x000000001fff9fe0       0x48 /home/abhishek/udoo/udoo-neo_custom_linux/m4/gcc-arm-none-eabi-7-2018-q2-update-linux/gcc-arm-none-eabi-7-2018-q2-update/bin/../lib/gcc/arm-none-eabi/7.3.1/../../../../arm-none-eabi/lib/thumb/v7e-m/fpv4-sp/hard/libc_nano.a(lib_a-init.o)
                0x000000001fff9fe0                __libc_init_array
 .text.memcpy   0x000000001fffa028       0x16 /home/abhishek/udoo/udoo-neo_custom_linux/m4/gcc-arm-none-eabi-7-2018-q2-update-linux/gcc-arm-none-eabi-7-2018-q2-update/bin/../lib/gcc/arm-none-eabi/7.3.1/../../../../arm-none-eabi/lib/thumb/v7e-m/fpv4-sp/hard/libc_nano.a(lib_a-memcpy-stub.o)
                0x000000001fffa028                memcpy
 .text.memset   0x000000001fffa03e       0x10 /home/abhishek/udoo/udoo-neo_custom_linux/m4/gcc-arm-none-eabi-7-2018-q2-update-linux/gcc-arm-none-eabi-7-2018-q2-update/bin/../lib/gcc/arm-none-eabi/7.3.1/../../../../arm-none-eabi/lib/thumb/v7e-m/fpv4-sp/hard/libc_nano.a(lib_a-memset.o)
                0x000000001fffa03e                memset
 .text.__sfputc_r
                0x000000001fffa04e       0x2e /home/abhishek/udoo/udoo-neo_custom_linux/m4/gcc-arm-none-eabi-7-2018-q2-update-linux/gcc-arm-none-eabi-7-2018-q2-update/bin/../lib/gcc/arm-none-eabi/7.3.1/../../../../arm-none-eabi/lib/thumb/v7e-m/fpv4-sp/hard/libc_nano.a(lib_a-nano-vfprintf.o)
 .text.__sfputs_r
                0x000000001fffa07c       0x24 /home/abhishek/udoo/udoo-neo_custom_linux/m4/gcc-arm-none-eabi-7-2018-q2-update-linux/gcc-arm-none-eabi-7-2018-q2-update/bin/../lib/gcc/arm-none-eabi/7.3.1/../../../../arm-none-eabi/lib/thumb/v7e-m/fpv4-sp/hard/libc_nano.a(lib_a-nano-vfprintf.o)
                0x000000001fffa07c                __sfputs_r
 .text._vfprintf_r
                0x000000001fffa0a0      0x22c /home/abhishek/udoo/udoo-neo_custom_linux/m4/gcc-arm-none-eabi-7-2018-q2-update-linux/gcc-arm-none-eabi-7-2018-q2-update/bin/../lib/gcc/arm-none-eabi/7.3.1/../../../../arm-none-eabi/lib/thumb/v7e-m/fpv4-sp/hard/libc_nano.a(lib_a-nano-vfprintf.o)
                0x000000001fffa0a0                _vfiprintf_r
                0x000000001fffa0a0                _vfprintf_r
 .text._printf_common
                0x000000001fffa2cc       0xea /home/abhishek/udoo/udoo-neo_custom_linux/m4/gcc-arm-none-eabi-7-2018-q2-update-linux/gcc-arm-none-eabi-7-2018-q2-update/bin/../lib/gcc/arm-none-eabi/7.3.1/../../../../arm-none-eabi/lib/thumb/v7e-m/fpv4-sp/hard/libc_nano.a(lib_a-nano-vfprintf_i.o)
                0x000000001fffa2cc                _printf_common
 *fill*         0x000000001fffa3b6        0x2 
 .text._printf_i
                0x000000001fffa3b8      0x224 /home/abhishek/udoo/udoo-neo_custom_linux/m4/gcc-arm-none-eabi-7-2018-q2-update-linux/gcc-arm-none-eabi-7-2018-q2-update/bin/../lib/gcc/arm-none-eabi/7.3.1/../../../../arm-none-eabi/lib/thumb/v7e-m/fpv4-sp/hard/libc_nano.a(lib_a-nano-vfprintf_i.o)
                0x000000001fffa3b8                _printf_i
 .text.__swbuf_r
                0x000000001fffa5dc       0xa4 /home/abhishek/udoo/udoo-neo_custom_linux/m4/gcc-arm-none-eabi-7-2018-q2-update-linux/gcc-arm-none-eabi-7-2018-q2-update/bin/../lib/gcc/arm-none-eabi/7.3.1/../../../../arm-none-eabi/lib/thumb/v7e-m/fpv4-sp/hard/libc_nano.a(lib_a-wbuf.o)
                0x000000001fffa5dc                __swbuf_r
 .text.__swsetup_r
                0x000000001fffa680       0xdc /home/abhishek/udoo/udoo-neo_custom_linux/m4/gcc-arm-none-eabi-7-2018-q2-update-linux/gcc-arm-none-eabi-7-2018-q2-update/bin/../lib/gcc/arm-none-eabi/7.3.1/../../../../arm-none-eabi/lib/thumb/v7e-m/fpv4-sp/hard/libc_nano.a(lib_a-wsetup.o)
                0x000000001fffa680                __swsetup_r
 .text.abort    0x000000001fffa75c        0xe /home/abhishek/udoo/udoo-neo_custom_linux/m4/gcc-arm-none-eabi-7-2018-q2-update-linux/gcc-arm-none-eabi-7-2018-q2-update/bin/../lib/gcc/arm-none-eabi/7.3.1/../../../../arm-none-eabi/lib/thumb/v7e-m/fpv4-sp/hard/libc_nano.a(lib_a-abort.o)
                0x000000001fffa75c                abort
 *fill*         0x000000001fffa76a        0x2 
 .text.__sflush_r
                0x000000001fffa76c      0x10c /home/abhishek/udoo/udoo-neo_custom_linux/m4/gcc-arm-none-eabi-7-2018-q2-update-linux/gcc-arm-none-eabi-7-2018-q2-update/bin/../lib/gcc/arm-none-eabi/7.3.1/../../../../arm-none-eabi/lib/thumb/v7e-m/fpv4-sp/hard/libc_nano.a(lib_a-fflush.o)
                0x000000001fffa76c                __sflush_r
 .text._fflush_r
                0x000000001fffa878       0x54 /home/abhishek/udoo/udoo-neo_custom_linux/m4/gcc-arm-none-eabi-7-2018-q2-update-linux/gcc-arm-none-eabi-7-2018-q2-update/bin/../lib/gcc/arm-none-eabi/7.3.1/../../../../arm-none-eabi/lib/thumb/v7e-m/fpv4-sp/hard/libc_nano.a(lib_a-fflush.o)
                0x000000001fffa878                _fflush_r
 .text.std      0x000000001fffa8cc       0x48 /home/abhishek/udoo/udoo-neo_custom_linux/m4/gcc-arm-none-eabi-7-2018-q2-update-linux/gcc-arm-none-eabi-7-2018-q2-update/bin/../lib/gcc/arm-none-eabi/7.3.1/../../../../arm-none-eabi/lib/thumb/v7e-m/fpv4-sp/hard/libc_nano.a(lib_a-findfp.o)
 .text._cleanup_r
                0x000000001fffa914        0xc /home/abhishek/udoo/udoo-neo_custom_linux/m4/gcc-arm-none-eabi-7-2018-q2-update-linux/gcc-arm-none-eabi-7-2018-q2-update/bin/../lib/gcc/arm-none-eabi/7.3.1/../../../../arm-none-eabi/lib/thumb/v7e-m/fpv4-sp/hard/libc_nano.a(lib_a-findfp.o)
                0x000000001fffa914                _cleanup_r
 .text.__sfmoreglue
                0x000000001fffa920       0x2c /home/abhishek/udoo/udoo-neo_custom_linux/m4/gcc-arm-none-eabi-7-2018-q2-update-linux/gcc-arm-none-eabi-7-2018-q2-update/bin/../lib/gcc/arm-none-eabi/7.3.1/../../../../arm-none-eabi/lib/thumb/v7e-m/fpv4-sp/hard/libc_nano.a(lib_a-findfp.o)
                0x000000001fffa920                __sfmoreglue
 .text.__sinit  0x000000001fffa94c       0x60 /home/abhishek/udoo/udoo-neo_custom_linux/m4/gcc-arm-none-eabi-7-2018-q2-update-linux/gcc-arm-none-eabi-7-2018-q2-update/bin/../lib/gcc/arm-none-eabi/7.3.1/../../../../arm-none-eabi/lib/thumb/v7e-m/fpv4-sp/hard/libc_nano.a(lib_a-findfp.o)
                0x000000001fffa94c                __sinit
 .text.__sfp    0x000000001fffa9ac       0x78 /home/abhishek/udoo/udoo-neo_custom_linux/m4/gcc-arm-none-eabi-7-2018-q2-update-linux/gcc-arm-none-eabi-7-2018-q2-update/bin/../lib/gcc/arm-none-eabi/7.3.1/../../../../arm-none-eabi/lib/thumb/v7e-m/fpv4-sp/hard/libc_nano.a(lib_a-findfp.o)
                0x000000001fffa9ac                __sfp
 .text._fwalk_reent
                0x000000001fffaa24       0x3c /home/abhishek/udoo/udoo-neo_custom_linux/m4/gcc-arm-none-eabi-7-2018-q2-update-linux/gcc-arm-none-eabi-7-2018-q2-update/bin/../lib/gcc/arm-none-eabi/7.3.1/../../../../arm-none-eabi/lib/thumb/v7e-m/fpv4-sp/hard/libc_nano.a(lib_a-fwalk.o)
                0x000000001fffaa24                _fwalk_reent
 .text.__swhatbuf_r
                0x000000001fffaa60       0x48 /home/abhishek/udoo/udoo-neo_custom_linux/m4/gcc-arm-none-eabi-7-2018-q2-update-linux/gcc-arm-none-eabi-7-2018-q2-update/bin/../lib/gcc/arm-none-eabi/7.3.1/../../../../arm-none-eabi/lib/thumb/v7e-m/fpv4-sp/hard/libc_nano.a(lib_a-makebuf.o)
                0x000000001fffaa60                __swhatbuf_r
 .text.__smakebuf_r
                0x000000001fffaaa8       0x80 /home/abhishek/udoo/udoo-neo_custom_linux/m4/gcc-arm-none-eabi-7-2018-q2-update-linux/gcc-arm-none-eabi-7-2018-q2-update/bin/../lib/gcc/arm-none-eabi/7.3.1/../../../../arm-none-eabi/lib/thumb/v7e-m/fpv4-sp/hard/libc_nano.a(lib_a-makebuf.o)
                0x000000001fffaaa8                __smakebuf_r
 .text._free_r  0x000000001fffab28       0x9c /home/abhishek/udoo/udoo-neo_custom_linux/m4/gcc-arm-none-eabi-7-2018-q2-update-linux/gcc-arm-none-eabi-7-2018-q2-update/bin/../lib/gcc/arm-none-eabi/7.3.1/../../../../arm-none-eabi/lib/thumb/v7e-m/fpv4-sp/hard/libc_nano.a(lib_a-nano-freer.o)
                0x000000001fffab28                _free_r
 .text._malloc_r
                0x000000001fffabc4       0xb4 /home/abhishek/udoo/udoo-neo_custom_linux/m4/gcc-arm-none-eabi-7-2018-q2-update-linux/gcc-arm-none-eabi-7-2018-q2-update/bin/../lib/gcc/arm-none-eabi/7.3.1/../../../../arm-none-eabi/lib/thumb/v7e-m/fpv4-sp/hard/libc_nano.a(lib_a-nano-mallocr.o)
                0x000000001fffabc4                _malloc_r
 .text._sbrk_r  0x000000001fffac78       0x20 /home/abhishek/udoo/udoo-neo_custom_linux/m4/gcc-arm-none-eabi-7-2018-q2-update-linux/gcc-arm-none-eabi-7-2018-q2-update/bin/../lib/gcc/arm-none-eabi/7.3.1/../../../../arm-none-eabi/lib/thumb/v7e-m/fpv4-sp/hard/libc_nano.a(lib_a-sbrkr.o)
                0x000000001fffac78                _sbrk_r
 .text._raise_r
                0x000000001fffac98       0x50 /home/abhishek/udoo/udoo-neo_custom_linux/m4/gcc-arm-none-eabi-7-2018-q2-update-linux/gcc-arm-none-eabi-7-2018-q2-update/bin/../lib/gcc/arm-none-eabi/7.3.1/../../../../arm-none-eabi/lib/thumb/v7e-m/fpv4-sp/hard/libc_nano.a(lib_a-signal.o)
                0x000000001fffac98                _raise_r
 .text.raise    0x000000001ffface8       0x10 /home/abhishek/udoo/udoo-neo_custom_linux/m4/gcc-arm-none-eabi-7-2018-q2-update-linux/gcc-arm-none-eabi-7-2018-q2-update/bin/../lib/gcc/arm-none-eabi/7.3.1/../../../../arm-none-eabi/lib/thumb/v7e-m/fpv4-sp/hard/libc_nano.a(lib_a-signal.o)
                0x000000001ffface8                raise
 .text._kill_r  0x000000001fffacf8       0x24 /home/abhishek/udoo/udoo-neo_custom_linux/m4/gcc-arm-none-eabi-7-2018-q2-update-linux/gcc-arm-none-eabi-7-2018-q2-update/bin/../lib/gcc/arm-none-eabi/7.3.1/../../../../arm-none-eabi/lib/thumb/v7e-m/fpv4-sp/hard/libc_nano.a(lib_a-signalr.o)
                0x000000001fffacf8                _kill_r
 .text._getpid_r
                0x000000001fffad1c        0x4 /home/abhishek/udoo/udoo-neo_custom_linux/m4/gcc-arm-none-eabi-7-2018-q2-update-linux/gcc-arm-none-eabi-7-2018-q2-update/bin/../lib/gcc/arm-none-eabi/7.3.1/../../../../arm-none-eabi/lib/thumb/v7e-m/fpv4-sp/hard/libc_nano.a(lib_a-signalr.o)
                0x000000001fffad1c                _getpid_r
 .text.__sread  0x000000001fffad20       0x22 /home/abhishek/udoo/udoo-neo_custom_linux/m4/gcc-arm-none-eabi-7-2018-q2-update-linux/gcc-arm-none-eabi-7-2018-q2-update/bin/../lib/gcc/arm-none-eabi/7.3.1/../../../../arm-none-eabi/lib/thumb/v7e-m/fpv4-sp/hard/libc_nano.a(lib_a-stdio.o)
                0x000000001fffad20                __sread
 .text.__swrite
                0x000000001fffad42       0x38 /home/abhishek/udoo/udoo-neo_custom_linux/m4/gcc-arm-none-eabi-7-2018-q2-update-linux/gcc-arm-none-eabi-7-2018-q2-update/bin/../lib/gcc/arm-none-eabi/7.3.1/../../../../arm-none-eabi/lib/thumb/v7e-m/fpv4-sp/hard/libc_nano.a(lib_a-stdio.o)
                0x000000001fffad42                __swrite
 .text.__sseek  0x000000001fffad7a       0x24 /home/abhishek/udoo/udoo-neo_custom_linux/m4/gcc-arm-none-eabi-7-2018-q2-update-linux/gcc-arm-none-eabi-7-2018-q2-update/bin/../lib/gcc/arm-none-eabi/7.3.1/../../../../arm-none-eabi/lib/thumb/v7e-m/fpv4-sp/hard/libc_nano.a(lib_a-stdio.o)
                0x000000001fffad7a                __sseek
 .text.__sclose
                0x000000001fffad9e        0x8 /home/abhishek/udoo/udoo-neo_custom_linux/m4/gcc-arm-none-eabi-7-2018-q2-update-linux/gcc-arm-none-eabi-7-2018-q2-update/bin/../lib/gcc/arm-none-eabi/7.3.1/../../../../arm-none-eabi/lib/thumb/v7e-m/fpv4-sp/hard/libc_nano.a(lib_a-stdio.o)
                0x000000001fffad9e                __sclose
 *fill*         0x000000001fffada6        0x2 
 .text._write_r
                0x000000001fffada8       0x24 /home/abhishek/udoo/udoo-neo_custom_linux/m4/gcc-arm-none-eabi-7-2018-q2-update-linux/gcc-arm-none-eabi-7-2018-q2-update/bin/../lib/gcc/arm-none-eabi/7.3.1/../../../../arm-none-eabi/lib/thumb/v7e-m/fpv4-sp/hard/libc_nano.a(lib_a-writer.o)
                0x000000001fffada8                _write_r
 .text._close_r
                0x000000001fffadcc       0x20 /home/abhishek/udoo/udoo-neo_custom_linux/m4/gcc-arm-none-eabi-7-2018-q2-update-linux/gcc-arm-none-eabi-7-2018-q2-update/bin/../lib/gcc/arm-none-eabi/7.3.1/../../../../arm-none-eabi/lib/thumb/v7e-m/fpv4-sp/hard/libc_nano.a(lib_a-closer.o)
                0x000000001fffadcc                _close_r
 .text._fstat_r
                0x000000001fffadec       0x24 /home/abhishek/udoo/udoo-neo_custom_linux/m4/gcc-arm-none-eabi-7-2018-q2-update-linux/gcc-arm-none-eabi-7-2018-q2-update/bin/../lib/gcc/arm-none-eabi/7.3.1/../../../../arm-none-eabi/lib/thumb/v7e-m/fpv4-sp/hard/libc_nano.a(lib_a-fstatr.o)
                0x000000001fffadec                _fstat_r
 .text._isatty_r
                0x000000001fffae10       0x20 /home/abhishek/udoo/udoo-neo_custom_linux/m4/gcc-arm-none-eabi-7-2018-q2-update-linux/gcc-arm-none-eabi-7-2018-q2-update/bin/../lib/gcc/arm-none-eabi/7.3.1/../../../../arm-none-eabi/lib/thumb/v7e-m/fpv4-sp/hard/libc_nano.a(lib_a-isattyr.o)
                0x000000001fffae10                _isatty_r
 .text._lseek_r
                0x000000001fffae30       0x24 /home/abhishek/udoo/udoo-neo_custom_linux/m4/gcc-arm-none-eabi-7-2018-q2-update-linux/gcc-arm-none-eabi-7-2018-q2-update/bin/../lib/gcc/arm-none-eabi/7.3.1/../../../../arm-none-eabi/lib/thumb/v7e-m/fpv4-sp/hard/libc_nano.a(lib_a-lseekr.o)
                0x000000001fffae30                _lseek_r
 .text.__malloc_lock
                0x000000001fffae54        0x2 /home/abhishek/udoo/udoo-neo_custom_linux/m4/gcc-arm-none-eabi-7-2018-q2-update-linux/gcc-arm-none-eabi-7-2018-q2-update/bin/../lib/gcc/arm-none-eabi/7.3.1/../../../../arm-none-eabi/lib/thumb/v7e-m/fpv4-sp/hard/libc_nano.a(lib_a-mlock.o)
                0x000000001fffae54                __malloc_lock
 .text.__malloc_unlock
                0x000000001fffae56        0x2 /home/abhishek/udoo/udoo-neo_custom_linux/m4/gcc-arm-none-eabi-7-2018-q2-update-linux/gcc-arm-none-eabi-7-2018-q2-update/bin/../lib/gcc/arm-none-eabi/7.3.1/../../../../arm-none-eabi/lib/thumb/v7e-m/fpv4-sp/hard/libc_nano.a(lib_a-mlock.o)
                0x000000001fffae56                __malloc_unlock
 .text._read_r  0x000000001fffae58       0x24 /home/abhishek/udoo/udoo-neo_custom_linux/m4/gcc-arm-none-eabi-7-2018-q2-update-linux/gcc-arm-none-eabi-7-2018-q2-update/bin/../lib/gcc/arm-none-eabi/7.3.1/../../../../arm-none-eabi/lib/thumb/v7e-m/fpv4-sp/hard/libc_nano.a(lib_a-readr.o)
                0x000000001fffae58                _read_r
 .text._close   0x000000001fffae7c       0x10 /home/abhishek/udoo/udoo-neo_custom_linux/m4/gcc-arm-none-eabi-7-2018-q2-update-linux/gcc-arm-none-eabi-7-2018-q2-update/bin/../lib/gcc/arm-none-eabi/7.3.1/../../../../arm-none-eabi/lib/thumb/v7e-m/fpv4-sp/hard/libnosys.a(close.o)
                0x000000001fffae7c                _close
 .text._fstat   0x000000001fffae8c       0x10 /home/abhishek/udoo/udoo-neo_custom_linux/m4/gcc-arm-none-eabi-7-2018-q2-update-linux/gcc-arm-none-eabi-7-2018-q2-update/bin/../lib/gcc/arm-none-eabi/7.3.1/../../../../arm-none-eabi/lib/thumb/v7e-m/fpv4-sp/hard/libnosys.a(fstat.o)
                0x000000001fffae8c                _fstat
 .text._getpid  0x000000001fffae9c       0x10 /home/abhishek/udoo/udoo-neo_custom_linux/m4/gcc-arm-none-eabi-7-2018-q2-update-linux/gcc-arm-none-eabi-7-2018-q2-update/bin/../lib/gcc/arm-none-eabi/7.3.1/../../../../arm-none-eabi/lib/thumb/v7e-m/fpv4-sp/hard/libnosys.a(getpid.o)
                0x000000001fffae9c                _getpid
 .text._isatty  0x000000001fffaeac       0x10 /home/abhishek/udoo/udoo-neo_custom_linux/m4/gcc-arm-none-eabi-7-2018-q2-update-linux/gcc-arm-none-eabi-7-2018-q2-update/bin/../lib/gcc/arm-none-eabi/7.3.1/../../../../arm-none-eabi/lib/thumb/v7e-m/fpv4-sp/hard/libnosys.a(isatty.o)
                0x000000001fffaeac                _isatty
 .text._kill    0x000000001fffaebc       0x10 /home/abhishek/udoo/udoo-neo_custom_linux/m4/gcc-arm-none-eabi-7-2018-q2-update-linux/gcc-arm-none-eabi-7-2018-q2-update/bin/../lib/gcc/arm-none-eabi/7.3.1/../../../../arm-none-eabi/lib/thumb/v7e-m/fpv4-sp/hard/libnosys.a(kill.o)
                0x000000001fffaebc                _kill
 .text._lseek   0x000000001fffaecc       0x10 /home/abhishek/udoo/udoo-neo_custom_linux/m4/gcc-arm-none-eabi-7-2018-q2-update-linux/gcc-arm-none-eabi-7-2018-q2-update/bin/../lib/gcc/arm-none-eabi/7.3.1/../../../../arm-none-eabi/lib/thumb/v7e-m/fpv4-sp/hard/libnosys.a(lseek.o)
                0x000000001fffaecc                _lseek
 .text._sbrk    0x000000001fffaedc       0x1c /home/abhishek/udoo/udoo-neo_custom_linux/m4/gcc-arm-none-eabi-7-2018-q2-update-linux/gcc-arm-none-eabi-7-2018-q2-update/bin/../lib/gcc/arm-none-eabi/7.3.1/../../../../arm-none-eabi/lib/thumb/v7e-m/fpv4-sp/hard/libnosys.a(sbrk.o)
                0x000000001fffaedc                _sbrk
 .text._exit    0x000000001fffaef8        0x4 /home/abhishek/udoo/udoo-neo_custom_linux/m4/gcc-arm-none-eabi-7-2018-q2-update-linux/gcc-arm-none-eabi-7-2018-q2-update/bin/../lib/gcc/arm-none-eabi/7.3.1/../../../../arm-none-eabi/lib/thumb/v7e-m/fpv4-sp/hard/libnosys.a(_exit.o)
                0x000000001fffaef8                _exit
 *(.rodata)
 *(.rodata*)
 .rodata.HelloTask.str1.1
                0x000000001fffaefc       0x12 CMakeFiles/hello_world.dir/home/abhishek/udoo/udoo-neo_custom_linux/m4/FreeRTOS_BSP_1.0.1_iMX6SX/examples/imx6sx_sdb_m4/demo_apps/hello_world/main.c.obj
 .rodata.main.str1.1
                0x000000001fffaf0e        0xb CMakeFiles/hello_world.dir/home/abhishek/udoo/udoo-neo_custom_linux/m4/FreeRTOS_BSP_1.0.1_iMX6SX/examples/imx6sx_sdb_m4/demo_apps/hello_world/main.c.obj
 .rodata.CSWTCH.7
                0x000000001fffaf19        0x6 CMakeFiles/hello_world.dir/home/abhishek/udoo/udoo-neo_custom_linux/m4/FreeRTOS_BSP_1.0.1_iMX6SX/platform/drivers/src/uart_imx.c.obj
 .rodata.UART_Init.str1.1
                0x000000001fffaf1f       0x72 CMakeFiles/hello_world.dir/home/abhishek/udoo/udoo-neo_custom_linux/m4/FreeRTOS_BSP_1.0.1_iMX6SX/platform/drivers/src/uart_imx.c.obj
 .rodata.__func__.8944
                0x000000001fffaf91        0xa CMakeFiles/hello_world.dir/home/abhishek/udoo/udoo-neo_custom_linux/m4/FreeRTOS_BSP_1.0.1_iMX6SX/platform/drivers/src/uart_imx.c.obj
 .rodata.vTaskStartScheduler.str1.1
                0x000000001fffaf9b        0x5 CMakeFiles/hello_world.dir/home/abhishek/udoo/udoo-neo_custom_linux/m4/FreeRTOS_BSP_1.0.1_iMX6SX/rtos/FreeRTOS/Source/tasks.c.obj
 .rodata.prvCheckForValidListAndQueue.str1.1
                0x000000001fffafa0        0x5 CMakeFiles/hello_world.dir/home/abhishek/udoo/udoo-neo_custom_linux/m4/FreeRTOS_BSP_1.0.1_iMX6SX/rtos/FreeRTOS/Source/timers.c.obj
 .rodata.xTimerCreateTimerTask.str1.1
                0x000000001fffafa5        0x8 CMakeFiles/hello_world.dir/home/abhishek/udoo/udoo-neo_custom_linux/m4/FreeRTOS_BSP_1.0.1_iMX6SX/rtos/FreeRTOS/Source/timers.c.obj
 .rodata.__assert_func.str1.1
                0x000000001fffafad       0x3c /home/abhishek/udoo/udoo-neo_custom_linux/m4/gcc-arm-none-eabi-7-2018-q2-update-linux/gcc-arm-none-eabi-7-2018-q2-update/bin/../lib/gcc/arm-none-eabi/7.3.1/../../../../arm-none-eabi/lib/thumb/v7e-m/fpv4-sp/hard/libc_nano.a(lib_a-assert.o)
                                         0x3d (size before relaxing)
 *fill*         0x000000001fffafe9        0x3 
 .rodata._global_impure_ptr
                0x000000001fffafec        0x4 /home/abhishek/udoo/udoo-neo_custom_linux/m4/gcc-arm-none-eabi-7-2018-q2-update-linux/gcc-arm-none-eabi-7-2018-q2-update/bin/../lib/gcc/arm-none-eabi/7.3.1/../../../../arm-none-eabi/lib/thumb/v7e-m/fpv4-sp/hard/libc_nano.a(lib_a-impure.o)
                0x000000001fffafec                _global_impure_ptr
 .rodata._vfprintf_r.str1.1
                0x000000001fffaff0       0x11 /home/abhishek/udoo/udoo-neo_custom_linux/m4/gcc-arm-none-eabi-7-2018-q2-update-linux/gcc-arm-none-eabi-7-2018-q2-update/bin/../lib/gcc/arm-none-eabi/7.3.1/../../../../arm-none-eabi/lib/thumb/v7e-m/fpv4-sp/hard/libc_nano.a(lib_a-nano-vfprintf.o)
 .rodata._printf_i.str1.1
                0x000000001fffb001       0x22 /home/abhishek/udoo/udoo-neo_custom_linux/m4/gcc-arm-none-eabi-7-2018-q2-update-linux/gcc-arm-none-eabi-7-2018-q2-update/bin/../lib/gcc/arm-none-eabi/7.3.1/../../../../arm-none-eabi/lib/thumb/v7e-m/fpv4-sp/hard/libc_nano.a(lib_a-nano-vfprintf_i.o)
 *fill*         0x000000001fffb023        0x1 
 .rodata.__sf_fake_stderr
                0x000000001fffb024       0x20 /home/abhishek/udoo/udoo-neo_custom_linux/m4/gcc-arm-none-eabi-7-2018-q2-update-linux/gcc-arm-none-eabi-7-2018-q2-update/bin/../lib/gcc/arm-none-eabi/7.3.1/../../../../arm-none-eabi/lib/thumb/v7e-m/fpv4-sp/hard/libc_nano.a(lib_a-findfp.o)
                0x000000001fffb024                __sf_fake_stderr
 .rodata.__sf_fake_stdin
                0x000000001fffb044       0x20 /home/abhishek/udoo/udoo-neo_custom_linux/m4/gcc-arm-none-eabi-7-2018-q2-update-linux/gcc-arm-none-eabi-7-2018-q2-update/bin/../lib/gcc/arm-none-eabi/7.3.1/../../../../arm-none-eabi/lib/thumb/v7e-m/fpv4-sp/hard/libc_nano.a(lib_a-findfp.o)
                0x000000001fffb044                __sf_fake_stdin
 .rodata.__sf_fake_stdout
                0x000000001fffb064       0x20 /home/abhishek/udoo/udoo-neo_custom_linux/m4/gcc-arm-none-eabi-7-2018-q2-update-linux/gcc-arm-none-eabi-7-2018-q2-update/bin/../lib/gcc/arm-none-eabi/7.3.1/../../../../arm-none-eabi/lib/thumb/v7e-m/fpv4-sp/hard/libc_nano.a(lib_a-findfp.o)
                0x000000001fffb064                __sf_fake_stdout
 *(.glue_7)
 .glue_7        0x000000001fffb084        0x0 linker stubs
 *(.glue_7t)
 .glue_7t       0x000000001fffb084        0x0 linker stubs
 *(.eh_frame)
 .eh_frame      0x000000001fffb084        0x0 /home/abhishek/udoo/udoo-neo_custom_linux/m4/gcc-arm-none-eabi-7-2018-q2-update-linux/gcc-arm-none-eabi-7-2018-q2-update/bin/../lib/gcc/arm-none-eabi/7.3.1/thumb/v7e-m/fpv4-sp/hard/crtbegin.o
 *(.init)
 .init          0x000000001fffb084        0x4 /home/abhishek/udoo/udoo-neo_custom_linux/m4/gcc-arm-none-eabi-7-2018-q2-update-linux/gcc-arm-none-eabi-7-2018-q2-update/bin/../lib/gcc/arm-none-eabi/7.3.1/thumb/v7e-m/fpv4-sp/hard/crti.o
                0x000000001fffb084                _init
 .init          0x000000001fffb088        0x8 /home/abhishek/udoo/udoo-neo_custom_linux/m4/gcc-arm-none-eabi-7-2018-q2-update-linux/gcc-arm-none-eabi-7-2018-q2-update/bin/../lib/gcc/arm-none-eabi/7.3.1/thumb/v7e-m/fpv4-sp/hard/crtn.o
 *(.fini)
 .fini          0x000000001fffb090        0x4 /home/abhishek/udoo/udoo-neo_custom_linux/m4/gcc-arm-none-eabi-7-2018-q2-update-linux/gcc-arm-none-eabi-7-2018-q2-update/bin/../lib/gcc/arm-none-eabi/7.3.1/thumb/v7e-m/fpv4-sp/hard/crti.o
                0x000000001fffb090                _fini
 .fini          0x000000001fffb094        0x8 /home/abhishek/udoo/udoo-neo_custom_linux/m4/gcc-arm-none-eabi-7-2018-q2-update-linux/gcc-arm-none-eabi-7-2018-q2-update/bin/../lib/gcc/arm-none-eabi/7.3.1/thumb/v7e-m/fpv4-sp/hard/crtn.o
                0x000000001fffb09c                . = ALIGN (0x4)

.vfp11_veneer   0x000000001fffb09c        0x0
 .vfp11_veneer  0x000000001fffb09c        0x0 linker stubs

.v4_bx          0x000000001fffb09c        0x0
 .v4_bx         0x000000001fffb09c        0x0 linker stubs

.iplt           0x000000001fffb09c        0x0
 .iplt          0x000000001fffb09c        0x0 /home/abhishek/udoo/udoo-neo_custom_linux/m4/gcc-arm-none-eabi-7-2018-q2-update-linux/gcc-arm-none-eabi-7-2018-q2-update/bin/../lib/gcc/arm-none-eabi/7.3.1/thumb/v7e-m/fpv4-sp/hard/crtbegin.o

.ARM.extab
 *(.ARM.extab* .gnu.linkonce.armextab.*)

.ARM            0x000000001fffb09c        0x8
                0x000000001fffb09c                __exidx_start = .
 *(.ARM.exidx*)
 .ARM.exidx     0x000000001fffb09c        0x8 /home/abhishek/udoo/udoo-neo_custom_linux/m4/gcc-arm-none-eabi-7-2018-q2-update-linux/gcc-arm-none-eabi-7-2018-q2-update/bin/../lib/gcc/arm-none-eabi/7.3.1/../../../../arm-none-eabi/lib/thumb/v7e-m/fpv4-sp/hard/crt0.o
                0x000000001fffb0a4                __exidx_end = .

.rel.dyn        0x000000001fffb0a4        0x0
 .rel.iplt      0x000000001fffb0a4        0x0 /home/abhishek/udoo/udoo-neo_custom_linux/m4/gcc-arm-none-eabi-7-2018-q2-update-linux/gcc-arm-none-eabi-7-2018-q2-update/bin/../lib/gcc/arm-none-eabi/7.3.1/thumb/v7e-m/fpv4-sp/hard/crtbegin.o

.ctors          0x000000001fffb0a4        0x0
                0x000000001fffb0a4                __CTOR_LIST__ = .
 *crtbegin.o(.ctors)
 *crtbegin?.o(.ctors)
 *(EXCLUDE_FILE(*crtend.o *crtend?.o) .ctors)
 *(SORT_BY_NAME(.ctors.*))
 *(.ctors)
                0x000000001fffb0a4                __CTOR_END__ = .

.dtors          0x000000001fffb0a4        0x0
                0x000000001fffb0a4                __DTOR_LIST__ = .
 *crtbegin.o(.dtors)
 *crtbegin?.o(.dtors)
 *(EXCLUDE_FILE(*crtend.o *crtend?.o) .dtors)
 *(SORT_BY_NAME(.dtors.*))
 *(.dtors)
                0x000000001fffb0a4                __DTOR_END__ = .

.preinit_array  0x000000001fffb0a4        0x0
                0x000000001fffb0a4                PROVIDE (__preinit_array_start = .)
 *(.preinit_array*)
                0x000000001fffb0a4                PROVIDE (__preinit_array_end = .)

.init_array     0x000000001fffb0a4        0x4
                0x000000001fffb0a4                PROVIDE (__init_array_start = .)
 *(SORT_BY_NAME(.init_array.*))
 *(.init_array*)
 .init_array    0x000000001fffb0a4        0x4 /home/abhishek/udoo/udoo-neo_custom_linux/m4/gcc-arm-none-eabi-7-2018-q2-update-linux/gcc-arm-none-eabi-7-2018-q2-update/bin/../lib/gcc/arm-none-eabi/7.3.1/thumb/v7e-m/fpv4-sp/hard/crtbegin.o
                0x000000001fffb0a8                PROVIDE (__init_array_end = .)

.fini_array     0x000000001fffb0a8        0x4
                [!provide]                        PROVIDE (__fini_array_start = .)
 *(SORT_BY_NAME(.fini_array.*))
 *(.fini_array*)
 .fini_array    0x000000001fffb0a8        0x4 /home/abhishek/udoo/udoo-neo_custom_linux/m4/gcc-arm-none-eabi-7-2018-q2-update-linux/gcc-arm-none-eabi-7-2018-q2-update/bin/../lib/gcc/arm-none-eabi/7.3.1/thumb/v7e-m/fpv4-sp/hard/crtbegin.o
                [!provide]                        PROVIDE (__fini_array_end = .)
                0x000000001fffb0ac                __etext = .
                0x000000001fffb0ac                __DATA_ROM = .

.data           0x0000000020000000       0x70 load address 0x000000001fffb0ac
                0x0000000020000000                . = ALIGN (0x4)
                0x0000000020000000                __DATA_RAM = .
                0x0000000020000000                __data_start__ = .
 *(.data)
 *(.data*)
 .data.uxCriticalNesting
                0x0000000020000000        0x4 CMakeFiles/hello_world.dir/home/abhishek/udoo/udoo-neo_custom_linux/m4/FreeRTOS_BSP_1.0.1_iMX6SX/rtos/FreeRTOS/Source/portable/GCC/ARM_CM4F/port.c.obj
 .data.xFreeBytesRemaining
                0x0000000020000004        0x4 CMakeFiles/hello_world.dir/home/abhishek/udoo/udoo-neo_custom_linux/m4/FreeRTOS_BSP_1.0.1_iMX6SX/rtos/FreeRTOS/Source/portable/MemMang/heap_2.c.obj
 .data.xNextTaskUnblockTime
                0x0000000020000008        0x4 CMakeFiles/hello_world.dir/home/abhishek/udoo/udoo-neo_custom_linux/m4/FreeRTOS_BSP_1.0.1_iMX6SX/rtos/FreeRTOS/Source/tasks.c.obj
 .data._impure_ptr
                0x000000002000000c        0x4 /home/abhishek/udoo/udoo-neo_custom_linux/m4/gcc-arm-none-eabi-7-2018-q2-update-linux/gcc-arm-none-eabi-7-2018-q2-update/bin/../lib/gcc/arm-none-eabi/7.3.1/../../../../arm-none-eabi/lib/thumb/v7e-m/fpv4-sp/hard/libc_nano.a(lib_a-impure.o)
                0x000000002000000c                _impure_ptr
 .data.impure_data
                0x0000000020000010       0x60 /home/abhishek/udoo/udoo-neo_custom_linux/m4/gcc-arm-none-eabi-7-2018-q2-update-linux/gcc-arm-none-eabi-7-2018-q2-update/bin/../lib/gcc/arm-none-eabi/7.3.1/../../../../arm-none-eabi/lib/thumb/v7e-m/fpv4-sp/hard/libc_nano.a(lib_a-impure.o)
 *(.jcr*)
                0x0000000020000070                . = ALIGN (0x4)
                0x0000000020000070                __data_end__ = .
                0x000000001fffb11c                __DATA_END = (__DATA_ROM + (__data_end__ - __data_start__))
                0x0000000020000000                text_end = (ORIGIN (m_text) + LENGTH (m_text))
                0x0000000000000001                ASSERT ((__DATA_END <= text_end), region m_text overflowed with text and data)

.igot.plt       0x0000000020000070        0x0 load address 0x000000001fffb11c
 .igot.plt      0x0000000020000070        0x0 /home/abhishek/udoo/udoo-neo_custom_linux/m4/gcc-arm-none-eabi-7-2018-q2-update-linux/gcc-arm-none-eabi-7-2018-q2-update/bin/../lib/gcc/arm-none-eabi/7.3.1/thumb/v7e-m/fpv4-sp/hard/crtbegin.o

.bss            0x0000000020000070     0x51b4 load address 0x000000001fffb11c
                0x0000000020000070                . = ALIGN (0x4)
                0x0000000020000070                __START_BSS = .
                0x0000000020000070                __bss_start__ = .
 *(.bss)
 .bss           0x0000000020000070       0x1c /home/abhishek/udoo/udoo-neo_custom_linux/m4/gcc-arm-none-eabi-7-2018-q2-update-linux/gcc-arm-none-eabi-7-2018-q2-update/bin/../lib/gcc/arm-none-eabi/7.3.1/thumb/v7e-m/fpv4-sp/hard/crtbegin.o
 *(.bss*)
 .bss.ucMaxSysCallPriority
                0x000000002000008c        0x1 CMakeFiles/hello_world.dir/home/abhishek/udoo/udoo-neo_custom_linux/m4/FreeRTOS_BSP_1.0.1_iMX6SX/rtos/FreeRTOS/Source/portable/GCC/ARM_CM4F/port.c.obj
 *fill*         0x000000002000008d        0x3 
 .bss.ulMaxPRIGROUPValue
                0x0000000020000090        0x4 CMakeFiles/hello_world.dir/home/abhishek/udoo/udoo-neo_custom_linux/m4/FreeRTOS_BSP_1.0.1_iMX6SX/rtos/FreeRTOS/Source/portable/GCC/ARM_CM4F/port.c.obj
 .bss.ucHeap    0x0000000020000094     0x5000 CMakeFiles/hello_world.dir/home/abhishek/udoo/udoo-neo_custom_linux/m4/FreeRTOS_BSP_1.0.1_iMX6SX/rtos/FreeRTOS/Source/portable/MemMang/heap_2.c.obj
 .bss.xEnd      0x0000000020005094        0x8 CMakeFiles/hello_world.dir/home/abhishek/udoo/udoo-neo_custom_linux/m4/FreeRTOS_BSP_1.0.1_iMX6SX/rtos/FreeRTOS/Source/portable/MemMang/heap_2.c.obj
 .bss.xHeapHasBeenInitialised.5783
                0x000000002000509c        0x4 CMakeFiles/hello_world.dir/home/abhishek/udoo/udoo-neo_custom_linux/m4/FreeRTOS_BSP_1.0.1_iMX6SX/rtos/FreeRTOS/Source/portable/MemMang/heap_2.c.obj
 .bss.xStart    0x00000000200050a0        0x8 CMakeFiles/hello_world.dir/home/abhishek/udoo/udoo-neo_custom_linux/m4/FreeRTOS_BSP_1.0.1_iMX6SX/rtos/FreeRTOS/Source/portable/MemMang/heap_2.c.obj
 .bss.xQueueRegistry
                0x00000000200050a8       0x40 CMakeFiles/hello_world.dir/home/abhishek/udoo/udoo-neo_custom_linux/m4/FreeRTOS_BSP_1.0.1_iMX6SX/rtos/FreeRTOS/Source/queue.c.obj
                0x00000000200050a8                xQueueRegistry
 .bss.pxCurrentTCB
                0x00000000200050e8        0x4 CMakeFiles/hello_world.dir/home/abhishek/udoo/udoo-neo_custom_linux/m4/FreeRTOS_BSP_1.0.1_iMX6SX/rtos/FreeRTOS/Source/tasks.c.obj
                0x00000000200050e8                pxCurrentTCB
 .bss.pxDelayedTaskList
                0x00000000200050ec        0x4 CMakeFiles/hello_world.dir/home/abhishek/udoo/udoo-neo_custom_linux/m4/FreeRTOS_BSP_1.0.1_iMX6SX/rtos/FreeRTOS/Source/tasks.c.obj
 .bss.pxOverflowDelayedTaskList
                0x00000000200050f0        0x4 CMakeFiles/hello_world.dir/home/abhishek/udoo/udoo-neo_custom_linux/m4/FreeRTOS_BSP_1.0.1_iMX6SX/rtos/FreeRTOS/Source/tasks.c.obj
 .bss.pxReadyTasksLists
                0x00000000200050f4       0x64 CMakeFiles/hello_world.dir/home/abhishek/udoo/udoo-neo_custom_linux/m4/FreeRTOS_BSP_1.0.1_iMX6SX/rtos/FreeRTOS/Source/tasks.c.obj
 .bss.uxCurrentNumberOfTasks
                0x0000000020005158        0x4 CMakeFiles/hello_world.dir/home/abhishek/udoo/udoo-neo_custom_linux/m4/FreeRTOS_BSP_1.0.1_iMX6SX/rtos/FreeRTOS/Source/tasks.c.obj
 .bss.uxPendedTicks
                0x000000002000515c        0x4 CMakeFiles/hello_world.dir/home/abhishek/udoo/udoo-neo_custom_linux/m4/FreeRTOS_BSP_1.0.1_iMX6SX/rtos/FreeRTOS/Source/tasks.c.obj
 .bss.uxSchedulerSuspended
                0x0000000020005160        0x4 CMakeFiles/hello_world.dir/home/abhishek/udoo/udoo-neo_custom_linux/m4/FreeRTOS_BSP_1.0.1_iMX6SX/rtos/FreeRTOS/Source/tasks.c.obj
 .bss.uxTaskNumber
                0x0000000020005164        0x4 CMakeFiles/hello_world.dir/home/abhishek/udoo/udoo-neo_custom_linux/m4/FreeRTOS_BSP_1.0.1_iMX6SX/rtos/FreeRTOS/Source/tasks.c.obj
 .bss.uxTopReadyPriority
                0x0000000020005168        0x4 CMakeFiles/hello_world.dir/home/abhishek/udoo/udoo-neo_custom_linux/m4/FreeRTOS_BSP_1.0.1_iMX6SX/rtos/FreeRTOS/Source/tasks.c.obj
 .bss.xDelayedTaskList1
                0x000000002000516c       0x14 CMakeFiles/hello_world.dir/home/abhishek/udoo/udoo-neo_custom_linux/m4/FreeRTOS_BSP_1.0.1_iMX6SX/rtos/FreeRTOS/Source/tasks.c.obj
 .bss.xDelayedTaskList2
                0x0000000020005180       0x14 CMakeFiles/hello_world.dir/home/abhishek/udoo/udoo-neo_custom_linux/m4/FreeRTOS_BSP_1.0.1_iMX6SX/rtos/FreeRTOS/Source/tasks.c.obj
 .bss.xNumOfOverflows
                0x0000000020005194        0x4 CMakeFiles/hello_world.dir/home/abhishek/udoo/udoo-neo_custom_linux/m4/FreeRTOS_BSP_1.0.1_iMX6SX/rtos/FreeRTOS/Source/tasks.c.obj
 .bss.xPendingReadyList
                0x0000000020005198       0x14 CMakeFiles/hello_world.dir/home/abhishek/udoo/udoo-neo_custom_linux/m4/FreeRTOS_BSP_1.0.1_iMX6SX/rtos/FreeRTOS/Source/tasks.c.obj
 .bss.xSchedulerRunning
                0x00000000200051ac        0x4 CMakeFiles/hello_world.dir/home/abhishek/udoo/udoo-neo_custom_linux/m4/FreeRTOS_BSP_1.0.1_iMX6SX/rtos/FreeRTOS/Source/tasks.c.obj
 .bss.xSuspendedTaskList
                0x00000000200051b0       0x14 CMakeFiles/hello_world.dir/home/abhishek/udoo/udoo-neo_custom_linux/m4/FreeRTOS_BSP_1.0.1_iMX6SX/rtos/FreeRTOS/Source/tasks.c.obj
 .bss.xTickCount
                0x00000000200051c4        0x4 CMakeFiles/hello_world.dir/home/abhishek/udoo/udoo-neo_custom_linux/m4/FreeRTOS_BSP_1.0.1_iMX6SX/rtos/FreeRTOS/Source/tasks.c.obj
 .bss.xYieldPending
                0x00000000200051c8        0x4 CMakeFiles/hello_world.dir/home/abhishek/udoo/udoo-neo_custom_linux/m4/FreeRTOS_BSP_1.0.1_iMX6SX/rtos/FreeRTOS/Source/tasks.c.obj
 .bss.pxCurrentTimerList
                0x00000000200051cc        0x4 CMakeFiles/hello_world.dir/home/abhishek/udoo/udoo-neo_custom_linux/m4/FreeRTOS_BSP_1.0.1_iMX6SX/rtos/FreeRTOS/Source/timers.c.obj
 .bss.pxOverflowTimerList
                0x00000000200051d0        0x4 CMakeFiles/hello_world.dir/home/abhishek/udoo/udoo-neo_custom_linux/m4/FreeRTOS_BSP_1.0.1_iMX6SX/rtos/FreeRTOS/Source/timers.c.obj
 .bss.xActiveTimerList1
                0x00000000200051d4       0x14 CMakeFiles/hello_world.dir/home/abhishek/udoo/udoo-neo_custom_linux/m4/FreeRTOS_BSP_1.0.1_iMX6SX/rtos/FreeRTOS/Source/timers.c.obj
 .bss.xActiveTimerList2
                0x00000000200051e8       0x14 CMakeFiles/hello_world.dir/home/abhishek/udoo/udoo-neo_custom_linux/m4/FreeRTOS_BSP_1.0.1_iMX6SX/rtos/FreeRTOS/Source/timers.c.obj
 .bss.xLastTime.6014
                0x00000000200051fc        0x4 CMakeFiles/hello_world.dir/home/abhishek/udoo/udoo-neo_custom_linux/m4/FreeRTOS_BSP_1.0.1_iMX6SX/rtos/FreeRTOS/Source/timers.c.obj
 .bss.xTimerQueue
                0x0000000020005200        0x4 CMakeFiles/hello_world.dir/home/abhishek/udoo/udoo-neo_custom_linux/m4/FreeRTOS_BSP_1.0.1_iMX6SX/rtos/FreeRTOS/Source/timers.c.obj
 .bss.s_debugConsole
                0x0000000020005204       0x10 CMakeFiles/hello_world.dir/home/abhishek/udoo/udoo-neo_custom_linux/m4/FreeRTOS_BSP_1.0.1_iMX6SX/platform/utilities/src/debug_console_imx.c.obj
 .bss.__malloc_free_list
                0x0000000020005214        0x4 /home/abhishek/udoo/udoo-neo_custom_linux/m4/gcc-arm-none-eabi-7-2018-q2-update-linux/gcc-arm-none-eabi-7-2018-q2-update/bin/../lib/gcc/arm-none-eabi/7.3.1/../../../../arm-none-eabi/lib/thumb/v7e-m/fpv4-sp/hard/libc_nano.a(lib_a-nano-mallocr.o)
                0x0000000020005214                __malloc_free_list
 .bss.__malloc_sbrk_start
                0x0000000020005218        0x4 /home/abhishek/udoo/udoo-neo_custom_linux/m4/gcc-arm-none-eabi-7-2018-q2-update-linux/gcc-arm-none-eabi-7-2018-q2-update/bin/../lib/gcc/arm-none-eabi/7.3.1/../../../../arm-none-eabi/lib/thumb/v7e-m/fpv4-sp/hard/libc_nano.a(lib_a-nano-mallocr.o)
                0x0000000020005218                __malloc_sbrk_start
 .bss.heap_end.5377
                0x000000002000521c        0x4 /home/abhishek/udoo/udoo-neo_custom_linux/m4/gcc-arm-none-eabi-7-2018-q2-update-linux/gcc-arm-none-eabi-7-2018-q2-update/bin/../lib/gcc/arm-none-eabi/7.3.1/../../../../arm-none-eabi/lib/thumb/v7e-m/fpv4-sp/hard/libnosys.a(sbrk.o)
 *(COMMON)
 COMMON         0x0000000020005220        0x4 /home/abhishek/udoo/udoo-neo_custom_linux/m4/gcc-arm-none-eabi-7-2018-q2-update-linux/gcc-arm-none-eabi-7-2018-q2-update/bin/../lib/gcc/arm-none-eabi/7.3.1/../../../../arm-none-eabi/lib/thumb/v7e-m/fpv4-sp/hard/libc_nano.a(lib_a-reent.o)
                0x0000000020005220                errno
                0x0000000020005224                . = ALIGN (0x4)
                0x0000000020005224                __bss_end__ = .
                0x0000000020005224                __END_BSS = .

.heap           0x0000000020005224      0x404 load address 0x00000000200002d0
                0x0000000020005228                . = ALIGN (0x8)
 *fill*         0x0000000020005224        0x4 
                0x0000000020005228                __end__ = .
                0x0000000020005228                PROVIDE (end = .)
                0x0000000020005228                __HeapBase = .
                0x0000000020005628                . = (. + HEAP_SIZE)
 *fill*         0x0000000020005228      0x400 
                0x0000000020005628                __HeapLimit = .

.stack          0x0000000020005628      0x400 load address 0x00000000200006d4
                0x0000000020005628                . = ALIGN (0x8)
                0x0000000020005a28                . = (. + STACK_SIZE)
 *fill*         0x0000000020005628      0x400 
                0x0000000020008000                __StackTop = (ORIGIN (m_data) + LENGTH (m_data))
                0x0000000020007c00                __StackLimit = (__StackTop - STACK_SIZE)
                0x0000000020008000                PROVIDE (__stack = __StackTop)

.ARM.attributes
                0x0000000000000000       0x30
 *(.ARM.attributes)
 .ARM.attributes
                0x0000000000000000       0x22 /home/abhishek/udoo/udoo-neo_custom_linux/m4/gcc-arm-none-eabi-7-2018-q2-update-linux/gcc-arm-none-eabi-7-2018-q2-update/bin/../lib/gcc/arm-none-eabi/7.3.1/thumb/v7e-m/fpv4-sp/hard/crti.o
 .ARM.attributes
                0x0000000000000022       0x34 /home/abhishek/udoo/udoo-neo_custom_linux/m4/gcc-arm-none-eabi-7-2018-q2-update-linux/gcc-arm-none-eabi-7-2018-q2-update/bin/../lib/gcc/arm-none-eabi/7.3.1/thumb/v7e-m/fpv4-sp/hard/crtbegin.o
 .ARM.attributes
                0x0000000000000056       0x20 /home/abhishek/udoo/udoo-neo_custom_linux/m4/gcc-arm-none-eabi-7-2018-q2-update-linux/gcc-arm-none-eabi-7-2018-q2-update/bin/../lib/gcc/arm-none-eabi/7.3.1/../../../../arm-none-eabi/lib/thumb/v7e-m/fpv4-sp/hard/crt0.o
 .ARM.attributes
                0x0000000000000076       0x39 CMakeFiles/hello_world.dir/home/abhishek/udoo/udoo-neo_custom_linux/m4/FreeRTOS_BSP_1.0.1_iMX6SX/rtos/FreeRTOS/Source/portable/GCC/ARM_CM4F/port.c.obj
 .ARM.attributes
                0x00000000000000af       0x1f CMakeFiles/hello_world.dir/home/abhishek/udoo/udoo-neo_custom_linux/m4/FreeRTOS_BSP_1.0.1_iMX6SX/platform/devices/MCIMX6X/startup/gcc/startup_MCIMX6X_M4.S.obj
 .ARM.attributes
                0x00000000000000ce       0x39 CMakeFiles/hello_world.dir/home/abhishek/udoo/udoo-neo_custom_linux/m4/FreeRTOS_BSP_1.0.1_iMX6SX/rtos/FreeRTOS/Source/portable/MemMang/heap_2.c.obj
 .ARM.attributes
                0x0000000000000107       0x39 CMakeFiles/hello_world.dir/home/abhishek/udoo/udoo-neo_custom_linux/m4/FreeRTOS_BSP_1.0.1_iMX6SX/examples/imx6sx_sdb_m4/demo_apps/hello_world/main.c.obj
 .ARM.attributes
                0x0000000000000140       0x39 CMakeFiles/hello_world.dir/home/abhishek/udoo/udoo-neo_custom_linux/m4/FreeRTOS_BSP_1.0.1_iMX6SX/platform/drivers/src/uart_imx.c.obj
 .ARM.attributes
                0x0000000000000179       0x39 CMakeFiles/hello_world.dir/home/abhishek/udoo/udoo-neo_custom_linux/m4/FreeRTOS_BSP_1.0.1_iMX6SX/rtos/FreeRTOS/Source/list.c.obj
 .ARM.attributes
                0x00000000000001b2       0x39 CMakeFiles/hello_world.dir/home/abhishek/udoo/udoo-neo_custom_linux/m4/FreeRTOS_BSP_1.0.1_iMX6SX/rtos/FreeRTOS/Source/queue.c.obj
 .ARM.attributes
                0x00000000000001eb       0x39 CMakeFiles/hello_world.dir/home/abhishek/udoo/udoo-neo_custom_linux/m4/FreeRTOS_BSP_1.0.1_iMX6SX/rtos/FreeRTOS/Source/tasks.c.obj
 .ARM.attributes
                0x0000000000000224       0x39 CMakeFiles/hello_world.dir/home/abhishek/udoo/udoo-neo_custom_linux/m4/FreeRTOS_BSP_1.0.1_iMX6SX/rtos/FreeRTOS/Source/timers.c.obj
 .ARM.attributes
                0x000000000000025d       0x39 CMakeFiles/hello_world.dir/home/abhishek/udoo/udoo-neo_custom_linux/m4/FreeRTOS_BSP_1.0.1_iMX6SX/platform/utilities/src/debug_console_imx.c.obj
 .ARM.attributes
                0x0000000000000296       0x39 CMakeFiles/hello_world.dir/home/abhishek/udoo/udoo-neo_custom_linux/m4/FreeRTOS_BSP_1.0.1_iMX6SX/platform/utilities/src/print_scan.c.obj
 .ARM.attributes
                0x00000000000002cf       0x39 CMakeFiles/hello_world.dir/home/abhishek/udoo/udoo-neo_custom_linux/m4/FreeRTOS_BSP_1.0.1_iMX6SX/platform/devices/MCIMX6X/startup/system_MCIMX6X_M4.c.obj
 .ARM.attributes
                0x0000000000000308       0x39 CMakeFiles/hello_world.dir/home/abhishek/udoo/udoo-neo_custom_linux/m4/FreeRTOS_BSP_1.0.1_iMX6SX/examples/imx6sx_sdb_m4/pin_mux.c.obj
 .ARM.attributes
                0x0000000000000341       0x39 CMakeFiles/hello_world.dir/home/abhishek/udoo/udoo-neo_custom_linux/m4/FreeRTOS_BSP_1.0.1_iMX6SX/examples/imx6sx_sdb_m4/board.c.obj
 .ARM.attributes
                0x000000000000037a       0x39 CMakeFiles/hello_world.dir/home/abhishek/udoo/udoo-neo_custom_linux/m4/FreeRTOS_BSP_1.0.1_iMX6SX/examples/imx6sx_sdb_m4/demo_apps/hello_world/hardware_init.c.obj
 .ARM.attributes
                0x00000000000003b3       0x34 /home/abhishek/udoo/udoo-neo_custom_linux/m4/gcc-arm-none-eabi-7-2018-q2-update-linux/gcc-arm-none-eabi-7-2018-q2-update/bin/../lib/gcc/arm-none-eabi/7.3.1/../../../../arm-none-eabi/lib/thumb/v7e-m/fpv4-sp/hard/libc_nano.a(lib_a-assert.o)
 .ARM.attributes
                0x00000000000003e7       0x34 /home/abhishek/udoo/udoo-neo_custom_linux/m4/gcc-arm-none-eabi-7-2018-q2-update-linux/gcc-arm-none-eabi-7-2018-q2-update/bin/../lib/gcc/arm-none-eabi/7.3.1/../../../../arm-none-eabi/lib/thumb/v7e-m/fpv4-sp/hard/libc_nano.a(lib_a-exit.o)
 .ARM.attributes
                0x000000000000041b       0x34 /home/abhishek/udoo/udoo-neo_custom_linux/m4/gcc-arm-none-eabi-7-2018-q2-update-linux/gcc-arm-none-eabi-7-2018-q2-update/bin/../lib/gcc/arm-none-eabi/7.3.1/../../../../arm-none-eabi/lib/thumb/v7e-m/fpv4-sp/hard/libc_nano.a(lib_a-fprintf.o)
 .ARM.attributes
                0x000000000000044f       0x34 /home/abhishek/udoo/udoo-neo_custom_linux/m4/gcc-arm-none-eabi-7-2018-q2-update-linux/gcc-arm-none-eabi-7-2018-q2-update/bin/../lib/gcc/arm-none-eabi/7.3.1/../../../../arm-none-eabi/lib/thumb/v7e-m/fpv4-sp/hard/libc_nano.a(lib_a-impure.o)
 .ARM.attributes
                0x0000000000000483       0x34 /home/abhishek/udoo/udoo-neo_custom_linux/m4/gcc-arm-none-eabi-7-2018-q2-update-linux/gcc-arm-none-eabi-7-2018-q2-update/bin/../lib/gcc/arm-none-eabi/7.3.1/../../../../arm-none-eabi/lib/thumb/v7e-m/fpv4-sp/hard/libc_nano.a(lib_a-init.o)
 .ARM.attributes
                0x00000000000004b7       0x34 /home/abhishek/udoo/udoo-neo_custom_linux/m4/gcc-arm-none-eabi-7-2018-q2-update-linux/gcc-arm-none-eabi-7-2018-q2-update/bin/../lib/gcc/arm-none-eabi/7.3.1/../../../../arm-none-eabi/lib/thumb/v7e-m/fpv4-sp/hard/libc_nano.a(lib_a-memcpy-stub.o)
 .ARM.attributes
                0x00000000000004eb       0x34 /home/abhishek/udoo/udoo-neo_custom_linux/m4/gcc-arm-none-eabi-7-2018-q2-update-linux/gcc-arm-none-eabi-7-2018-q2-update/bin/../lib/gcc/arm-none-eabi/7.3.1/../../../../arm-none-eabi/lib/thumb/v7e-m/fpv4-sp/hard/libc_nano.a(lib_a-memset.o)
 .ARM.attributes
                0x000000000000051f       0x34 /home/abhishek/udoo/udoo-neo_custom_linux/m4/gcc-arm-none-eabi-7-2018-q2-update-linux/gcc-arm-none-eabi-7-2018-q2-update/bin/../lib/gcc/arm-none-eabi/7.3.1/../../../../arm-none-eabi/lib/thumb/v7e-m/fpv4-sp/hard/libc_nano.a(lib_a-nano-vfprintf.o)
 .ARM.attributes
                0x0000000000000553       0x34 /home/abhishek/udoo/udoo-neo_custom_linux/m4/gcc-arm-none-eabi-7-2018-q2-update-linux/gcc-arm-none-eabi-7-2018-q2-update/bin/../lib/gcc/arm-none-eabi/7.3.1/../../../../arm-none-eabi/lib/thumb/v7e-m/fpv4-sp/hard/libc_nano.a(lib_a-nano-vfprintf_i.o)
 .ARM.attributes
                0x0000000000000587       0x1b /home/abhishek/udoo/udoo-neo_custom_linux/m4/gcc-arm-none-eabi-7-2018-q2-update-linux/gcc-arm-none-eabi-7-2018-q2-update/bin/../lib/gcc/arm-none-eabi/7.3.1/../../../../arm-none-eabi/lib/thumb/v7e-m/fpv4-sp/hard/libc_nano.a(lib_a-strlen.o)
 .ARM.attributes
                0x00000000000005a2       0x34 /home/abhishek/udoo/udoo-neo_custom_linux/m4/gcc-arm-none-eabi-7-2018-q2-update-linux/gcc-arm-none-eabi-7-2018-q2-update/bin/../lib/gcc/arm-none-eabi/7.3.1/../../../../arm-none-eabi/lib/thumb/v7e-m/fpv4-sp/hard/libc_nano.a(lib_a-wbuf.o)
 .ARM.attributes
                0x00000000000005d6       0x34 /home/abhishek/udoo/udoo-neo_custom_linux/m4/gcc-arm-none-eabi-7-2018-q2-update-linux/gcc-arm-none-eabi-7-2018-q2-update/bin/../lib/gcc/arm-none-eabi/7.3.1/../../../../arm-none-eabi/lib/thumb/v7e-m/fpv4-sp/hard/libc_nano.a(lib_a-wsetup.o)
 .ARM.attributes
                0x000000000000060a       0x34 /home/abhishek/udoo/udoo-neo_custom_linux/m4/gcc-arm-none-eabi-7-2018-q2-update-linux/gcc-arm-none-eabi-7-2018-q2-update/bin/../lib/gcc/arm-none-eabi/7.3.1/../../../../arm-none-eabi/lib/thumb/v7e-m/fpv4-sp/hard/libc_nano.a(lib_a-abort.o)
 .ARM.attributes
                0x000000000000063e       0x34 /home/abhishek/udoo/udoo-neo_custom_linux/m4/gcc-arm-none-eabi-7-2018-q2-update-linux/gcc-arm-none-eabi-7-2018-q2-update/bin/../lib/gcc/arm-none-eabi/7.3.1/../../../../arm-none-eabi/lib/thumb/v7e-m/fpv4-sp/hard/libc_nano.a(lib_a-fflush.o)
 .ARM.attributes
                0x0000000000000672       0x34 /home/abhishek/udoo/udoo-neo_custom_linux/m4/gcc-arm-none-eabi-7-2018-q2-update-linux/gcc-arm-none-eabi-7-2018-q2-update/bin/../lib/gcc/arm-none-eabi/7.3.1/../../../../arm-none-eabi/lib/thumb/v7e-m/fpv4-sp/hard/libc_nano.a(lib_a-findfp.o)
 .ARM.attributes
                0x00000000000006a6       0x34 /home/abhishek/udoo/udoo-neo_custom_linux/m4/gcc-arm-none-eabi-7-2018-q2-update-linux/gcc-arm-none-eabi-7-2018-q2-update/bin/../lib/gcc/arm-none-eabi/7.3.1/../../../../arm-none-eabi/lib/thumb/v7e-m/fpv4-sp/hard/libc_nano.a(lib_a-fwalk.o)
 .ARM.attributes
                0x00000000000006da       0x34 /home/abhishek/udoo/udoo-neo_custom_linux/m4/gcc-arm-none-eabi-7-2018-q2-update-linux/gcc-arm-none-eabi-7-2018-q2-update/bin/../lib/gcc/arm-none-eabi/7.3.1/../../../../arm-none-eabi/lib/thumb/v7e-m/fpv4-sp/hard/libc_nano.a(lib_a-makebuf.o)
 .ARM.attributes
                0x000000000000070e       0x20 /home/abhishek/udoo/udoo-neo_custom_linux/m4/gcc-arm-none-eabi-7-2018-q2-update-linux/gcc-arm-none-eabi-7-2018-q2-update/bin/../lib/gcc/arm-none-eabi/7.3.1/../../../../arm-none-eabi/lib/thumb/v7e-m/fpv4-sp/hard/libc_nano.a(lib_a-memchr.o)
 .ARM.attributes
                0x000000000000072e       0x34 /home/abhishek/udoo/udoo-neo_custom_linux/m4/gcc-arm-none-eabi-7-2018-q2-update-linux/gcc-arm-none-eabi-7-2018-q2-update/bin/../lib/gcc/arm-none-eabi/7.3.1/../../../../arm-none-eabi/lib/thumb/v7e-m/fpv4-sp/hard/libc_nano.a(lib_a-nano-freer.o)
 .ARM.attributes
                0x0000000000000762       0x34 /home/abhishek/udoo/udoo-neo_custom_linux/m4/gcc-arm-none-eabi-7-2018-q2-update-linux/gcc-arm-none-eabi-7-2018-q2-update/bin/../lib/gcc/arm-none-eabi/7.3.1/../../../../arm-none-eabi/lib/thumb/v7e-m/fpv4-sp/hard/libc_nano.a(lib_a-nano-mallocr.o)
 .ARM.attributes
                0x0000000000000796       0x34 /home/abhishek/udoo/udoo-neo_custom_linux/m4/gcc-arm-none-eabi-7-2018-q2-update-linux/gcc-arm-none-eabi-7-2018-q2-update/bin/../lib/gcc/arm-none-eabi/7.3.1/../../../../arm-none-eabi/lib/thumb/v7e-m/fpv4-sp/hard/libc_nano.a(lib_a-sbrkr.o)
 .ARM.attributes
                0x00000000000007ca       0x34 /home/abhishek/udoo/udoo-neo_custom_linux/m4/gcc-arm-none-eabi-7-2018-q2-update-linux/gcc-arm-none-eabi-7-2018-q2-update/bin/../lib/gcc/arm-none-eabi/7.3.1/../../../../arm-none-eabi/lib/thumb/v7e-m/fpv4-sp/hard/libc_nano.a(lib_a-signal.o)
 .ARM.attributes
                0x00000000000007fe       0x34 /home/abhishek/udoo/udoo-neo_custom_linux/m4/gcc-arm-none-eabi-7-2018-q2-update-linux/gcc-arm-none-eabi-7-2018-q2-update/bin/../lib/gcc/arm-none-eabi/7.3.1/../../../../arm-none-eabi/lib/thumb/v7e-m/fpv4-sp/hard/libc_nano.a(lib_a-signalr.o)
 .ARM.attributes
                0x0000000000000832       0x34 /home/abhishek/udoo/udoo-neo_custom_linux/m4/gcc-arm-none-eabi-7-2018-q2-update-linux/gcc-arm-none-eabi-7-2018-q2-update/bin/../lib/gcc/arm-none-eabi/7.3.1/../../../../arm-none-eabi/lib/thumb/v7e-m/fpv4-sp/hard/libc_nano.a(lib_a-stdio.o)
 .ARM.attributes
                0x0000000000000866       0x34 /home/abhishek/udoo/udoo-neo_custom_linux/m4/gcc-arm-none-eabi-7-2018-q2-update-linux/gcc-arm-none-eabi-7-2018-q2-update/bin/../lib/gcc/arm-none-eabi/7.3.1/../../../../arm-none-eabi/lib/thumb/v7e-m/fpv4-sp/hard/libc_nano.a(lib_a-writer.o)
 .ARM.attributes
                0x000000000000089a       0x34 /home/abhishek/udoo/udoo-neo_custom_linux/m4/gcc-arm-none-eabi-7-2018-q2-update-linux/gcc-arm-none-eabi-7-2018-q2-update/bin/../lib/gcc/arm-none-eabi/7.3.1/../../../../arm-none-eabi/lib/thumb/v7e-m/fpv4-sp/hard/libc_nano.a(lib_a-closer.o)
 .ARM.attributes
                0x00000000000008ce       0x34 /home/abhishek/udoo/udoo-neo_custom_linux/m4/gcc-arm-none-eabi-7-2018-q2-update-linux/gcc-arm-none-eabi-7-2018-q2-update/bin/../lib/gcc/arm-none-eabi/7.3.1/../../../../arm-none-eabi/lib/thumb/v7e-m/fpv4-sp/hard/libc_nano.a(lib_a-fstatr.o)
 .ARM.attributes
                0x0000000000000902       0x34 /home/abhishek/udoo/udoo-neo_custom_linux/m4/gcc-arm-none-eabi-7-2018-q2-update-linux/gcc-arm-none-eabi-7-2018-q2-update/bin/../lib/gcc/arm-none-eabi/7.3.1/../../../../arm-none-eabi/lib/thumb/v7e-m/fpv4-sp/hard/libc_nano.a(lib_a-isattyr.o)
 .ARM.attributes
                0x0000000000000936       0x34 /home/abhishek/udoo/udoo-neo_custom_linux/m4/gcc-arm-none-eabi-7-2018-q2-update-linux/gcc-arm-none-eabi-7-2018-q2-update/bin/../lib/gcc/arm-none-eabi/7.3.1/../../../../arm-none-eabi/lib/thumb/v7e-m/fpv4-sp/hard/libc_nano.a(lib_a-lseekr.o)
 .ARM.attributes
                0x000000000000096a       0x34 /home/abhishek/udoo/udoo-neo_custom_linux/m4/gcc-arm-none-eabi-7-2018-q2-update-linux/gcc-arm-none-eabi-7-2018-q2-update/bin/../lib/gcc/arm-none-eabi/7.3.1/../../../../arm-none-eabi/lib/thumb/v7e-m/fpv4-sp/hard/libc_nano.a(lib_a-mlock.o)
 .ARM.attributes
                0x000000000000099e       0x34 /home/abhishek/udoo/udoo-neo_custom_linux/m4/gcc-arm-none-eabi-7-2018-q2-update-linux/gcc-arm-none-eabi-7-2018-q2-update/bin/../lib/gcc/arm-none-eabi/7.3.1/../../../../arm-none-eabi/lib/thumb/v7e-m/fpv4-sp/hard/libc_nano.a(lib_a-readr.o)
 .ARM.attributes
                0x00000000000009d2       0x34 /home/abhishek/udoo/udoo-neo_custom_linux/m4/gcc-arm-none-eabi-7-2018-q2-update-linux/gcc-arm-none-eabi-7-2018-q2-update/bin/../lib/gcc/arm-none-eabi/7.3.1/../../../../arm-none-eabi/lib/thumb/v7e-m/fpv4-sp/hard/libc_nano.a(lib_a-reent.o)
 .ARM.attributes
                0x0000000000000a06       0x34 /home/abhishek/udoo/udoo-neo_custom_linux/m4/gcc-arm-none-eabi-7-2018-q2-update-linux/gcc-arm-none-eabi-7-2018-q2-update/bin/../lib/gcc/arm-none-eabi/7.3.1/../../../../arm-none-eabi/lib/thumb/v7e-m/fpv4-sp/hard/libnosys.a(close.o)
 .ARM.attributes
                0x0000000000000a3a       0x34 /home/abhishek/udoo/udoo-neo_custom_linux/m4/gcc-arm-none-eabi-7-2018-q2-update-linux/gcc-arm-none-eabi-7-2018-q2-update/bin/../lib/gcc/arm-none-eabi/7.3.1/../../../../arm-none-eabi/lib/thumb/v7e-m/fpv4-sp/hard/libnosys.a(fstat.o)
 .ARM.attributes
                0x0000000000000a6e       0x34 /home/abhishek/udoo/udoo-neo_custom_linux/m4/gcc-arm-none-eabi-7-2018-q2-update-linux/gcc-arm-none-eabi-7-2018-q2-update/bin/../lib/gcc/arm-none-eabi/7.3.1/../../../../arm-none-eabi/lib/thumb/v7e-m/fpv4-sp/hard/libnosys.a(getpid.o)
 .ARM.attributes
                0x0000000000000aa2       0x34 /home/abhishek/udoo/udoo-neo_custom_linux/m4/gcc-arm-none-eabi-7-2018-q2-update-linux/gcc-arm-none-eabi-7-2018-q2-update/bin/../lib/gcc/arm-none-eabi/7.3.1/../../../../arm-none-eabi/lib/thumb/v7e-m/fpv4-sp/hard/libnosys.a(isatty.o)
 .ARM.attributes
                0x0000000000000ad6       0x34 /home/abhishek/udoo/udoo-neo_custom_linux/m4/gcc-arm-none-eabi-7-2018-q2-update-linux/gcc-arm-none-eabi-7-2018-q2-update/bin/../lib/gcc/arm-none-eabi/7.3.1/../../../../arm-none-eabi/lib/thumb/v7e-m/fpv4-sp/hard/libnosys.a(kill.o)
 .ARM.attributes
                0x0000000000000b0a       0x34 /home/abhishek/udoo/udoo-neo_custom_linux/m4/gcc-arm-none-eabi-7-2018-q2-update-linux/gcc-arm-none-eabi-7-2018-q2-update/bin/../lib/gcc/arm-none-eabi/7.3.1/../../../../arm-none-eabi/lib/thumb/v7e-m/fpv4-sp/hard/libnosys.a(lseek.o)
 .ARM.attributes
                0x0000000000000b3e       0x34 /home/abhishek/udoo/udoo-neo_custom_linux/m4/gcc-arm-none-eabi-7-2018-q2-update-linux/gcc-arm-none-eabi-7-2018-q2-update/bin/../lib/gcc/arm-none-eabi/7.3.1/../../../../arm-none-eabi/lib/thumb/v7e-m/fpv4-sp/hard/libnosys.a(sbrk.o)
 .ARM.attributes
                0x0000000000000b72       0x34 /home/abhishek/udoo/udoo-neo_custom_linux/m4/gcc-arm-none-eabi-7-2018-q2-update-linux/gcc-arm-none-eabi-7-2018-q2-update/bin/../lib/gcc/arm-none-eabi/7.3.1/../../../../arm-none-eabi/lib/thumb/v7e-m/fpv4-sp/hard/libnosys.a(_exit.o)
 .ARM.attributes
                0x0000000000000ba6       0x22 /home/abhishek/udoo/udoo-neo_custom_linux/m4/gcc-arm-none-eabi-7-2018-q2-update-linux/gcc-arm-none-eabi-7-2018-q2-update/bin/../lib/gcc/arm-none-eabi/7.3.1/thumb/v7e-m/fpv4-sp/hard/crtn.o
                0x0000000000000001                ASSERT ((__StackLimit >= __HeapLimit), region m_data overflowed with stack and heap)
OUTPUT(release/hello_world.elf elf32-littlearm)

.comment        0x0000000000000000       0x7f